Archive member included to satisfy reference by file (symbol)

c:/program files (x86)/atmel/studio/7.0/toolchain/arm/arm-gnu-toolchain/bin/../lib/gcc/arm-none-eabi/6.3.1/thumb/v6-m\libgcc.a(_udivsi3.o)
                              hal/src/hal_flash.o (__aeabi_uidiv)
c:/program files (x86)/atmel/studio/7.0/toolchain/arm/arm-gnu-toolchain/bin/../lib/gcc/arm-none-eabi/6.3.1/thumb/v6-m\libgcc.a(_dvmd_tls.o)
                              c:/program files (x86)/atmel/studio/7.0/toolchain/arm/arm-gnu-toolchain/bin/../lib/gcc/arm-none-eabi/6.3.1/thumb/v6-m\libgcc.a(_udivsi3.o) (__aeabi_idiv0)
c:/program files (x86)/atmel/studio/7.0/toolchain/arm/arm-gnu-toolchain/bin/../lib/gcc/arm-none-eabi/6.3.1/thumb/v6-m\libgcc.a(_aeabi_uldivmod.o)
                              hpl/sercom/hpl_sercom.o (__aeabi_uldivmod)
c:/program files (x86)/atmel/studio/7.0/toolchain/arm/arm-gnu-toolchain/bin/../lib/gcc/arm-none-eabi/6.3.1/thumb/v6-m\libgcc.a(_muldi3.o)
                              hpl/sercom/hpl_sercom.o (__aeabi_lmul)
c:/program files (x86)/atmel/studio/7.0/toolchain/arm/arm-gnu-toolchain/bin/../lib/gcc/arm-none-eabi/6.3.1/thumb/v6-m\libgcc.a(_fixunsdfsi.o)
                              hpl/sercom/hpl_sercom.o (__aeabi_d2uiz)
c:/program files (x86)/atmel/studio/7.0/toolchain/arm/arm-gnu-toolchain/bin/../lib/gcc/arm-none-eabi/6.3.1/thumb/v6-m\libgcc.a(_udivmoddi4.o)
                              c:/program files (x86)/atmel/studio/7.0/toolchain/arm/arm-gnu-toolchain/bin/../lib/gcc/arm-none-eabi/6.3.1/thumb/v6-m\libgcc.a(_aeabi_uldivmod.o) (__udivmoddi4)
c:/program files (x86)/atmel/studio/7.0/toolchain/arm/arm-gnu-toolchain/bin/../lib/gcc/arm-none-eabi/6.3.1/thumb/v6-m\libgcc.a(divdf3.o)
                              hpl/sercom/hpl_sercom.o (__aeabi_ddiv)
c:/program files (x86)/atmel/studio/7.0/toolchain/arm/arm-gnu-toolchain/bin/../lib/gcc/arm-none-eabi/6.3.1/thumb/v6-m\libgcc.a(muldf3.o)
                              hpl/sercom/hpl_sercom.o (__aeabi_dmul)
c:/program files (x86)/atmel/studio/7.0/toolchain/arm/arm-gnu-toolchain/bin/../lib/gcc/arm-none-eabi/6.3.1/thumb/v6-m\libgcc.a(subdf3.o)
                              hpl/sercom/hpl_sercom.o (__aeabi_dsub)
c:/program files (x86)/atmel/studio/7.0/toolchain/arm/arm-gnu-toolchain/bin/../lib/gcc/arm-none-eabi/6.3.1/thumb/v6-m\libgcc.a(fixdfsi.o)
                              c:/program files (x86)/atmel/studio/7.0/toolchain/arm/arm-gnu-toolchain/bin/../lib/gcc/arm-none-eabi/6.3.1/thumb/v6-m\libgcc.a(_fixunsdfsi.o) (__aeabi_d2iz)
c:/program files (x86)/atmel/studio/7.0/toolchain/arm/arm-gnu-toolchain/bin/../lib/gcc/arm-none-eabi/6.3.1/thumb/v6-m\libgcc.a(floatsidf.o)
                              hpl/sercom/hpl_sercom.o (__aeabi_i2d)
c:/program files (x86)/atmel/studio/7.0/toolchain/arm/arm-gnu-toolchain/bin/../lib/gcc/arm-none-eabi/6.3.1/thumb/v6-m\libgcc.a(floatunsidf.o)
                              hpl/sercom/hpl_sercom.o (__aeabi_ui2d)
c:/program files (x86)/atmel/studio/7.0/toolchain/arm/arm-gnu-toolchain/bin/../lib/gcc/arm-none-eabi/6.3.1/thumb/v6-m\libgcc.a(_arm_cmpdf2.o)
                              c:/program files (x86)/atmel/studio/7.0/toolchain/arm/arm-gnu-toolchain/bin/../lib/gcc/arm-none-eabi/6.3.1/thumb/v6-m\libgcc.a(_fixunsdfsi.o) (__aeabi_dcmpge)
c:/program files (x86)/atmel/studio/7.0/toolchain/arm/arm-gnu-toolchain/bin/../lib/gcc/arm-none-eabi/6.3.1/thumb/v6-m\libgcc.a(_clzsi2.o)
                              c:/program files (x86)/atmel/studio/7.0/toolchain/arm/arm-gnu-toolchain/bin/../lib/gcc/arm-none-eabi/6.3.1/thumb/v6-m\libgcc.a(divdf3.o) (__clzsi2)
c:/program files (x86)/atmel/studio/7.0/toolchain/arm/arm-gnu-toolchain/bin/../lib/gcc/arm-none-eabi/6.3.1/thumb/v6-m\libgcc.a(_clzdi2.o)
                              c:/program files (x86)/atmel/studio/7.0/toolchain/arm/arm-gnu-toolchain/bin/../lib/gcc/arm-none-eabi/6.3.1/thumb/v6-m\libgcc.a(_udivmoddi4.o) (__clzdi2)
c:/program files (x86)/atmel/studio/7.0/toolchain/arm/arm-gnu-toolchain/bin/../lib/gcc/arm-none-eabi/6.3.1/thumb/v6-m\libgcc.a(eqdf2.o)
                              c:/program files (x86)/atmel/studio/7.0/toolchain/arm/arm-gnu-toolchain/bin/../lib/gcc/arm-none-eabi/6.3.1/thumb/v6-m\libgcc.a(_arm_cmpdf2.o) (__eqdf2)
c:/program files (x86)/atmel/studio/7.0/toolchain/arm/arm-gnu-toolchain/bin/../lib/gcc/arm-none-eabi/6.3.1/thumb/v6-m\libgcc.a(gedf2.o)
                              c:/program files (x86)/atmel/studio/7.0/toolchain/arm/arm-gnu-toolchain/bin/../lib/gcc/arm-none-eabi/6.3.1/thumb/v6-m\libgcc.a(_arm_cmpdf2.o) (__gedf2)
c:/program files (x86)/atmel/studio/7.0/toolchain/arm/arm-gnu-toolchain/bin/../lib/gcc/arm-none-eabi/6.3.1/thumb/v6-m\libgcc.a(ledf2.o)
                              c:/program files (x86)/atmel/studio/7.0/toolchain/arm/arm-gnu-toolchain/bin/../lib/gcc/arm-none-eabi/6.3.1/thumb/v6-m\libgcc.a(_arm_cmpdf2.o) (__ledf2)
[...]
Memory Configuration

Name             Origin             Length             Attributes
rom              0x00000000         0x00040000         xr
ram              0x20000000         0x00008000         xrw
lpram            0x30000000         0x00002000         xrw
*default*        0x00000000         0xffffffff

Linker script and memory map

LOAD c:/program files (x86)/atmel/studio/7.0/toolchain/arm/arm-gnu-toolchain/bin/../lib/gcc/arm-none-eabi/6.3.1/thumb/v6-m/crti.o
LOAD c:/program files (x86)/atmel/studio/7.0/toolchain/arm/arm-gnu-toolchain/bin/../lib/gcc/arm-none-eabi/6.3.1/thumb/v6-m/crtbegin.o
LOAD c:/program files (x86)/atmel/studio/7.0/toolchain/arm/arm-gnu-toolchain/bin/../lib/gcc/arm-none-eabi/6.3.1/../../../../arm-none-eabi/lib/thumb/v6-m/crt0.o
LOAD atmel_start.o
LOAD Device_Startup/startup_saml21.o
LOAD Device_Startup/system_saml21.o
LOAD driver_init.o
LOAD examples/driver_examples.o
LOAD gpio_init.o
LOAD hal/src/hal_atomic.o
LOAD hal/src/hal_delay.o
LOAD hal/src/hal_flash.o
LOAD hal/src/hal_gpio.o
LOAD hal/src/hal_init.o
LOAD hal/src/hal_io.o
LOAD hal/src/hal_sleep.o
LOAD hal/src/hal_usart_sync.o
LOAD hal/utils/src/utils_assert.o
LOAD hal/utils/src/utils_event.o
LOAD hal/utils/src/utils_list.o
LOAD hal/utils/src/utils_syscalls.o
LOAD hpl/core/hpl_core_m0plus_base.o
LOAD hpl/core/hpl_init.o
LOAD hpl/dmac/hpl_dmac.o
LOAD hpl/gclk/hpl_gclk.o
LOAD hpl/mclk/hpl_mclk.o
LOAD hpl/nvmctrl/hpl_nvmctrl.o
LOAD hpl/osc32kctrl/hpl_osc32kctrl.o
LOAD hpl/oscctrl/hpl_oscctrl.o
LOAD hpl/pm/hpl_pm.o
LOAD hpl/sercom/hpl_sercom.o
LOAD hpl/systick/hpl_systick.o
LOAD main.o
LOAD wolfcrypt/src/aes.o
LOAD wolfcrypt/src/error.o
LOAD wolfcrypt/src/hash.o
LOAD wolfcrypt/src/logging.o
LOAD wolfcrypt/src/memory.o
LOAD wolfcrypt/src/misc.o
LOAD wolfcrypt/src/sp_cortexm.o
LOAD wolfcrypt/src/tfm.o
LOAD wolfcrypt/src/wc_encrypt.o
LOAD wolfcrypt/src/wc_port.o
START GROUP
LOAD c:/program files (x86)/atmel/studio/7.0/toolchain/arm/arm-gnu-toolchain/bin/../lib/gcc/arm-none-eabi/6.3.1/../../../../arm-none-eabi/lib/thumb/v6-m\libm.a
END GROUP
START GROUP
LOAD c:/program files (x86)/atmel/studio/7.0/toolchain/arm/arm-gnu-toolchain/bin/../lib/gcc/arm-none-eabi/6.3.1/thumb/v6-m\libgcc.a
LOAD c:/program files (x86)/atmel/studio/7.0/toolchain/arm/arm-gnu-toolchain/bin/../lib/gcc/arm-none-eabi/6.3.1/../../../../arm-none-eabi/lib/thumb/v6-m\libc_nano.a
END GROUP
START GROUP
LOAD c:/program files (x86)/atmel/studio/7.0/toolchain/arm/arm-gnu-toolchain/bin/../lib/gcc/arm-none-eabi/6.3.1/thumb/v6-m\libgcc.a
LOAD c:/program files (x86)/atmel/studio/7.0/toolchain/arm/arm-gnu-toolchain/bin/../lib/gcc/arm-none-eabi/6.3.1/../../../../arm-none-eabi/lib/thumb/v6-m\libc_nano.a
END GROUP
LOAD c:/program files (x86)/atmel/studio/7.0/toolchain/arm/arm-gnu-toolchain/bin/../lib/gcc/arm-none-eabi/6.3.1/thumb/v6-m/crtend.o
LOAD c:/program files (x86)/atmel/studio/7.0/toolchain/arm/arm-gnu-toolchain/bin/../lib/gcc/arm-none-eabi/6.3.1/thumb/v6-m/crtn.o
                0x00002000                STACK_SIZE = DEFINED (STACK_SIZE)?STACK_SIZE:DEFINED (__stack_size__)?__stack_size__:0x2000

.text           0x00000000     0x42cc
                0x00000000                . = ALIGN (0x4)
                0x00000000                _sfixed = .
 *(.vectors .vectors.*)
 .vectors       0x00000000       0xb4 Device_Startup/startup_saml21.o
                0x00000000                exception_table
 *(.text .text.* .gnu.linkonce.t.*)
 .text          0x000000b4       0x60 c:/program files (x86)/atmel/studio/7.0/toolchain/arm/arm-gnu-toolchain/bin/../lib/gcc/arm-none-eabi/6.3.1/thumb/v6-m/crtbegin.o
 .text.atmel_start_init
                0x00000114       0x14 atmel_start.o
                0x00000114                atmel_start_init
 .text.Dummy_Handler
                0x00000128        0x2 Device_Startup/startup_saml21.o
                0x00000128                SVCall_Handler
                0x00000128                DMAC_Handler
                0x00000128                TRNG_Handler
                0x00000128                HardFault_Handler
                0x00000128                TC2_Handler
                0x00000128                AC_Handler
                0x00000128                SysTick_Handler
                0x00000128                PendSV_Handler
                0x00000128                SERCOM1_Handler
                0x00000128                ADC_Handler
                0x00000128                NonMaskableInt_Handler
                0x00000128                TCC1_Handler
                0x00000128                SERCOM2_Handler
                0x00000128                TCC0_Handler
                0x00000128                RTC_Handler
                0x00000128                EIC_Handler
                0x00000128                WDT_Handler
                0x00000128                TC4_Handler
                0x00000128                TC1_Handler
                0x00000128                USB_Handler
                0x00000128                TC3_Handler
                0x00000128                Dummy_Handler
                0x00000128                SERCOM5_Handler
                0x00000128                TCC2_Handler
                0x00000128                EVSYS_Handler
                0x00000128                SERCOM3_Handler
                0x00000128                SERCOM4_Handler
                0x00000128                SYSTEM_Handler
                0x00000128                SERCOM0_Handler
                0x00000128                DAC_Handler
                0x00000128                PTC_Handler
                0x00000128                TC0_Handler
                0x00000128                AES_Handler
 *fill*         0x0000012a        0x2 
 .text.Reset_Handler
                0x0000012c       0x98 Device_Startup/startup_saml21.o
                0x0000012c                Reset_Handler
 .text.FLASH_0_CLOCK_init
                0x000001c4       0x14 driver_init.o
                0x000001c4                FLASH_0_CLOCK_init
 .text.FLASH_0_init
                0x000001d8       0x20 driver_init.o
                0x000001d8                FLASH_0_init
 .text.USART_0_PORT_init
                0x000001f8       0x40 driver_init.o
                0x000001f8                USART_0_PORT_init
 .text.USART_0_CLOCK_init
                0x00000238       0x24 driver_init.o
                0x00000238                USART_0_CLOCK_init
 .text.USART_0_init
                0x0000025c       0x2c driver_init.o
                0x0000025c                USART_0_init
 .text.delay_driver_init
                0x00000288       0x14 driver_init.o
                0x00000288                delay_driver_init
 .text.system_init
                0x0000029c       0x54 driver_init.o
                0x0000029c                system_init
 .text.gpio_init
                0x000002f0       0xb8 gpio_init.o
                0x000002f0                gpio_init
 .text.delay_init
                0x000003a8       0x14 hal/src/hal_delay.o
                0x000003a8                delay_init
 .text.delay_ms
                0x000003bc       0x20 hal/src/hal_delay.o
                0x000003bc                delay_ms
 .text.flash_ready
                0x000003dc        0xc hal/src/hal_flash.o
 .text.flash_error
                0x000003e8        0xc hal/src/hal_flash.o
 .text.flash_init
                0x000003f4       0x48 hal/src/hal_flash.o
                0x000003f4                flash_init
 .text.usart_sync_write
                0x0000043c       0x7c hal/src/hal_usart_sync.o
 .text.usart_sync_read
                0x000004b8       0x68 hal/src/hal_usart_sync.o
 .text.usart_sync_init
                0x00000520       0x4c hal/src/hal_usart_sync.o
                0x00000520                usart_sync_init
 .text.usart_sync_enable
                0x0000056c       0x2c hal/src/hal_usart_sync.o
                0x0000056c                usart_sync_enable
 .text.usart_sync_get_io_descriptor
                0x00000598       0x2c hal/src/hal_usart_sync.o
                0x00000598                usart_sync_get_io_descriptor
 .text.assert   0x000005c4        0x8 hal/utils/src/utils_assert.o
                0x000005c4                assert
 .text._get_cycles_for_ms
                0x000005cc        0x8 hpl/core/hpl_core_m0plus_base.o
                0x000005cc                _get_cycles_for_ms
 .text._init_chip
                0x000005d4       0x44 hpl/core/hpl_init.o
                0x000005d4                _init_chip
 .text._gclk_init_generators_by_fref
                0x00000618       0x24 hpl/gclk/hpl_gclk.o
                0x00000618                _gclk_init_generators_by_fref
 .text._mclk_init
                0x0000063c       0x14 hpl/mclk/hpl_mclk.o
                0x0000063c                _mclk_init
 .text._flash_program
                0x00000650       0x8c hpl/nvmctrl/hpl_nvmctrl.o
 .text._flash_init
                0x000006dc       0x60 hpl/nvmctrl/hpl_nvmctrl.o
                0x000006dc                _flash_init
 .text._flash_read
                0x0000073c       0x50 hpl/nvmctrl/hpl_nvmctrl.o
                0x0000073c                _flash_read
 .text.NVMCTRL_Handler
                0x0000078c       0x30 hpl/nvmctrl/hpl_nvmctrl.o
                0x0000078c                NVMCTRL_Handler
 .text._rww_flash_read
                0x000007bc       0x38 hpl/nvmctrl/hpl_nvmctrl.o
                0x000007bc                _rww_flash_read
 .text._rww_flash_write
                0x000007f4      0x14c hpl/nvmctrl/hpl_nvmctrl.o
                0x000007f4                _rww_flash_write
 .text._osc32kctrl_init_sources
                0x00000940       0x18 hpl/osc32kctrl/hpl_osc32kctrl.o
                0x00000940                _osc32kctrl_init_sources
 .text._oscctrl_init_sources
                0x00000958       0x38 hpl/oscctrl/hpl_oscctrl.o
                0x00000958                _oscctrl_init_sources
 .text._oscctrl_init_referenced_generators
                0x00000990        0x2 hpl/oscctrl/hpl_oscctrl.o
                0x00000990                _oscctrl_init_referenced_generators
 .text._set_performance_level
                0x00000992       0x2a hpl/pm/hpl_pm.o
                0x00000992                _set_performance_level
 .text._usart_init
                0x000009bc       0xa0 hpl/sercom/hpl_sercom.o
 .text._usart_sync_init
                0x00000a5c       0x2c hpl/sercom/hpl_sercom.o
                0x00000a5c                _usart_sync_init
 .text._usart_sync_enable
                0x00000a88       0x14 hpl/sercom/hpl_sercom.o
                0x00000a88                _usart_sync_enable
 .text._usart_sync_write_byte
                0x00000a9c        0x8 hpl/sercom/hpl_sercom.o
                0x00000a9c                _usart_sync_write_byte
 .text._usart_sync_read_byte
                0x00000aa4        0x8 hpl/sercom/hpl_sercom.o
                0x00000aa4                _usart_sync_read_byte
 .text._usart_sync_is_ready_to_send
                0x00000aac        0xa hpl/sercom/hpl_sercom.o
                0x00000aac                _usart_sync_is_ready_to_send
 .text._usart_sync_is_transmit_done
                0x00000ab6        0xa hpl/sercom/hpl_sercom.o
                0x00000ab6                _usart_sync_is_transmit_done
 .text._usart_sync_is_byte_received
                0x00000ac0        0xa hpl/sercom/hpl_sercom.o
                0x00000ac0                _usart_sync_is_byte_received
 *fill*         0x00000aca        0x2 
 .text._delay_init
                0x00000acc       0x14 hpl/systick/hpl_systick.o
                0x00000acc                _delay_init
 .text._delay_cycles
                0x00000ae0       0x54 hpl/systick/hpl_systick.o
                0x00000ae0                _delay_cycles
 .text.UART_EDBG_init
                0x00000b34       0x24 main.o
                0x00000b34                UART_EDBG_init
 .text.aes_measurement
                0x00000b58      0x2a4 main.o
                0x00000b58                aes_measurement
 .text.main     0x00000dfc       0x20 main.o
                0x00000dfc                main
 .text.wc_AesSetIV
                0x00000e1c       0x34 wolfcrypt/src/aes.o
                0x00000e1c                wc_AesSetIV
 .text.wc_AesSetKey
                0x00000e50      0x578 wolfcrypt/src/aes.o
                0x00000e50                wc_AesSetKey
 .text.wc_AesCbcEncrypt
                0x000013c8      0x654 wolfcrypt/src/aes.o
                0x000013c8                wc_AesCbcEncrypt
 .text.wc_AesCbcDecrypt
                0x00001a1c      0x560 wolfcrypt/src/aes.o
                0x00001a1c                wc_AesCbcDecrypt
 .text.__libc_init_array
                0x00001f7c       0x48 c:/program files (x86)/atmel/studio/7.0/toolchain/arm/arm-gnu-toolchain/bin/../lib/gcc/arm-none-eabi/6.3.1/../../../../arm-none-eabi/lib/thumb/v6-m\libc_nano.a(lib_a-init.o)
                0x00001f7c                __libc_init_array
 .text.free     0x00001fc4       0x14 c:/program files (x86)/atmel/studio/7.0/toolchain/arm/arm-gnu-toolchain/bin/../lib/gcc/arm-none-eabi/6.3.1/../../../../arm-none-eabi/lib/thumb/v6-m\libc_nano.a(lib_a-malloc.o)
                0x00001fc4                free
 .text.memcpy   0x00001fd8       0x12 c:/program files (x86)/atmel/studio/7.0/toolchain/arm/arm-gnu-toolchain/bin/../lib/gcc/arm-none-eabi/6.3.1/../../../../arm-none-eabi/lib/thumb/v6-m\libc_nano.a(lib_a-memcpy-stub.o)
                0x00001fd8                memcpy
 .text.memset   0x00001fea       0x10 c:/program files (x86)/atmel/studio/7.0/toolchain/arm/arm-gnu-toolchain/bin/../lib/gcc/arm-none-eabi/6.3.1/../../../../arm-none-eabi/lib/thumb/v6-m\libc_nano.a(lib_a-memset.o)
                0x00001fea                memset
 *fill*         0x00001ffa        0x2 
 .text._free_r  0x00001ffc       0x94 c:/program files (x86)/atmel/studio/7.0/toolchain/arm/arm-gnu-toolchain/bin/../lib/gcc/arm-none-eabi/6.3.1/../../../../arm-none-eabi/lib/thumb/v6-m\libc_nano.a(lib_a-nano-freer.o)
                0x00001ffc                _free_r
 .text.__malloc_lock
                0x00002090        0x2 c:/program files (x86)/atmel/studio/7.0/toolchain/arm/arm-gnu-toolchain/bin/../lib/gcc/arm-none-eabi/6.3.1/../../../../arm-none-eabi/lib/thumb/v6-m\libc_nano.a(lib_a-mlock.o)
                0x00002090                __malloc_lock
 .text.__malloc_unlock
                0x00002092        0x2 c:/program files (x86)/atmel/studio/7.0/toolchain/arm/arm-gnu-toolchain/bin/../lib/gcc/arm-none-eabi/6.3.1/../../../../arm-none-eabi/lib/thumb/v6-m\libc_nano.a(lib_a-mlock.o)
                0x00002092                __malloc_unlock
 *(.glue_7t)
 .glue_7t       0x00002094        0x0 linker stubs
 *(.glue_7)
 .glue_7        0x00002094        0x0 linker stubs
 *(.rodata .rodata* .gnu.linkonce.r.*)
 .rodata.str1.4
                0x00002094       0x17 hal/src/hal_flash.o
 *fill*         0x000020ab        0x1 
 .rodata.str1.4
                0x000020ac       0x1c hal/src/hal_usart_sync.o
 .rodata.str1.4
                0x000020c8       0x1d hpl/nvmctrl/hpl_nvmctrl.o
 *fill*         0x000020e5        0x3 
 .rodata.str1.4
                0x000020e8       0x1c hpl/sercom/hpl_sercom.o
                                 0x1b (size before relaxing)
 .rodata        0x00002104       0x20 main.o
 .rodata        0x00002124     0x2128 wolfcrypt/src/aes.o
 .rodata.__sf_fake_stderr
                0x0000424c       0x20 c:/program files (x86)/atmel/studio/7.0/toolchain/arm/arm-gnu-toolchain/bin/../lib/gcc/arm-none-eabi/6.3.1/../../../../arm-none-eabi/lib/thumb/v6-m\libc_nano.a(lib_a-findfp.o)
                0x0000424c                __sf_fake_stderr
 .rodata.__sf_fake_stdin
                0x0000426c       0x20 c:/program files (x86)/atmel/studio/7.0/toolchain/arm/arm-gnu-toolchain/bin/../lib/gcc/arm-none-eabi/6.3.1/../../../../arm-none-eabi/lib/thumb/v6-m\libc_nano.a(lib_a-findfp.o)
                0x0000426c                __sf_fake_stdin
 .rodata.__sf_fake_stdout
                0x0000428c       0x20 c:/program files (x86)/atmel/studio/7.0/toolchain/arm/arm-gnu-toolchain/bin/../lib/gcc/arm-none-eabi/6.3.1/../../../../arm-none-eabi/lib/thumb/v6-m\libc_nano.a(lib_a-findfp.o)
                0x0000428c                __sf_fake_stdout
 *(.ARM.extab* .gnu.linkonce.armextab.*)
                0x000042ac                . = ALIGN (0x4)
 *(.init)
 .init          0x000042ac        0x4 c:/program files (x86)/atmel/studio/7.0/toolchain/arm/arm-gnu-toolchain/bin/../lib/gcc/arm-none-eabi/6.3.1/thumb/v6-m/crti.o
                0x000042ac                _init
 .init          0x000042b0        0x8 c:/program files (x86)/atmel/studio/7.0/toolchain/arm/arm-gnu-toolchain/bin/../lib/gcc/arm-none-eabi/6.3.1/thumb/v6-m/crtn.o
                0x000042b8                . = ALIGN (0x4)
                0x000042b8                __preinit_array_start = .
 *(.preinit_array)
                0x000042b8                __preinit_array_end = .
                0x000042b8                . = ALIGN (0x4)
                0x000042b8                __init_array_start = .
 *(SORT(.init_array.*))
 *(.init_array)
 .init_array    0x000042b8        0x4 c:/program files (x86)/atmel/studio/7.0/toolchain/arm/arm-gnu-toolchain/bin/../lib/gcc/arm-none-eabi/6.3.1/thumb/v6-m/crtbegin.o
                0x000042bc                __init_array_end = .
                0x000042bc                . = ALIGN (0x4)
 *crtbegin.o(.ctors)
 *(EXCLUDE_FILE(*crtend.o) .ctors)
 *(SORT(.ctors.*))
 *crtend.o(.ctors)
                0x000042bc                . = ALIGN (0x4)
 *(.fini)
 .fini          0x000042bc        0x4 c:/program files (x86)/atmel/studio/7.0/toolchain/arm/arm-gnu-toolchain/bin/../lib/gcc/arm-none-eabi/6.3.1/thumb/v6-m/crti.o
                0x000042bc                _fini
 .fini          0x000042c0        0x8 c:/program files (x86)/atmel/studio/7.0/toolchain/arm/arm-gnu-toolchain/bin/../lib/gcc/arm-none-eabi/6.3.1/thumb/v6-m/crtn.o
                0x000042c8                . = ALIGN (0x4)
                0x000042c8                __fini_array_start = .
 *(.fini_array)
 .fini_array    0x000042c8        0x4 c:/program files (x86)/atmel/studio/7.0/toolchain/arm/arm-gnu-toolchain/bin/../lib/gcc/arm-none-eabi/6.3.1/thumb/v6-m/crtbegin.o
 *(SORT(.fini_array.*))
                0x000042cc                __fini_array_end = .
 *crtbegin.o(.dtors)
 *(EXCLUDE_FILE(*crtend.o) .dtors)
 *(SORT(.dtors.*))
 *crtend.o(.dtors)
                0x000042cc                . = ALIGN (0x4)
                0x000042cc                _efixed = .
                [!provide]                PROVIDE (__exidx_start, .)

.vfp11_veneer   0x000042cc        0x0
 .vfp11_veneer  0x000042cc        0x0 linker stubs

.v4_bx          0x000042cc        0x0
 .v4_bx         0x000042cc        0x0 linker stubs

.iplt           0x000042cc        0x0
 .iplt          0x000042cc        0x0 c:/program files (x86)/atmel/studio/7.0/toolchain/arm/arm-gnu-toolchain/bin/../lib/gcc/arm-none-eabi/6.3.1/thumb/v6-m/crtbegin.o

.eh_frame       0x000042cc        0x0
 .eh_frame      0x000042cc        0x0 c:/program files (x86)/atmel/studio/7.0/toolchain/arm/arm-gnu-toolchain/bin/../lib/gcc/arm-none-eabi/6.3.1/thumb/v6-m/crtbegin.o

.rel.dyn        0x000042cc        0x0
 .rel.iplt      0x000042cc        0x0 c:/program files (x86)/atmel/studio/7.0/toolchain/arm/arm-gnu-toolchain/bin/../lib/gcc/arm-none-eabi/6.3.1/thumb/v6-m/crtbegin.o

.jcr            0x000042cc        0x0
 .jcr           0x000042cc        0x0 c:/program files (x86)/atmel/studio/7.0/toolchain/arm/arm-gnu-toolchain/bin/../lib/gcc/arm-none-eabi/6.3.1/thumb/v6-m/crtbegin.o

.igot.plt       0x000042cc        0x0
 .igot.plt      0x000042cc        0x0 c:/program files (x86)/atmel/studio/7.0/toolchain/arm/arm-gnu-toolchain/bin/../lib/gcc/arm-none-eabi/6.3.1/thumb/v6-m/crtbegin.o

.ARM.exidx
 *(.ARM.exidx* .gnu.linkonce.armexidx.*)
                [!provide]                PROVIDE (__exidx_end, .)
                0x000042cc                . = ALIGN (0x4)
                0x000042cc                _etext = .

.relocate       0x20000000       0x84 load address 0x000042cc
                0x20000000                . = ALIGN (0x4)
                0x20000000                _srelocate = .
 *(.ramfunc .ramfunc.*)
 *(.data .data.*)
 .data          0x20000000       0x20 main.o
 .data._impure_ptr
                0x20000020        0x4 c:/program files (x86)/atmel/studio/7.0/toolchain/arm/arm-gnu-toolchain/bin/../lib/gcc/arm-none-eabi/6.3.1/../../../../arm-none-eabi/lib/thumb/v6-m\libc_nano.a(lib_a-impure.o)
                0x20000020                _impure_ptr
 .data.impure_data
                0x20000024       0x60 c:/program files (x86)/atmel/studio/7.0/toolchain/arm/arm-gnu-toolchain/bin/../lib/gcc/arm-none-eabi/6.3.1/../../../../arm-none-eabi/lib/thumb/v6-m\libc_nano.a(lib_a-impure.o)
                0x20000084                . = ALIGN (0x4)
                0x20000084                _erelocate = .

.lpram          0x30000000        0x0
                0x30000000                . = ALIGN (0x8)
                0x30000000                _slpram = .
 *(.lpram .lpram.*)
                0x30000000                . = ALIGN (0x8)
                0x30000000                _elpram = .

.bss            0x20000084     0x1854 load address 0x00004350
                0x20000084                . = ALIGN (0x4)
                0x20000084                _sbss = .
                0x20000084                _szero = .
 *(.bss .bss.*)
 .bss           0x20000084       0x1c c:/program files (x86)/atmel/studio/7.0/toolchain/arm/arm-gnu-toolchain/bin/../lib/gcc/arm-none-eabi/6.3.1/thumb/v6-m/crtbegin.o
 .bss           0x200000a0        0x4 hal/src/hal_delay.o
 .bss           0x200000a4        0x4 hpl/nvmctrl/hpl_nvmctrl.o
 .bss           0x200000a8        0x4 main.o
 .bss.__malloc_free_list
                0x200000ac        0x4 c:/program files (x86)/atmel/studio/7.0/toolchain/arm/arm-gnu-toolchain/bin/../lib/gcc/arm-none-eabi/6.3.1/../../../../arm-none-eabi/lib/thumb/v6-m\libc_nano.a(lib_a-nano-mallocr.o)
                0x200000ac                __malloc_free_list
 *(COMMON)
 COMMON         0x200000b0       0x28 driver_init.o
                0x200000b0                FLASH_0
                0x200000cc                USART_0
 COMMON         0x200000d8     0x1800 main.o
                0x200000d8                input
                0x200018d8                . = ALIGN (0x4)
                0x200018d8                _ebss = .
                0x200018d8                _ezero = .

.stack          0x200018d8     0x2000 load address 0x00005ba4
                0x200018d8                . = ALIGN (0x8)
                0x200018d8                _sstack = .
                0x200038d8                . = (. + STACK_SIZE)
 *fill*         0x200018d8     0x2000 
                0x200038d8                . = ALIGN (0x8)
                0x200038d8                _estack = .
                0x200038d8                . = ALIGN (0x4)
                0x200038d8                _end = .
OUTPUT(AES-128_WolfSSL_library.elf elf32-littlearm)

.ARM.attributes
                0x00000000       0x28
 .ARM.attributes
                0x00000000       0x1e c:/program files (x86)/atmel/studio/7.0/toolchain/arm/arm-gnu-toolchain/bin/../lib/gcc/arm-none-eabi/6.3.1/thumb/v6-m/crti.o
 .ARM.attributes
                0x0000001e       0x2c c:/program files (x86)/atmel/studio/7.0/toolchain/arm/arm-gnu-toolchain/bin/../lib/gcc/arm-none-eabi/6.3.1/thumb/v6-m/crtbegin.o
 .ARM.attributes
                0x0000004a       0x32 atmel_start.o
 .ARM.attributes
                0x0000007c       0x32 Device_Startup/startup_saml21.o
 .ARM.attributes
                0x000000ae       0x32 driver_init.o
 .ARM.attributes
                0x000000e0       0x32 gpio_init.o
 .ARM.attributes
                0x00000112       0x32 hal/src/hal_delay.o
 .ARM.attributes
                0x00000144       0x32 hal/src/hal_flash.o
 .ARM.attributes
                0x00000176       0x32 hal/src/hal_usart_sync.o
 .ARM.attributes
                0x000001a8       0x32 hal/utils/src/utils_assert.o
 .ARM.attributes
                0x000001da       0x32 hpl/core/hpl_core_m0plus_base.o
 .ARM.attributes
                0x0000020c       0x32 hpl/core/hpl_init.o
 .ARM.attributes
                0x0000023e       0x32 hpl/gclk/hpl_gclk.o
 .ARM.attributes
                0x00000270       0x32 hpl/mclk/hpl_mclk.o
 .ARM.attributes
                0x000002a2       0x32 hpl/nvmctrl/hpl_nvmctrl.o
 .ARM.attributes
                0x000002d4       0x32 hpl/osc32kctrl/hpl_osc32kctrl.o
 .ARM.attributes
                0x00000306       0x32 hpl/oscctrl/hpl_oscctrl.o
 .ARM.attributes
                0x00000338       0x32 hpl/pm/hpl_pm.o
 .ARM.attributes
                0x0000036a       0x32 hpl/sercom/hpl_sercom.o
 .ARM.attributes
                0x0000039c       0x32 hpl/systick/hpl_systick.o
 .ARM.attributes
                0x000003ce       0x32 main.o
 .ARM.attributes
                0x00000400       0x32 wolfcrypt/src/aes.o
 .ARM.attributes
                0x00000432       0x2c c:/program files (x86)/atmel/studio/7.0/toolchain/arm/arm-gnu-toolchain/bin/../lib/gcc/arm-none-eabi/6.3.1/../../../../arm-none-eabi/lib/thumb/v6-m\libc_nano.a(lib_a-impure.o)
 .ARM.attributes
                0x0000045e       0x2c c:/program files (x86)/atmel/studio/7.0/toolchain/arm/arm-gnu-toolchain/bin/../lib/gcc/arm-none-eabi/6.3.1/../../../../arm-none-eabi/lib/thumb/v6-m\libc_nano.a(lib_a-init.o)
 .ARM.attributes
                0x0000048a       0x2c c:/program files (x86)/atmel/studio/7.0/toolchain/arm/arm-gnu-toolchain/bin/../lib/gcc/arm-none-eabi/6.3.1/../../../../arm-none-eabi/lib/thumb/v6-m\libc_nano.a(lib_a-malloc.o)
 .ARM.attributes
                0x000004b6       0x2c c:/program files (x86)/atmel/studio/7.0/toolchain/arm/arm-gnu-toolchain/bin/../lib/gcc/arm-none-eabi/6.3.1/../../../../arm-none-eabi/lib/thumb/v6-m\libc_nano.a(lib_a-memcpy-stub.o)
 .ARM.attributes
                0x000004e2       0x2c c:/program files (x86)/atmel/studio/7.0/toolchain/arm/arm-gnu-toolchain/bin/../lib/gcc/arm-none-eabi/6.3.1/../../../../arm-none-eabi/lib/thumb/v6-m\libc_nano.a(lib_a-memset.o)
 .ARM.attributes
                0x0000050e       0x2c c:/program files (x86)/atmel/studio/7.0/toolchain/arm/arm-gnu-toolchain/bin/../lib/gcc/arm-none-eabi/6.3.1/../../../../arm-none-eabi/lib/thumb/v6-m\libc_nano.a(lib_a-nano-freer.o)
 .ARM.attributes
                0x0000053a       0x2c c:/program files (x86)/atmel/studio/7.0/toolchain/arm/arm-gnu-toolchain/bin/../lib/gcc/arm-none-eabi/6.3.1/../../../../arm-none-eabi/lib/thumb/v6-m\libc_nano.a(lib_a-nano-mallocr.o)
 .ARM.attributes
                0x00000566       0x2c c:/program files (x86)/atmel/studio/7.0/toolchain/arm/arm-gnu-toolchain/bin/../lib/gcc/arm-none-eabi/6.3.1/../../../../arm-none-eabi/lib/thumb/v6-m\libc_nano.a(lib_a-findfp.o)
 .ARM.attributes
                0x00000592       0x2c c:/program files (x86)/atmel/studio/7.0/toolchain/arm/arm-gnu-toolchain/bin/../lib/gcc/arm-none-eabi/6.3.1/../../../../arm-none-eabi/lib/thumb/v6-m\libc_nano.a(lib_a-mlock.o)
 .ARM.attributes
                0x000005be       0x1e c:/program files (x86)/atmel/studio/7.0/toolchain/arm/arm-gnu-toolchain/bin/../lib/gcc/arm-none-eabi/6.3.1/thumb/v6-m/crtn.o

.comment        0x00000000       0x59
 .comment       0x00000000       0x59 atmel_start.o
                                 0x5a (size before relaxing)
 .comment       0x00000059       0x5a Device_Startup/startup_saml21.o
 .comment       0x00000059       0x5a driver_init.o
 .comment       0x00000059       0x5a gpio_init.o
 .comment       0x00000059       0x5a hal/src/hal_delay.o
 .comment       0x00000059       0x5a hal/src/hal_flash.o
 .comment       0x00000059       0x5a hal/src/hal_usart_sync.o
 .comment       0x00000059       0x5a hal/utils/src/utils_assert.o
 .comment       0x00000059       0x5a hpl/core/hpl_core_m0plus_base.o
 .comment       0x00000059       0x5a hpl/core/hpl_init.o
 .comment       0x00000059       0x5a hpl/gclk/hpl_gclk.o
 .comment       0x00000059       0x5a hpl/mclk/hpl_mclk.o
 .comment       0x00000059       0x5a hpl/nvmctrl/hpl_nvmctrl.o
 .comment       0x00000059       0x5a hpl/osc32kctrl/hpl_osc32kctrl.o
 .comment       0x00000059       0x5a hpl/oscctrl/hpl_oscctrl.o
 .comment       0x00000059       0x5a hpl/pm/hpl_pm.o
 .comment       0x00000059       0x5a hpl/sercom/hpl_sercom.o
 .comment       0x00000059       0x5a hpl/systick/hpl_systick.o
 .comment       0x00000059       0x5a main.o
 .comment       0x00000059       0x5a wolfcrypt/src/aes.o

.debug_info     0x00000000    0x1e4cd
 .debug_info    0x00000000      0x35b atmel_start.o
 .debug_info    0x0000035b      0xa27 Device_Startup/startup_saml21.o
 .debug_info    0x00000d82     0x422e driver_init.o
 .debug_info    0x00004fb0     0x17b9 gpio_init.o
 .debug_info    0x00006769      0x1dc hal/src/hal_delay.o
 .debug_info    0x00006945      0xe3a hal/src/hal_flash.o
 .debug_info    0x0000777f      0xc56 hal/src/hal_usart_sync.o
 .debug_info    0x000083d5      0x107 hal/utils/src/utils_assert.o
 .debug_info    0x000084dc      0x7f5 hpl/core/hpl_core_m0plus_base.o
 .debug_info    0x00008cd1      0x6d4 hpl/core/hpl_init.o
 .debug_info    0x000093a5      0x582 hpl/gclk/hpl_gclk.o
 .debug_info    0x00009927      0xa0e hpl/mclk/hpl_mclk.o
 .debug_info    0x0000a335     0x2d26 hpl/nvmctrl/hpl_nvmctrl.o
 .debug_info    0x0000d05b      0x620 hpl/osc32kctrl/hpl_osc32kctrl.o
 .debug_info    0x0000d67b      0xe4d hpl/oscctrl/hpl_oscctrl.o
 .debug_info    0x0000e4c8      0xabc hpl/pm/hpl_pm.o
 .debug_info    0x0000ef84     0xb180 hpl/sercom/hpl_sercom.o
 .debug_info    0x0001a104      0x276 hpl/systick/hpl_systick.o
 .debug_info    0x0001a37a     0x2145 main.o
 .debug_info    0x0001c4bf     0x200e wolfcrypt/src/aes.o

.debug_abbrev   0x00000000     0x3147
 .debug_abbrev  0x00000000       0xe3 atmel_start.o
 .debug_abbrev  0x000000e3      0x1e4 Device_Startup/startup_saml21.o
 .debug_abbrev  0x000002c7      0x34e driver_init.o
 .debug_abbrev  0x00000615      0x2d1 gpio_init.o
 .debug_abbrev  0x000008e6       0xe1 hal/src/hal_delay.o
 .debug_abbrev  0x000009c7      0x1c5 hal/src/hal_flash.o
 .debug_abbrev  0x00000b8c      0x217 hal/src/hal_usart_sync.o
 .debug_abbrev  0x00000da3       0x86 hal/utils/src/utils_assert.o
 .debug_abbrev  0x00000e29      0x2af hpl/core/hpl_core_m0plus_base.o
 .debug_abbrev  0x000010d8      0x1d9 hpl/core/hpl_init.o
 .debug_abbrev  0x000012b1      0x19a hpl/gclk/hpl_gclk.o
 .debug_abbrev  0x0000144b      0x1b7 hpl/mclk/hpl_mclk.o
 .debug_abbrev  0x00001602      0x5d8 hpl/nvmctrl/hpl_nvmctrl.o
 .debug_abbrev  0x00001bda      0x1a2 hpl/osc32kctrl/hpl_osc32kctrl.o
 .debug_abbrev  0x00001d7c      0x221 hpl/oscctrl/hpl_oscctrl.o
 .debug_abbrev  0x00001f9d      0x24c hpl/pm/hpl_pm.o
 .debug_abbrev  0x000021e9      0x5a9 hpl/sercom/hpl_sercom.o
 .debug_abbrev  0x00002792      0x185 hpl/systick/hpl_systick.o
 .debug_abbrev  0x00002917      0x400 main.o
 .debug_abbrev  0x00002d17      0x430 wolfcrypt/src/aes.o

.debug_loc      0x00000000     0xe7e3
 .debug_loc     0x00000000       0x20 atmel_start.o
 .debug_loc     0x00000020       0x40 Device_Startup/startup_saml21.o
 .debug_loc     0x00000060      0x42f driver_init.o
 .debug_loc     0x0000048f      0x76a gpio_init.o
 .debug_loc     0x00000bf9       0xc3 hal/src/hal_delay.o
 .debug_loc     0x00000cbc      0xf25 hal/src/hal_flash.o
 .debug_loc     0x00001be1      0x9b2 hal/src/hal_usart_sync.o
 .debug_loc     0x00002593      0x1d7 hpl/core/hpl_core_m0plus_base.o
 .debug_loc     0x0000276a       0x4c hpl/core/hpl_init.o
 .debug_loc     0x000027b6       0x72 hpl/gclk/hpl_gclk.o
 .debug_loc     0x00002828       0x84 hpl/mclk/hpl_mclk.o
 .debug_loc     0x000028ac     0x217a hpl/nvmctrl/hpl_nvmctrl.o
 .debug_loc     0x00004a26       0x94 hpl/osc32kctrl/hpl_osc32kctrl.o
 .debug_loc     0x00004aba       0x18 hpl/oscctrl/hpl_oscctrl.o
 .debug_loc     0x00004ad2      0x188 hpl/pm/hpl_pm.o
 .debug_loc     0x00004c5a     0x7e2b hpl/sercom/hpl_sercom.o
 .debug_loc     0x0000ca85      0x10e hpl/systick/hpl_systick.o
 .debug_loc     0x0000cb93      0xb34 main.o
 .debug_loc     0x0000d6c7     0x111c wolfcrypt/src/aes.o

.debug_aranges  0x00000000      0xa10
 .debug_aranges
                0x00000000       0x20 atmel_start.o
 .debug_aranges
                0x00000020       0x28 Device_Startup/startup_saml21.o
 .debug_aranges
                0x00000048       0x50 driver_init.o
 .debug_aranges
                0x00000098       0x20 gpio_init.o
 .debug_aranges
                0x000000b8       0x38 hal/src/hal_delay.o
 .debug_aranges
                0x000000f0       0x90 hal/src/hal_flash.o
 .debug_aranges
                0x00000180       0xa8 hal/src/hal_usart_sync.o
 .debug_aranges
                0x00000228       0x20 hal/utils/src/utils_assert.o
 .debug_aranges
                0x00000248       0x70 hpl/core/hpl_core_m0plus_base.o
 .debug_aranges
                0x000002b8       0x20 hpl/core/hpl_init.o
 .debug_aranges
                0x000002d8       0x28 hpl/gclk/hpl_gclk.o
 .debug_aranges
                0x00000300       0x20 hpl/mclk/hpl_mclk.o
 .debug_aranges
                0x00000320       0xe0 hpl/nvmctrl/hpl_nvmctrl.o
 .debug_aranges
                0x00000400       0x20 hpl/osc32kctrl/hpl_osc32kctrl.o
 .debug_aranges
                0x00000420       0x28 hpl/oscctrl/hpl_oscctrl.o
 .debug_aranges
                0x00000448       0x30 hpl/pm/hpl_pm.o
 .debug_aranges
                0x00000478      0x4d0 hpl/sercom/hpl_sercom.o
 .debug_aranges
                0x00000948       0x48 hpl/systick/hpl_systick.o
 .debug_aranges
                0x00000990       0x30 main.o
 .debug_aranges
                0x000009c0       0x50 wolfcrypt/src/aes.o

.debug_ranges   0x00000000     0x1078
 .debug_ranges  0x00000000       0x10 atmel_start.o
 .debug_ranges  0x00000010       0x18 Device_Startup/startup_saml21.o
 .debug_ranges  0x00000028       0x40 driver_init.o
 .debug_ranges  0x00000068       0x10 gpio_init.o
 .debug_ranges  0x00000078       0x28 hal/src/hal_delay.o
 .debug_ranges  0x000000a0       0x80 hal/src/hal_flash.o
 .debug_ranges  0x00000120       0x98 hal/src/hal_usart_sync.o
 .debug_ranges  0x000001b8       0x10 hal/utils/src/utils_assert.o
 .debug_ranges  0x000001c8       0x60 hpl/core/hpl_core_m0plus_base.o
 .debug_ranges  0x00000228       0x10 hpl/core/hpl_init.o
 .debug_ranges  0x00000238       0x18 hpl/gclk/hpl_gclk.o
 .debug_ranges  0x00000250       0x10 hpl/mclk/hpl_mclk.o
 .debug_ranges  0x00000260      0x148 hpl/nvmctrl/hpl_nvmctrl.o
 .debug_ranges  0x000003a8       0x10 hpl/osc32kctrl/hpl_osc32kctrl.o
 .debug_ranges  0x000003b8       0x30 hpl/oscctrl/hpl_oscctrl.o
 .debug_ranges  0x000003e8       0x20 hpl/pm/hpl_pm.o
 .debug_ranges  0x00000408      0xa00 hpl/sercom/hpl_sercom.o
 .debug_ranges  0x00000e08       0x38 hpl/systick/hpl_systick.o
 .debug_ranges  0x00000e40      0x110 main.o
 .debug_ranges  0x00000f50      0x128 wolfcrypt/src/aes.o

.debug_macro    0x00000000    0x1b839
 .debug_macro   0x00000000      0x5b8 atmel_start.o
 .debug_macro   0x000005b8      0x89e atmel_start.o
 .debug_macro   0x00000e56      0x16d atmel_start.o
 .debug_macro   0x00000fc3       0x22 atmel_start.o
 .debug_macro   0x00000fe5       0x87 atmel_start.o
 .debug_macro   0x0000106c       0x51 atmel_start.o
 .debug_macro   0x000010bd       0xef atmel_start.o
 .debug_macro   0x000011ac       0x6a atmel_start.o
 .debug_macro   0x00001216      0x1df atmel_start.o
 .debug_macro   0x000013f5       0x22 atmel_start.o
 .debug_macro   0x00001417       0x3f atmel_start.o
 .debug_macro   0x00001456       0x1c atmel_start.o
 .debug_macro   0x00001472       0x22 atmel_start.o
 .debug_macro   0x00001494       0xb5 atmel_start.o
 .debug_macro   0x00001549      0x3ad atmel_start.o
 .debug_macro   0x000018f6      0x714 atmel_start.o
 .debug_macro   0x0000200a      0x8f0 atmel_start.o
 .debug_macro   0x000028fa      0x21e atmel_start.o
 .debug_macro   0x00002b18      0x4c3 atmel_start.o
 .debug_macro   0x00002fdb      0xe12 atmel_start.o
 .debug_macro   0x00003ded      0x5e7 atmel_start.o
 .debug_macro   0x000043d4      0x5be atmel_start.o
 .debug_macro   0x00004992      0x824 atmel_start.o
 .debug_macro   0x000051b6      0x314 atmel_start.o
 .debug_macro   0x000054ca      0x5c6 atmel_start.o
 .debug_macro   0x00005a90      0x21c atmel_start.o
 .debug_macro   0x00005cac      0x729 atmel_start.o
 .debug_macro   0x000063d5      0x16f atmel_start.o
 .debug_macro   0x00006544      0x70f atmel_start.o
 .debug_macro   0x00006c53      0x28c atmel_start.o
 .debug_macro   0x00006edf      0x6e1 atmel_start.o
 .debug_macro   0x000075c0      0x2c5 atmel_start.o
 .debug_macro   0x00007885      0x3c1 atmel_start.o
 .debug_macro   0x00007c46      0x1a0 atmel_start.o
 .debug_macro   0x00007de6     0x1260 atmel_start.o
 .debug_macro   0x00009046      0xf4d atmel_start.o
 .debug_macro   0x00009f93      0x866 atmel_start.o
 .debug_macro   0x0000a7f9      0x8ae atmel_start.o
 .debug_macro   0x0000b0a7     0x19be atmel_start.o
 .debug_macro   0x0000ca65       0xe7 atmel_start.o
 .debug_macro   0x0000cb4c     0x13e6 atmel_start.o
 .debug_macro   0x0000df32      0x36a atmel_start.o
 .debug_macro   0x0000e29c       0x7c atmel_start.o
 .debug_macro   0x0000e318       0xac atmel_start.o
 .debug_macro   0x0000e3c4       0x4c atmel_start.o
 .debug_macro   0x0000e410       0x94 atmel_start.o
 .debug_macro   0x0000e4a4       0xdc atmel_start.o
 .debug_macro   0x0000e580       0xb2 atmel_start.o
 .debug_macro   0x0000e632       0x64 atmel_start.o
 .debug_macro   0x0000e696      0x5a4 atmel_start.o
 .debug_macro   0x0000ec3a      0x19d atmel_start.o
 .debug_macro   0x0000edd7       0x70 atmel_start.o
 .debug_macro   0x0000ee47       0xa0 atmel_start.o
 .debug_macro   0x0000eee7       0xc4 atmel_start.o
 .debug_macro   0x0000efab       0x28 atmel_start.o
 .debug_macro   0x0000efd3       0xa0 atmel_start.o
 .debug_macro   0x0000f073       0x40 atmel_start.o
 .debug_macro   0x0000f0b3       0x7c atmel_start.o
 .debug_macro   0x0000f12f       0x40 atmel_start.o
 .debug_macro   0x0000f16f      0x16c atmel_start.o
 .debug_macro   0x0000f2db       0x10 atmel_start.o
 .debug_macro   0x0000f2eb       0x34 atmel_start.o
 .debug_macro   0x0000f31f       0xee atmel_start.o
 .debug_macro   0x0000f40d      0x12b atmel_start.o
 .debug_macro   0x0000f538      0x12b atmel_start.o
 .debug_macro   0x0000f663      0x12b atmel_start.o
 .debug_macro   0x0000f78e      0x12b atmel_start.o
 .debug_macro   0x0000f8b9      0x12b atmel_start.o
 .debug_macro   0x0000f9e4      0x12b atmel_start.o
 .debug_macro   0x0000fb0f       0x5e atmel_start.o
 .debug_macro   0x0000fb6d       0xfa atmel_start.o
 .debug_macro   0x0000fc67       0xfa atmel_start.o
 .debug_macro   0x0000fd61       0xfa atmel_start.o
 .debug_macro   0x0000fe5b       0xfa atmel_start.o
 .debug_macro   0x0000ff55       0xfa atmel_start.o
 .debug_macro   0x0001004f      0x124 atmel_start.o
 .debug_macro   0x00010173       0xfa atmel_start.o
 .debug_macro   0x0001026d       0xee atmel_start.o
 .debug_macro   0x0001035b       0x2e atmel_start.o
 .debug_macro   0x00010389      0x40f atmel_start.o
 .debug_macro   0x00010798       0x3a atmel_start.o
 .debug_macro   0x000107d2      0x42c atmel_start.o
 .debug_macro   0x00010bfe     0x23fb atmel_start.o
 .debug_macro   0x00012ff9       0x90 atmel_start.o
 .debug_macro   0x00013089       0x10 atmel_start.o
 .debug_macro   0x00013099       0x10 atmel_start.o
 .debug_macro   0x000130a9       0x16 atmel_start.o
 .debug_macro   0x000130bf       0x16 atmel_start.o
 .debug_macro   0x000130d5       0x16 atmel_start.o
 .debug_macro   0x000130eb       0x16 atmel_start.o
 .debug_macro   0x00013101       0x16 atmel_start.o
 .debug_macro   0x00013117       0x16 atmel_start.o
 .debug_macro   0x0001312d       0x16 atmel_start.o
 .debug_macro   0x00013143       0x16 atmel_start.o
 .debug_macro   0x00013159       0x16 atmel_start.o
 .debug_macro   0x0001316f       0x16 atmel_start.o
 .debug_macro   0x00013185       0x16 atmel_start.o
 .debug_macro   0x0001319b       0x16 atmel_start.o
 .debug_macro   0x000131b1       0x16 atmel_start.o
 .debug_macro   0x000131c7       0x16 atmel_start.o
 .debug_macro   0x000131dd       0x16 atmel_start.o
 .debug_macro   0x000131f3       0x16 atmel_start.o
 .debug_macro   0x00013209       0x16 atmel_start.o
 .debug_macro   0x0001321f       0x16 atmel_start.o
 .debug_macro   0x00013235      0x2e0 atmel_start.o
 .debug_macro   0x00013515       0x94 atmel_start.o
 .debug_macro   0x000135a9       0x16 atmel_start.o
 .debug_macro   0x000135bf       0xbe atmel_start.o
 .debug_macro   0x0001367d      0x28c atmel_start.o
 .debug_macro   0x00013909       0x16 atmel_start.o
 .debug_macro   0x0001391f      0x4d8 atmel_start.o
 .debug_macro   0x00013df7       0x16 atmel_start.o
 .debug_macro   0x00013e0d       0xca atmel_start.o
 .debug_macro   0x00013ed7       0x1c atmel_start.o
 .debug_macro   0x00013ef3       0x16 atmel_start.o
 .debug_macro   0x00013f09       0xcf atmel_start.o
 .debug_macro   0x00013fd8       0x58 atmel_start.o
 .debug_macro   0x00014030       0x58 atmel_start.o
 .debug_macro   0x00014088      0x360 Device_Startup/startup_saml21.o
 .debug_macro   0x000143e8       0x39 Device_Startup/startup_saml21.o
 .debug_macro   0x00014421      0x5b6 driver_init.o
 .debug_macro   0x000149d7       0x28 driver_init.o
 .debug_macro   0x000149ff       0xc9 driver_init.o
 .debug_macro   0x00014ac8      0x5ac gpio_init.o
 .debug_macro   0x00015074      0x4f1 hal/src/hal_delay.o
 .debug_macro   0x00015565      0x4ef hal/src/hal_flash.o
 .debug_macro   0x00015a54      0x4f9 hal/src/hal_usart_sync.o
 .debug_macro   0x00015f4d      0x4c8 hal/utils/src/utils_assert.o
 .debug_macro   0x00016415       0x10 hal/utils/src/utils_assert.o
 .debug_macro   0x00016425      0x519 hpl/core/hpl_core_m0plus_base.o
 .debug_macro   0x0001693e      0x53d hpl/core/hpl_init.o
 .debug_macro   0x00016e7b       0x28 hpl/core/hpl_init.o
 .debug_macro   0x00016ea3      0x772 hpl/core/hpl_init.o
 .debug_macro   0x00017615      0x4d5 hpl/gclk/hpl_gclk.o
 .debug_macro   0x00017aea      0x1f4 hpl/gclk/hpl_gclk.o
 .debug_macro   0x00017cde      0x4d1 hpl/mclk/hpl_mclk.o
 .debug_macro   0x000181af      0x61b hpl/nvmctrl/hpl_nvmctrl.o
 .debug_macro   0x000187ca       0x1c hpl/nvmctrl/hpl_nvmctrl.o
 .debug_macro   0x000187e6      0x4cc hpl/osc32kctrl/hpl_osc32kctrl.o
 .debug_macro   0x00018cb2       0xa4 hpl/osc32kctrl/hpl_osc32kctrl.o
 .debug_macro   0x00018d56      0x4cc hpl/oscctrl/hpl_oscctrl.o
 .debug_macro   0x00019222      0x18c hpl/oscctrl/hpl_oscctrl.o
 .debug_macro   0x000193ae      0x4d7 hpl/pm/hpl_pm.o
 .debug_macro   0x00019885      0x71c hpl/sercom/hpl_sercom.o
 .debug_macro   0x00019fa1       0x70 hpl/sercom/hpl_sercom.o
 .debug_macro   0x0001a011       0xba hpl/sercom/hpl_sercom.o
 .debug_macro   0x0001a0cb       0x10 hpl/sercom/hpl_sercom.o
 .debug_macro   0x0001a0db       0x1c hpl/sercom/hpl_sercom.o
 .debug_macro   0x0001a0f7       0x22 hpl/sercom/hpl_sercom.o
 .debug_macro   0x0001a119       0x10 hpl/sercom/hpl_sercom.o
 .debug_macro   0x0001a129      0x4cc hpl/systick/hpl_systick.o
 .debug_macro   0x0001a5f5       0x10 hpl/systick/hpl_systick.o
 .debug_macro   0x0001a605      0x849 main.o
 .debug_macro   0x0001ae4e       0x16 main.o
 .debug_macro   0x0001ae64       0x16 main.o
 .debug_macro   0x0001ae7a       0x29 main.o
 .debug_macro   0x0001aea3       0x16 main.o
 .debug_macro   0x0001aeb9       0x10 main.o
 .debug_macro   0x0001aec9      0x142 main.o
 .debug_macro   0x0001b00b      0x107 main.o
 .debug_macro   0x0001b112       0x16 main.o
 .debug_macro   0x0001b128       0x26 main.o
 .debug_macro   0x0001b14e       0x41 main.o
 .debug_macro   0x0001b18f       0x2e main.o
 .debug_macro   0x0001b1bd       0x3e main.o
 .debug_macro   0x0001b1fb       0xc1 main.o
 .debug_macro   0x0001b2bc      0x111 main.o
 .debug_macro   0x0001b3cd       0x66 main.o
 .debug_macro   0x0001b433      0x2b1 wolfcrypt/src/aes.o
 .debug_macro   0x0001b6e4       0x10 wolfcrypt/src/aes.o
 .debug_macro   0x0001b6f4       0x5f wolfcrypt/src/aes.o
 .debug_macro   0x0001b753       0x66 wolfcrypt/src/aes.o
 .debug_macro   0x0001b7b9       0x11 wolfcrypt/src/aes.o
 .debug_macro   0x0001b7ca       0x50 wolfcrypt/src/aes.o
 .debug_macro   0x0001b81a       0x1f wolfcrypt/src/aes.o

.debug_line     0x00000000     0xfe42
 .debug_line    0x00000000      0xb78 atmel_start.o
 .debug_line    0x00000b78      0x758 Device_Startup/startup_saml21.o
 .debug_line    0x000012d0      0xc36 driver_init.o
 .debug_line    0x00001f06      0xba6 gpio_init.o
 .debug_line    0x00002aac      0xa75 hal/src/hal_delay.o
 .debug_line    0x00003521      0xcb3 hal/src/hal_flash.o
 .debug_line    0x000041d4      0xc36 hal/src/hal_usart_sync.o
 .debug_line    0x00004e0a      0xa14 hal/utils/src/utils_assert.o
 .debug_line    0x0000581e      0xbbf hpl/core/hpl_core_m0plus_base.o
 .debug_line    0x000063dd      0xaf4 hpl/core/hpl_init.o
 .debug_line    0x00006ed1      0xa66 hpl/gclk/hpl_gclk.o
 .debug_line    0x00007937      0xa44 hpl/mclk/hpl_mclk.o
 .debug_line    0x0000837b     0x1156 hpl/nvmctrl/hpl_nvmctrl.o
 .debug_line    0x000094d1      0xa51 hpl/osc32kctrl/hpl_osc32kctrl.o
 .debug_line    0x00009f22      0xa7f hpl/oscctrl/hpl_oscctrl.o
 .debug_line    0x0000a9a1      0xa83 hpl/pm/hpl_pm.o
 .debug_line    0x0000b424     0x28ad hpl/sercom/hpl_sercom.o
 .debug_line    0x0000dcd1      0xaa8 hpl/systick/hpl_systick.o
 .debug_line    0x0000e779      0xeb3 main.o
 .debug_line    0x0000f62c      0x816 wolfcrypt/src/aes.o

.debug_str      0x00000000    0x93505
 .debug_str     0x00000000    0x827d8 atmel_start.o
                              0x82ce6 (size before relaxing)
 .debug_str     0x000827d8      0x519 Device_Startup/startup_saml21.o
                              0x7a4ef (size before relaxing)
 .debug_str     0x00082cf1     0x1404 driver_init.o
                              0x840ea (size before relaxing)
 .debug_str     0x000840f5       0x1a gpio_init.o
                              0x8311b (size before relaxing)
 .debug_str     0x0008410f       0xad hal/src/hal_delay.o
                              0x81e95 (size before relaxing)
 .debug_str     0x000841bc      0x198 hal/src/hal_flash.o
                              0x82663 (size before relaxing)
 .debug_str     0x00084354      0x4b3 hal/src/hal_usart_sync.o
                              0x82978 (size before relaxing)
 .debug_str     0x00084807       0x2a hal/utils/src/utils_assert.o
                              0x81e3b (size before relaxing)
 .debug_str     0x00084831      0x30a hpl/core/hpl_core_m0plus_base.o
                              0x82816 (size before relaxing)
 .debug_str     0x00084b3b     0x19b7 hpl/core/hpl_init.o
                              0x8432f (size before relaxing)
 .debug_str     0x000864f2      0x81b hpl/gclk/hpl_gclk.o
                              0x82770 (size before relaxing)
 .debug_str     0x00086d0d       0xa5 hpl/mclk/hpl_mclk.o
                              0x822f6 (size before relaxing)
 .debug_str     0x00086db2     0x3540 hpl/nvmctrl/hpl_nvmctrl.o
                              0x85e6b (size before relaxing)
 .debug_str     0x0008a2f2      0x482 hpl/osc32kctrl/hpl_osc32kctrl.o
                              0x82292 (size before relaxing)
 .debug_str     0x0008a774      0x8e8 hpl/oscctrl/hpl_oscctrl.o
                              0x82775 (size before relaxing)
 .debug_str     0x0008b05c      0x367 hpl/pm/hpl_pm.o
                              0x821f3 (size before relaxing)
 .debug_str     0x0008b3c3     0x47a0 hpl/sercom/hpl_sercom.o
                              0x879d3 (size before relaxing)
 .debug_str     0x0008fb63       0xcd hpl/systick/hpl_systick.o
                              0x81e83 (size before relaxing)
 .debug_str     0x0008fc30     0x2c0a main.o
                              0x8889e (size before relaxing)
 .debug_str     0x0009283a      0xccb wolfcrypt/src/aes.o
                               0x8b07 (size before relaxing)

.debug_frame    0x00000000     0x1c54
 .debug_frame   0x00000000       0x28 atmel_start.o
 .debug_frame   0x00000028       0x38 Device_Startup/startup_saml21.o
 .debug_frame   0x00000060       0xac driver_init.o
 .debug_frame   0x0000010c       0x34 gpio_init.o
 .debug_frame   0x00000140       0x68 hal/src/hal_delay.o
 .debug_frame   0x000001a8      0x1c4 hal/src/hal_flash.o
 .debug_frame   0x0000036c      0x200 hal/src/hal_usart_sync.o
 .debug_frame   0x0000056c       0x20 hal/utils/src/utils_assert.o
 .debug_frame   0x0000058c       0xd4 hpl/core/hpl_core_m0plus_base.o
 .debug_frame   0x00000660       0x28 hpl/core/hpl_init.o
 .debug_frame   0x00000688       0x30 hpl/gclk/hpl_gclk.o
 .debug_frame   0x000006b8       0x20 hpl/mclk/hpl_mclk.o
 .debug_frame   0x000006d8      0x2b0 hpl/nvmctrl/hpl_nvmctrl.o
 .debug_frame   0x00000988       0x20 hpl/osc32kctrl/hpl_osc32kctrl.o
 .debug_frame   0x000009a8       0x30 hpl/oscctrl/hpl_oscctrl.o
 .debug_frame   0x000009d8       0x40 hpl/pm/hpl_pm.o
 .debug_frame   0x00000a18      0xdfc hpl/sercom/hpl_sercom.o
 .debug_frame   0x00001814       0x7c hpl/systick/hpl_systick.o
 .debug_frame   0x00001890       0x6c main.o
 .debug_frame   0x000018fc       0xdc wolfcrypt/src/aes.o
 .debug_frame   0x000019d8       0x2c c:/program files (x86)/atmel/studio/7.0/toolchain/arm/arm-gnu-toolchain/bin/../lib/gcc/arm-none-eabi/6.3.1/../../../../arm-none-eabi/lib/thumb/v6-m\libc_nano.a(lib_a-init.o)
 .debug_frame   0x00001a04       0x40 c:/program files (x86)/atmel/studio/7.0/toolchain/arm/arm-gnu-toolchain/bin/../lib/gcc/arm-none-eabi/6.3.1/../../../../arm-none-eabi/lib/thumb/v6-m\libc_nano.a(lib_a-malloc.o)
 .debug_frame   0x00001a44       0x28 c:/program files (x86)/atmel/studio/7.0/toolchain/arm/arm-gnu-toolchain/bin/../lib/gcc/arm-none-eabi/6.3.1/../../../../arm-none-eabi/lib/thumb/v6-m\libc_nano.a(lib_a-memcpy-stub.o)
 .debug_frame   0x00001a6c       0x20 c:/program files (x86)/atmel/studio/7.0/toolchain/arm/arm-gnu-toolchain/bin/../lib/gcc/arm-none-eabi/6.3.1/../../../../arm-none-eabi/lib/thumb/v6-m\libc_nano.a(lib_a-memset.o)
 .debug_frame   0x00001a8c       0x2c c:/program files (x86)/atmel/studio/7.0/toolchain/arm/arm-gnu-toolchain/bin/../lib/gcc/arm-none-eabi/6.3.1/../../../../arm-none-eabi/lib/thumb/v6-m\libc_nano.a(lib_a-nano-freer.o)
 .debug_frame   0x00001ab8       0x2c c:/program files (x86)/atmel/studio/7.0/toolchain/arm/arm-gnu-toolchain/bin/../lib/gcc/arm-none-eabi/6.3.1/../../../../arm-none-eabi/lib/thumb/v6-m\libc_nano.a(lib_a-nano-mallocr.o)
 .debug_frame   0x00001ae4      0x140 c:/program files (x86)/atmel/studio/7.0/toolchain/arm/arm-gnu-toolchain/bin/../lib/gcc/arm-none-eabi/6.3.1/../../../../arm-none-eabi/lib/thumb/v6-m\libc_nano.a(lib_a-findfp.o)
 .debug_frame   0x00001c24       0x30 c:/program files (x86)/atmel/studio/7.0/toolchain/arm/arm-gnu-toolchain/bin/../lib/gcc/arm-none-eabi/6.3.1/../../../../arm-none-eabi/lib/thumb/v6-m\libc_nano.a(lib_a-mlock.o)
