Archive member included to satisfy reference by file (symbol)

c:/program files (x86)/atmel/studio/7.0/toolchain/arm/arm-gnu-toolchain/bin/../lib/gcc/arm-none-eabi/6.3.1/thumb/v6-m\libgcc.a(_udivsi3.o)
                              hpl/core/hpl_core_m0plus_base.o (__aeabi_uidiv)
c:/program files (x86)/atmel/studio/7.0/toolchain/arm/arm-gnu-toolchain/bin/../lib/gcc/arm-none-eabi/6.3.1/thumb/v6-m\libgcc.a(_dvmd_tls.o)
                              c:/program files (x86)/atmel/studio/7.0/toolchain/arm/arm-gnu-toolchain/bin/../lib/gcc/arm-none-eabi/6.3.1/thumb/v6-m\libgcc.a(_udivsi3.o) (__aeabi_idiv0)
c:/program files (x86)/atmel/studio/7.0/toolchain/arm/arm-gnu-toolchain/bin/../lib/gcc/arm-none-eabi/6.3.1/../../../../arm-none-eabi/lib/thumb/v6-m\libc_nano.a(lib_a-calloc.o)
                              main.o (calloc)
c:/program files (x86)/atmel/studio/7.0/toolchain/arm/arm-gnu-toolchain/bin/../lib/gcc/arm-none-eabi/6.3.1/../../../../arm-none-eabi/lib/thumb/v6-m\libc_nano.a(lib_a-exit.o)
                              c:/program files (x86)/atmel/studio/7.0/toolchain/arm/arm-gnu-toolchain/bin/../lib/gcc/arm-none-eabi/6.3.1/../../../../arm-none-eabi/lib/thumb/v6-m/crt0.o (exit)
c:/program files (x86)/atmel/studio/7.0/toolchain/arm/arm-gnu-toolchain/bin/../lib/gcc/arm-none-eabi/6.3.1/../../../../arm-none-eabi/lib/thumb/v6-m\libc_nano.a(lib_a-impure.o)
                              c:/program files (x86)/atmel/studio/7.0/toolchain/arm/arm-gnu-toolchain/bin/../lib/gcc/arm-none-eabi/6.3.1/../../../../arm-none-eabi/lib/thumb/v6-m\libc_nano.a(lib_a-exit.o) (_global_impure_ptr)
c:/program files (x86)/atmel/studio/7.0/toolchain/arm/arm-gnu-toolchain/bin/../lib/gcc/arm-none-eabi/6.3.1/../../../../arm-none-eabi/lib/thumb/v6-m\libc_nano.a(lib_a-init.o)
                              c:/program files (x86)/atmel/studio/7.0/toolchain/arm/arm-gnu-toolchain/bin/../lib/gcc/arm-none-eabi/6.3.1/../../../../arm-none-eabi/lib/thumb/v6-m/crt0.o (__libc_init_array)
c:/program files (x86)/atmel/studio/7.0/toolchain/arm/arm-gnu-toolchain/bin/../lib/gcc/arm-none-eabi/6.3.1/../../../../arm-none-eabi/lib/thumb/v6-m\libc_nano.a(lib_a-memset.o)
                              c:/program files (x86)/atmel/studio/7.0/toolchain/arm/arm-gnu-toolchain/bin/../lib/gcc/arm-none-eabi/6.3.1/../../../../arm-none-eabi/lib/thumb/v6-m/crt0.o (memset)
c:/program files (x86)/atmel/studio/7.0/toolchain/arm/arm-gnu-toolchain/bin/../lib/gcc/arm-none-eabi/6.3.1/../../../../arm-none-eabi/lib/thumb/v6-m\libc_nano.a(lib_a-nano-callocr.o)
                              c:/program files (x86)/atmel/studio/7.0/toolchain/arm/arm-gnu-toolchain/bin/../lib/gcc/arm-none-eabi/6.3.1/../../../../arm-none-eabi/lib/thumb/v6-m\libc_nano.a(lib_a-calloc.o) (_calloc_r)
c:/program files (x86)/atmel/studio/7.0/toolchain/arm/arm-gnu-toolchain/bin/../lib/gcc/arm-none-eabi/6.3.1/../../../../arm-none-eabi/lib/thumb/v6-m\libc_nano.a(lib_a-nano-mallocr.o)
                              c:/program files (x86)/atmel/studio/7.0/toolchain/arm/arm-gnu-toolchain/bin/../lib/gcc/arm-none-eabi/6.3.1/../../../../arm-none-eabi/lib/thumb/v6-m\libc_nano.a(lib_a-nano-callocr.o) (_malloc_r)
c:/program files (x86)/atmel/studio/7.0/toolchain/arm/arm-gnu-toolchain/bin/../lib/gcc/arm-none-eabi/6.3.1/../../../../arm-none-eabi/lib/thumb/v6-m\libc_nano.a(lib_a-printf.o)
                              hal/utils/src/utils_syscalls.o (printf)
c:/program files (x86)/atmel/studio/7.0/toolchain/arm/arm-gnu-toolchain/bin/../lib/gcc/arm-none-eabi/6.3.1/../../../../arm-none-eabi/lib/thumb/v6-m\libc_nano.a(lib_a-realloc.o)
                              main.o (realloc)
c:/program files (x86)/atmel/studio/7.0/toolchain/arm/arm-gnu-toolchain/bin/../lib/gcc/arm-none-eabi/6.3.1/../../../../arm-none-eabi/lib/thumb/v6-m\libc_nano.a(lib_a-sbrkr.o)
                              c:/program files (x86)/atmel/studio/7.0/toolchain/arm/arm-gnu-toolchain/bin/../lib/gcc/arm-none-eabi/6.3.1/../../../../arm-none-eabi/lib/thumb/v6-m\libc_nano.a(lib_a-nano-mallocr.o) (_sbrk_r)
c:/program files (x86)/atmel/studio/7.0/toolchain/arm/arm-gnu-toolchain/bin/../lib/gcc/arm-none-eabi/6.3.1/../../../../arm-none-eabi/lib/thumb/v6-m\libc_nano.a(lib_a-findfp.o)
                              c:/program files (x86)/atmel/studio/7.0/toolchain/arm/arm-gnu-toolchain/bin/../lib/gcc/arm-none-eabi/6.3.1/../../../../arm-none-eabi/lib/thumb/v6-m\libc_nano.a(lib_a-printf.o) (__sinit)
c:/program files (x86)/atmel/studio/7.0/toolchain/arm/arm-gnu-toolchain/bin/../lib/gcc/arm-none-eabi/6.3.1/../../../../arm-none-eabi/lib/thumb/v6-m\libc_nano.a(lib_a-fwalk.o)
                              c:/program files (x86)/atmel/studio/7.0/toolchain/arm/arm-gnu-toolchain/bin/../lib/gcc/arm-none-eabi/6.3.1/../../../../arm-none-eabi/lib/thumb/v6-m\libc_nano.a(lib_a-findfp.o) (_fwalk)
[...]
Memory Configuration

Name             Origin             Length             Attributes
rom              0x00000000         0x00040000         xr
ram              0x20000000         0x00008000         xrw
lpram            0x30000000         0x00002000         xrw
*default*        0x00000000         0xffffffff

Linker script and memory map

LOAD c:/program files (x86)/atmel/studio/7.0/toolchain/arm/arm-gnu-toolchain/bin/../lib/gcc/arm-none-eabi/6.3.1/thumb/v6-m/crti.o
LOAD c:/program files (x86)/atmel/studio/7.0/toolchain/arm/arm-gnu-toolchain/bin/../lib/gcc/arm-none-eabi/6.3.1/thumb/v6-m/crtbegin.o
LOAD c:/program files (x86)/atmel/studio/7.0/toolchain/arm/arm-gnu-toolchain/bin/../lib/gcc/arm-none-eabi/6.3.1/../../../../arm-none-eabi/lib/thumb/v6-m/crt0.o
LOAD atmel_start.o
LOAD Device_Startup/startup_saml21.o
LOAD Device_Startup/system_saml21.o
LOAD driver_init.o
LOAD examples/driver_examples.o
LOAD gpio_init.o
LOAD hal/src/hal_atomic.o
LOAD hal/src/hal_delay.o
LOAD hal/src/hal_gpio.o
LOAD hal/src/hal_init.o
LOAD hal/src/hal_io.o
LOAD hal/src/hal_sleep.o
LOAD hal/utils/src/utils_assert.o
LOAD hal/utils/src/utils_event.o
LOAD hal/utils/src/utils_list.o
LOAD hal/utils/src/utils_syscalls.o
LOAD hpl/core/hpl_core_m0plus_base.o
LOAD hpl/core/hpl_init.o
LOAD hpl/dmac/hpl_dmac.o
LOAD hpl/gclk/hpl_gclk.o
LOAD hpl/mclk/hpl_mclk.o
LOAD hpl/osc32kctrl/hpl_osc32kctrl.o
LOAD hpl/oscctrl/hpl_oscctrl.o
LOAD hpl/pm/hpl_pm.o
LOAD main.o
START GROUP
LOAD c:/program files (x86)/atmel/studio/7.0/toolchain/arm/arm-gnu-toolchain/bin/../lib/gcc/arm-none-eabi/6.3.1/../../../../arm-none-eabi/lib/thumb/v6-m\libm.a
END GROUP
START GROUP
LOAD c:/program files (x86)/atmel/studio/7.0/toolchain/arm/arm-gnu-toolchain/bin/../lib/gcc/arm-none-eabi/6.3.1/thumb/v6-m\libgcc.a
LOAD c:/program files (x86)/atmel/studio/7.0/toolchain/arm/arm-gnu-toolchain/bin/../lib/gcc/arm-none-eabi/6.3.1/../../../../arm-none-eabi/lib/thumb/v6-m\libc_nano.a
END GROUP
START GROUP
LOAD c:/program files (x86)/atmel/studio/7.0/toolchain/arm/arm-gnu-toolchain/bin/../lib/gcc/arm-none-eabi/6.3.1/thumb/v6-m\libgcc.a
LOAD c:/program files (x86)/atmel/studio/7.0/toolchain/arm/arm-gnu-toolchain/bin/../lib/gcc/arm-none-eabi/6.3.1/../../../../arm-none-eabi/lib/thumb/v6-m\libc_nano.a
END GROUP
LOAD c:/program files (x86)/atmel/studio/7.0/toolchain/arm/arm-gnu-toolchain/bin/../lib/gcc/arm-none-eabi/6.3.1/thumb/v6-m/crtend.o
LOAD c:/program files (x86)/atmel/studio/7.0/toolchain/arm/arm-gnu-toolchain/bin/../lib/gcc/arm-none-eabi/6.3.1/thumb/v6-m/crtn.o
                0x00000400                STACK_SIZE = DEFINED (STACK_SIZE)?STACK_SIZE:DEFINED (__stack_size__)?__stack_size__:0x400

.text           0x00000000     0x2188
                0x00000000                . = ALIGN (0x4)
                0x00000000                _sfixed = .
 *(.vectors .vectors.*)
 .vectors       0x00000000       0xb4 Device_Startup/startup_saml21.o
                0x00000000                exception_table
 *(.text .text.* .gnu.linkonce.t.*)
 .text          0x000000b4       0x60 c:/program files (x86)/atmel/studio/7.0/toolchain/arm/arm-gnu-toolchain/bin/../lib/gcc/arm-none-eabi/6.3.1/thumb/v6-m/crtbegin.o
 .text.atmel_start_init
                0x00000114       0x14 atmel_start.o
                0x00000114                atmel_start_init
 .text.Dummy_Handler
                0x00000128        0x2 Device_Startup/startup_saml21.o
                0x00000128                SVCall_Handler
                0x00000128                TRNG_Handler
                0x00000128                HardFault_Handler
                0x00000128                TC2_Handler
                0x00000128                AC_Handler
                0x00000128                SysTick_Handler
                0x00000128                PendSV_Handler
                0x00000128                SERCOM1_Handler
                0x00000128                ADC_Handler
                0x00000128                NonMaskableInt_Handler
                0x00000128                TCC1_Handler
                0x00000128                SERCOM2_Handler
                0x00000128                TCC0_Handler
                0x00000128                RTC_Handler
                0x00000128                EIC_Handler
                0x00000128                WDT_Handler
                0x00000128                TC4_Handler
                0x00000128                TC1_Handler
                0x00000128                USB_Handler
                0x00000128                TC3_Handler
                0x00000128                Dummy_Handler
                0x00000128                SERCOM5_Handler
                0x00000128                TCC2_Handler
                0x00000128                EVSYS_Handler
                0x00000128                SERCOM3_Handler
                0x00000128                SERCOM4_Handler
                0x00000128                NVMCTRL_Handler
                0x00000128                SYSTEM_Handler
                0x00000128                SERCOM0_Handler
                0x00000128                DAC_Handler
                0x00000128                PTC_Handler
                0x00000128                TC0_Handler
                0x00000128                AES_Handler
 *fill*         0x0000012a        0x2 
 .text.Reset_Handler
                0x0000012c       0x98 Device_Startup/startup_saml21.o
                0x0000012c                Reset_Handler
 .text.system_init
                0x000001c4        0xc driver_init.o
                0x000001c4                system_init
 .text.gpio_init
                0x000001d0       0x90 gpio_init.o
                0x000001d0                gpio_init
 .text.delay_ms
                0x00000260       0x20 hal/src/hal_delay.o
                0x00000260                delay_ms
 .text._sbrk    0x00000280       0x24 hal/utils/src/utils_syscalls.o
                0x00000280                _sbrk
 .text._get_cycles_for_ms
                0x000002a4       0x20 hpl/core/hpl_core_m0plus_base.o
                0x000002a4                _get_cycles_for_ms
 .text._delay_cycles
                0x000002c4        0x6 hpl/core/hpl_core_m0plus_base.o
                0x000002c4                _delay_cycles
 *fill*         0x000002ca        0x2 
 .text._init_chip
                0x000002cc       0x5c hpl/core/hpl_init.o
                0x000002cc                _init_chip
 .text._dma_init
                0x00000328       0xc8 hpl/dmac/hpl_dmac.o
                0x00000328                _dma_init
 .text.DMAC_Handler
                0x000003f0       0x5c hpl/dmac/hpl_dmac.o
                0x000003f0                DMAC_Handler
 .text._gclk_init_generators_by_fref
                0x0000044c       0x24 hpl/gclk/hpl_gclk.o
                0x0000044c                _gclk_init_generators_by_fref
 .text._mclk_init
                0x00000470       0x14 hpl/mclk/hpl_mclk.o
                0x00000470                _mclk_init
 .text._osc32kctrl_init_sources
                0x00000484       0x18 hpl/osc32kctrl/hpl_osc32kctrl.o
                0x00000484                _osc32kctrl_init_sources
 .text._oscctrl_init_sources
                0x0000049c       0x38 hpl/oscctrl/hpl_oscctrl.o
                0x0000049c                _oscctrl_init_sources
 .text._oscctrl_init_referenced_generators
                0x000004d4        0x2 hpl/oscctrl/hpl_oscctrl.o
                0x000004d4                _oscctrl_init_referenced_generators
 .text._set_performance_level
                0x000004d6       0x2a hpl/pm/hpl_pm.o
                0x000004d6                _set_performance_level
 .text.add_vertex
                0x00000500       0x74 main.o
                0x00000500                add_vertex
 .text.add_edge
                0x00000574       0x68 main.o
                0x00000574                add_edge
 .text.create_heap
                0x000005dc       0x30 main.o
                0x000005dc                create_heap
 .text.push_heap
                0x0000060c       0x80 main.o
                0x0000060c                push_heap
 .text.min      0x0000068c       0x30 main.o
                0x0000068c                min
 .text.pop_heap
                0x000006bc       0x74 main.o
                0x000006bc                pop_heap
 .text.dijkstra
                0x00000730       0xdc main.o
                0x00000730                dijkstra
 .text.main     0x0000080c     0x14a0 main.o
                0x0000080c                main
 .text          0x00001cac      0x114 c:/program files (x86)/atmel/studio/7.0/toolchain/arm/arm-gnu-toolchain/bin/../lib/gcc/arm-none-eabi/6.3.1/thumb/v6-m\libgcc.a(_udivsi3.o)
                0x00001cac                __aeabi_uidiv
                0x00001cac                __udivsi3
                0x00001db8                __aeabi_uidivmod
 .text          0x00001dc0        0x4 c:/program files (x86)/atmel/studio/7.0/toolchain/arm/arm-gnu-toolchain/bin/../lib/gcc/arm-none-eabi/6.3.1/thumb/v6-m\libgcc.a(_dvmd_tls.o)
                0x00001dc0                __aeabi_idiv0
                0x00001dc0                __aeabi_ldiv0
 .text.calloc   0x00001dc4       0x14 c:/program files (x86)/atmel/studio/7.0/toolchain/arm/arm-gnu-toolchain/bin/../lib/gcc/arm-none-eabi/6.3.1/../../../../arm-none-eabi/lib/thumb/v6-m\libc_nano.a(lib_a-calloc.o)
                0x00001dc4                calloc
 .text.__libc_init_array
                0x00001dd8       0x48 c:/program files (x86)/atmel/studio/7.0/toolchain/arm/arm-gnu-toolchain/bin/../lib/gcc/arm-none-eabi/6.3.1/../../../../arm-none-eabi/lib/thumb/v6-m\libc_nano.a(lib_a-init.o)
                0x00001dd8                __libc_init_array
 .text.memset   0x00001e20       0x10 c:/program files (x86)/atmel/studio/7.0/toolchain/arm/arm-gnu-toolchain/bin/../lib/gcc/arm-none-eabi/6.3.1/../../../../arm-none-eabi/lib/thumb/v6-m\libc_nano.a(lib_a-memset.o)
                0x00001e20                memset
 .text._calloc_r
                0x00001e30       0x1c c:/program files (x86)/atmel/studio/7.0/toolchain/arm/arm-gnu-toolchain/bin/../lib/gcc/arm-none-eabi/6.3.1/../../../../arm-none-eabi/lib/thumb/v6-m\libc_nano.a(lib_a-nano-callocr.o)
                0x00001e30                _calloc_r
 .text._malloc_r
                0x00001e4c       0xbc c:/program files (x86)/atmel/studio/7.0/toolchain/arm/arm-gnu-toolchain/bin/../lib/gcc/arm-none-eabi/6.3.1/../../../../arm-none-eabi/lib/thumb/v6-m\libc_nano.a(lib_a-nano-mallocr.o)
                0x00001e4c                _malloc_r
 .text.realloc  0x00001f08       0x14 c:/program files (x86)/atmel/studio/7.0/toolchain/arm/arm-gnu-toolchain/bin/../lib/gcc/arm-none-eabi/6.3.1/../../../../arm-none-eabi/lib/thumb/v6-m\libc_nano.a(lib_a-realloc.o)
                0x00001f08                realloc
 .text._sbrk_r  0x00001f1c       0x24 c:/program files (x86)/atmel/studio/7.0/toolchain/arm/arm-gnu-toolchain/bin/../lib/gcc/arm-none-eabi/6.3.1/../../../../arm-none-eabi/lib/thumb/v6-m\libc_nano.a(lib_a-sbrkr.o)
                0x00001f1c                _sbrk_r
 .text.__malloc_lock
                0x00001f40        0x2 c:/program files (x86)/atmel/studio/7.0/toolchain/arm/arm-gnu-toolchain/bin/../lib/gcc/arm-none-eabi/6.3.1/../../../../arm-none-eabi/lib/thumb/v6-m\libc_nano.a(lib_a-mlock.o)
                0x00001f40                __malloc_lock
 .text.__malloc_unlock
                0x00001f42        0x2 c:/program files (x86)/atmel/studio/7.0/toolchain/arm/arm-gnu-toolchain/bin/../lib/gcc/arm-none-eabi/6.3.1/../../../../arm-none-eabi/lib/thumb/v6-m\libc_nano.a(lib_a-mlock.o)
                0x00001f42                __malloc_unlock
 .text._realloc_r
                0x00001f44       0x4c c:/program files (x86)/atmel/studio/7.0/toolchain/arm/arm-gnu-toolchain/bin/../lib/gcc/arm-none-eabi/6.3.1/../../../../arm-none-eabi/lib/thumb/v6-m\libc_nano.a(lib_a-nano-reallocr.o)
                0x00001f44                _realloc_r
 .text.memcpy   0x00001f90       0x12 c:/program files (x86)/atmel/studio/7.0/toolchain/arm/arm-gnu-toolchain/bin/../lib/gcc/arm-none-eabi/6.3.1/../../../../arm-none-eabi/lib/thumb/v6-m\libc_nano.a(lib_a-memcpy-stub.o)
                0x00001f90                memcpy
 *fill*         0x00001fa2        0x2 
 .text._free_r  0x00001fa4       0x94 c:/program files (x86)/atmel/studio/7.0/toolchain/arm/arm-gnu-toolchain/bin/../lib/gcc/arm-none-eabi/6.3.1/../../../../arm-none-eabi/lib/thumb/v6-m\libc_nano.a(lib_a-nano-freer.o)
                0x00001fa4                _free_r
 .text._malloc_usable_size_r
                0x00002038       0x10 c:/program files (x86)/atmel/studio/7.0/toolchain/arm/arm-gnu-toolchain/bin/../lib/gcc/arm-none-eabi/6.3.1/../../../../arm-none-eabi/lib/thumb/v6-m\libc_nano.a(lib_a-nano-msizer.o)
                0x00002038                _malloc_usable_size_r
 *(.glue_7t)
 .glue_7t       0x00002048        0x0 linker stubs
 *(.glue_7)
 .glue_7        0x00002048        0x0 linker stubs
 *(.rodata .rodata* .gnu.linkonce.r.*)
 .rodata        0x00002048       0xc0 hpl/dmac/hpl_dmac.o
 .rodata.__sf_fake_stderr
                0x00002108       0x20 c:/program files (x86)/atmel/studio/7.0/toolchain/arm/arm-gnu-toolchain/bin/../lib/gcc/arm-none-eabi/6.3.1/../../../../arm-none-eabi/lib/thumb/v6-m\libc_nano.a(lib_a-findfp.o)
                0x00002108                __sf_fake_stderr
 .rodata.__sf_fake_stdin
                0x00002128       0x20 c:/program files (x86)/atmel/studio/7.0/toolchain/arm/arm-gnu-toolchain/bin/../lib/gcc/arm-none-eabi/6.3.1/../../../../arm-none-eabi/lib/thumb/v6-m\libc_nano.a(lib_a-findfp.o)
                0x00002128                __sf_fake_stdin
 .rodata.__sf_fake_stdout
                0x00002148       0x20 c:/program files (x86)/atmel/studio/7.0/toolchain/arm/arm-gnu-toolchain/bin/../lib/gcc/arm-none-eabi/6.3.1/../../../../arm-none-eabi/lib/thumb/v6-m\libc_nano.a(lib_a-findfp.o)
                0x00002148                __sf_fake_stdout
 *(.ARM.extab* .gnu.linkonce.armextab.*)
                0x00002168                . = ALIGN (0x4)
 *(.init)
 .init          0x00002168        0x4 c:/program files (x86)/atmel/studio/7.0/toolchain/arm/arm-gnu-toolchain/bin/../lib/gcc/arm-none-eabi/6.3.1/thumb/v6-m/crti.o
                0x00002168                _init
 .init          0x0000216c        0x8 c:/program files (x86)/atmel/studio/7.0/toolchain/arm/arm-gnu-toolchain/bin/../lib/gcc/arm-none-eabi/6.3.1/thumb/v6-m/crtn.o
                0x00002174                . = ALIGN (0x4)
                0x00002174                __preinit_array_start = .
 *(.preinit_array)
                0x00002174                __preinit_array_end = .
                0x00002174                . = ALIGN (0x4)
                0x00002174                __init_array_start = .
 *(SORT(.init_array.*))
 *(.init_array)
 .init_array    0x00002174        0x4 c:/program files (x86)/atmel/studio/7.0/toolchain/arm/arm-gnu-toolchain/bin/../lib/gcc/arm-none-eabi/6.3.1/thumb/v6-m/crtbegin.o
                0x00002178                __init_array_end = .
                0x00002178                . = ALIGN (0x4)
 *crtbegin.o(.ctors)
 *(EXCLUDE_FILE(*crtend.o) .ctors)
 *(SORT(.ctors.*))
 *crtend.o(.ctors)
                0x00002178                . = ALIGN (0x4)
 *(.fini)
 .fini          0x00002178        0x4 c:/program files (x86)/atmel/studio/7.0/toolchain/arm/arm-gnu-toolchain/bin/../lib/gcc/arm-none-eabi/6.3.1/thumb/v6-m/crti.o
                0x00002178                _fini
 .fini          0x0000217c        0x8 c:/program files (x86)/atmel/studio/7.0/toolchain/arm/arm-gnu-toolchain/bin/../lib/gcc/arm-none-eabi/6.3.1/thumb/v6-m/crtn.o
                0x00002184                . = ALIGN (0x4)
                0x00002184                __fini_array_start = .
 *(.fini_array)
 .fini_array    0x00002184        0x4 c:/program files (x86)/atmel/studio/7.0/toolchain/arm/arm-gnu-toolchain/bin/../lib/gcc/arm-none-eabi/6.3.1/thumb/v6-m/crtbegin.o
 *(SORT(.fini_array.*))
                0x00002188                __fini_array_end = .
 *crtbegin.o(.dtors)
 *(EXCLUDE_FILE(*crtend.o) .dtors)
 *(SORT(.dtors.*))
 *crtend.o(.dtors)
                0x00002188                . = ALIGN (0x4)
                0x00002188                _efixed = .
                [!provide]                PROVIDE (__exidx_start, .)

.vfp11_veneer   0x00002188        0x0
 .vfp11_veneer  0x00002188        0x0 linker stubs

.v4_bx          0x00002188        0x0
 .v4_bx         0x00002188        0x0 linker stubs

.iplt           0x00002188        0x0
 .iplt          0x00002188        0x0 c:/program files (x86)/atmel/studio/7.0/toolchain/arm/arm-gnu-toolchain/bin/../lib/gcc/arm-none-eabi/6.3.1/thumb/v6-m/crtbegin.o

.eh_frame       0x00002188        0x0
 .eh_frame      0x00002188        0x0 c:/program files (x86)/atmel/studio/7.0/toolchain/arm/arm-gnu-toolchain/bin/../lib/gcc/arm-none-eabi/6.3.1/thumb/v6-m/crtbegin.o

.rel.dyn        0x00002188        0x0
 .rel.iplt      0x00002188        0x0 c:/program files (x86)/atmel/studio/7.0/toolchain/arm/arm-gnu-toolchain/bin/../lib/gcc/arm-none-eabi/6.3.1/thumb/v6-m/crtbegin.o

.jcr            0x00002188        0x0
 .jcr           0x00002188        0x0 c:/program files (x86)/atmel/studio/7.0/toolchain/arm/arm-gnu-toolchain/bin/../lib/gcc/arm-none-eabi/6.3.1/thumb/v6-m/crtbegin.o

.igot.plt       0x00002188        0x0
 .igot.plt      0x00002188        0x0 c:/program files (x86)/atmel/studio/7.0/toolchain/arm/arm-gnu-toolchain/bin/../lib/gcc/arm-none-eabi/6.3.1/thumb/v6-m/crtbegin.o

.ARM.exidx
 *(.ARM.exidx* .gnu.linkonce.armexidx.*)
                [!provide]                PROVIDE (__exidx_end, .)
                0x00002188                . = ALIGN (0x4)
                0x00002188                _etext = .

.relocate       0x20000000       0x64 load address 0x00002188
                0x20000000                . = ALIGN (0x4)
                0x20000000                _srelocate = .
 *(.ramfunc .ramfunc.*)
 *(.data .data.*)
 .data._impure_ptr
                0x20000000        0x4 c:/program files (x86)/atmel/studio/7.0/toolchain/arm/arm-gnu-toolchain/bin/../lib/gcc/arm-none-eabi/6.3.1/../../../../arm-none-eabi/lib/thumb/v6-m\libc_nano.a(lib_a-impure.o)
                0x20000000                _impure_ptr
 .data.impure_data
                0x20000004       0x60 c:/program files (x86)/atmel/studio/7.0/toolchain/arm/arm-gnu-toolchain/bin/../lib/gcc/arm-none-eabi/6.3.1/../../../../arm-none-eabi/lib/thumb/v6-m\libc_nano.a(lib_a-impure.o)
                0x20000064                . = ALIGN (0x4)
                0x20000064                _erelocate = .

.lpram          0x30000000      0x200
                0x30000000                . = ALIGN (0x8)
                0x30000000                _slpram = .
 *(.lpram .lpram.*)
 .lpram         0x30000000      0x200 hpl/dmac/hpl_dmac.o
                0x30000000                _descriptor_section
                0x30000100                _write_back_section
                0x30000200                . = ALIGN (0x8)
                0x30000200                _elpram = .

.bss            0x20000064       0xf0 load address 0x000021ec
                0x20000064                . = ALIGN (0x4)
                0x20000064                _sbss = .
                0x20000064                _szero = .
 *(.bss .bss.*)
 .bss           0x20000064       0x1c c:/program files (x86)/atmel/studio/7.0/toolchain/arm/arm-gnu-toolchain/bin/../lib/gcc/arm-none-eabi/6.3.1/thumb/v6-m/crtbegin.o
 .bss           0x20000080        0x4 hal/src/hal_delay.o
 .bss           0x20000084        0x4 hal/utils/src/utils_syscalls.o
 .bss           0x20000088       0xc0 hpl/dmac/hpl_dmac.o
 .bss.__malloc_free_list
                0x20000148        0x4 c:/program files (x86)/atmel/studio/7.0/toolchain/arm/arm-gnu-toolchain/bin/../lib/gcc/arm-none-eabi/6.3.1/../../../../arm-none-eabi/lib/thumb/v6-m\libc_nano.a(lib_a-nano-mallocr.o)
                0x20000148                __malloc_free_list
 .bss.__malloc_sbrk_start
                0x2000014c        0x4 c:/program files (x86)/atmel/studio/7.0/toolchain/arm/arm-gnu-toolchain/bin/../lib/gcc/arm-none-eabi/6.3.1/../../../../arm-none-eabi/lib/thumb/v6-m\libc_nano.a(lib_a-nano-mallocr.o)
                0x2000014c                __malloc_sbrk_start
 *(COMMON)
 COMMON         0x20000150        0x4 c:/program files (x86)/atmel/studio/7.0/toolchain/arm/arm-gnu-toolchain/bin/../lib/gcc/arm-none-eabi/6.3.1/../../../../arm-none-eabi/lib/thumb/v6-m\libc_nano.a(lib_a-reent.o)
                0x20000150                errno
                0x20000154                . = ALIGN (0x4)
                0x20000154                _ebss = .
                0x20000154                _ezero = .

.stack          0x20000154      0x404 load address 0x000022dc
                0x20000158                . = ALIGN (0x8)
 *fill*         0x20000154        0x4 
                0x20000158                _sstack = .
                0x20000558                . = (. + STACK_SIZE)
 *fill*         0x20000158      0x400 
                0x20000558                . = ALIGN (0x8)
                0x20000558                _estack = .
                0x20000558                . = ALIGN (0x4)
                0x20000558                _end = .
OUTPUT(Dijkstra-S.elf elf32-littlearm)

.ARM.attributes
                0x00000000       0x28
 .ARM.attributes
                0x00000000       0x1e c:/program files (x86)/atmel/studio/7.0/toolchain/arm/arm-gnu-toolchain/bin/../lib/gcc/arm-none-eabi/6.3.1/thumb/v6-m/crti.o
 .ARM.attributes
                0x0000001e       0x2c c:/program files (x86)/atmel/studio/7.0/toolchain/arm/arm-gnu-toolchain/bin/../lib/gcc/arm-none-eabi/6.3.1/thumb/v6-m/crtbegin.o
 .ARM.attributes
                0x0000004a       0x32 atmel_start.o
 .ARM.attributes
                0x0000007c       0x32 Device_Startup/startup_saml21.o
 .ARM.attributes
                0x000000ae       0x32 driver_init.o
 .ARM.attributes
                0x000000e0       0x32 gpio_init.o
 .ARM.attributes
                0x00000112       0x32 hal/src/hal_delay.o
 .ARM.attributes
                0x00000144       0x32 hal/utils/src/utils_syscalls.o
 .ARM.attributes
                0x00000176       0x32 hpl/core/hpl_core_m0plus_base.o
 .ARM.attributes
                0x000001a8       0x32 hpl/core/hpl_init.o
 .ARM.attributes
                0x000001da       0x32 hpl/dmac/hpl_dmac.o
 .ARM.attributes
                0x0000020c       0x32 hpl/gclk/hpl_gclk.o
 .ARM.attributes
                0x0000023e       0x32 hpl/mclk/hpl_mclk.o
 .ARM.attributes
                0x00000270       0x32 hpl/osc32kctrl/hpl_osc32kctrl.o
 .ARM.attributes
                0x000002a2       0x32 hpl/oscctrl/hpl_oscctrl.o
 .ARM.attributes
                0x000002d4       0x32 hpl/pm/hpl_pm.o
 .ARM.attributes
                0x00000306       0x32 main.o
 .ARM.attributes
                0x00000338       0x1e c:/program files (x86)/atmel/studio/7.0/toolchain/arm/arm-gnu-toolchain/bin/../lib/gcc/arm-none-eabi/6.3.1/thumb/v6-m\libgcc.a(_udivsi3.o)
 .ARM.attributes
                0x00000356       0x1e c:/program files (x86)/atmel/studio/7.0/toolchain/arm/arm-gnu-toolchain/bin/../lib/gcc/arm-none-eabi/6.3.1/thumb/v6-m\libgcc.a(_dvmd_tls.o)
 .ARM.attributes
                0x00000374       0x2c c:/program files (x86)/atmel/studio/7.0/toolchain/arm/arm-gnu-toolchain/bin/../lib/gcc/arm-none-eabi/6.3.1/../../../../arm-none-eabi/lib/thumb/v6-m\libc_nano.a(lib_a-calloc.o)
 .ARM.attributes
                0x000003a0       0x2c c:/program files (x86)/atmel/studio/7.0/toolchain/arm/arm-gnu-toolchain/bin/../lib/gcc/arm-none-eabi/6.3.1/../../../../arm-none-eabi/lib/thumb/v6-m\libc_nano.a(lib_a-impure.o)
 .ARM.attributes
                0x000003cc       0x2c c:/program files (x86)/atmel/studio/7.0/toolchain/arm/arm-gnu-toolchain/bin/../lib/gcc/arm-none-eabi/6.3.1/../../../../arm-none-eabi/lib/thumb/v6-m\libc_nano.a(lib_a-init.o)
 .ARM.attributes
                0x000003f8       0x2c c:/program files (x86)/atmel/studio/7.0/toolchain/arm/arm-gnu-toolchain/bin/../lib/gcc/arm-none-eabi/6.3.1/../../../../arm-none-eabi/lib/thumb/v6-m\libc_nano.a(lib_a-memset.o)
 .ARM.attributes
                0x00000424       0x2c c:/program files (x86)/atmel/studio/7.0/toolchain/arm/arm-gnu-toolchain/bin/../lib/gcc/arm-none-eabi/6.3.1/../../../../arm-none-eabi/lib/thumb/v6-m\libc_nano.a(lib_a-nano-callocr.o)
 .ARM.attributes
                0x00000450       0x2c c:/program files (x86)/atmel/studio/7.0/toolchain/arm/arm-gnu-toolchain/bin/../lib/gcc/arm-none-eabi/6.3.1/../../../../arm-none-eabi/lib/thumb/v6-m\libc_nano.a(lib_a-nano-mallocr.o)
 .ARM.attributes
                0x0000047c       0x2c c:/program files (x86)/atmel/studio/7.0/toolchain/arm/arm-gnu-toolchain/bin/../lib/gcc/arm-none-eabi/6.3.1/../../../../arm-none-eabi/lib/thumb/v6-m\libc_nano.a(lib_a-realloc.o)
 .ARM.attributes
                0x000004a8       0x2c c:/program files (x86)/atmel/studio/7.0/toolchain/arm/arm-gnu-toolchain/bin/../lib/gcc/arm-none-eabi/6.3.1/../../../../arm-none-eabi/lib/thumb/v6-m\libc_nano.a(lib_a-sbrkr.o)
 .ARM.attributes
                0x000004d4       0x2c c:/program files (x86)/atmel/studio/7.0/toolchain/arm/arm-gnu-toolchain/bin/../lib/gcc/arm-none-eabi/6.3.1/../../../../arm-none-eabi/lib/thumb/v6-m\libc_nano.a(lib_a-findfp.o)
 .ARM.attributes
                0x00000500       0x2c c:/program files (x86)/atmel/studio/7.0/toolchain/arm/arm-gnu-toolchain/bin/../lib/gcc/arm-none-eabi/6.3.1/../../../../arm-none-eabi/lib/thumb/v6-m\libc_nano.a(lib_a-mlock.o)
 .ARM.attributes
                0x0000052c       0x2c c:/program files (x86)/atmel/studio/7.0/toolchain/arm/arm-gnu-toolchain/bin/../lib/gcc/arm-none-eabi/6.3.1/../../../../arm-none-eabi/lib/thumb/v6-m\libc_nano.a(lib_a-nano-reallocr.o)
 .ARM.attributes
                0x00000558       0x2c c:/program files (x86)/atmel/studio/7.0/toolchain/arm/arm-gnu-toolchain/bin/../lib/gcc/arm-none-eabi/6.3.1/../../../../arm-none-eabi/lib/thumb/v6-m\libc_nano.a(lib_a-reent.o)
 .ARM.attributes
                0x00000584       0x2c c:/program files (x86)/atmel/studio/7.0/toolchain/arm/arm-gnu-toolchain/bin/../lib/gcc/arm-none-eabi/6.3.1/../../../../arm-none-eabi/lib/thumb/v6-m\libc_nano.a(lib_a-memcpy-stub.o)
 .ARM.attributes
                0x000005b0       0x2c c:/program files (x86)/atmel/studio/7.0/toolchain/arm/arm-gnu-toolchain/bin/../lib/gcc/arm-none-eabi/6.3.1/../../../../arm-none-eabi/lib/thumb/v6-m\libc_nano.a(lib_a-nano-freer.o)
 .ARM.attributes
                0x000005dc       0x2c c:/program files (x86)/atmel/studio/7.0/toolchain/arm/arm-gnu-toolchain/bin/../lib/gcc/arm-none-eabi/6.3.1/../../../../arm-none-eabi/lib/thumb/v6-m\libc_nano.a(lib_a-nano-msizer.o)
 .ARM.attributes
                0x00000608       0x1e c:/program files (x86)/atmel/studio/7.0/toolchain/arm/arm-gnu-toolchain/bin/../lib/gcc/arm-none-eabi/6.3.1/thumb/v6-m/crtn.o

.comment        0x00000000       0x59
 .comment       0x00000000       0x59 atmel_start.o
                                 0x5a (size before relaxing)
 .comment       0x00000059       0x5a Device_Startup/startup_saml21.o
 .comment       0x00000059       0x5a driver_init.o
 .comment       0x00000059       0x5a gpio_init.o
 .comment       0x00000059       0x5a hal/src/hal_delay.o
 .comment       0x00000059       0x5a hal/utils/src/utils_syscalls.o
 .comment       0x00000059       0x5a hpl/core/hpl_core_m0plus_base.o
 .comment       0x00000059       0x5a hpl/core/hpl_init.o
 .comment       0x00000059       0x5a hpl/dmac/hpl_dmac.o
 .comment       0x00000059       0x5a hpl/gclk/hpl_gclk.o
 .comment       0x00000059       0x5a hpl/mclk/hpl_mclk.o
 .comment       0x00000059       0x5a hpl/osc32kctrl/hpl_osc32kctrl.o
 .comment       0x00000059       0x5a hpl/oscctrl/hpl_oscctrl.o
 .comment       0x00000059       0x5a hpl/pm/hpl_pm.o
 .comment       0x00000059       0x5a main.o

.debug_info     0x00000000    0x1046c
 .debug_info    0x00000000       0xe5 atmel_start.o
 .debug_info    0x000000e5      0xa27 Device_Startup/startup_saml21.o
 .debug_info    0x00000b0c       0xe8 driver_init.o
 .debug_info    0x00000bf4     0x135e gpio_init.o
 .debug_info    0x00001f52      0x1dc hal/src/hal_delay.o
 .debug_info    0x0000212e      0xdca hal/utils/src/utils_syscalls.o
 .debug_info    0x00002ef8      0x859 hpl/core/hpl_core_m0plus_base.o
 .debug_info    0x00003751      0xf37 hpl/core/hpl_init.o
 .debug_info    0x00004688     0x27eb hpl/dmac/hpl_dmac.o
 .debug_info    0x00006e73      0x582 hpl/gclk/hpl_gclk.o
 .debug_info    0x000073f5      0xa0e hpl/mclk/hpl_mclk.o
 .debug_info    0x00007e03      0x620 hpl/osc32kctrl/hpl_osc32kctrl.o
 .debug_info    0x00008423      0xe4d hpl/oscctrl/hpl_oscctrl.o
 .debug_info    0x00009270      0xabc hpl/pm/hpl_pm.o
 .debug_info    0x00009d2c     0x6740 main.o

.debug_abbrev   0x00000000     0x1e3d
 .debug_abbrev  0x00000000       0x84 atmel_start.o
 .debug_abbrev  0x00000084      0x1e4 Device_Startup/startup_saml21.o
 .debug_abbrev  0x00000268       0xa2 driver_init.o
 .debug_abbrev  0x0000030a      0x279 gpio_init.o
 .debug_abbrev  0x00000583       0xe1 hal/src/hal_delay.o
 .debug_abbrev  0x00000664      0x269 hal/utils/src/utils_syscalls.o
 .debug_abbrev  0x000008cd      0x2cd hpl/core/hpl_core_m0plus_base.o
 .debug_abbrev  0x00000b9a      0x1ce hpl/core/hpl_init.o
 .debug_abbrev  0x00000d68      0x3b2 hpl/dmac/hpl_dmac.o
 .debug_abbrev  0x0000111a      0x19a hpl/gclk/hpl_gclk.o
 .debug_abbrev  0x000012b4      0x1b7 hpl/mclk/hpl_mclk.o
 .debug_abbrev  0x0000146b      0x1a2 hpl/osc32kctrl/hpl_osc32kctrl.o
 .debug_abbrev  0x0000160d      0x221 hpl/oscctrl/hpl_oscctrl.o
 .debug_abbrev  0x0000182e      0x24c hpl/pm/hpl_pm.o
 .debug_abbrev  0x00001a7a      0x3c3 main.o

.debug_loc      0x00000000     0x219c
 .debug_loc     0x00000000       0x20 atmel_start.o
 .debug_loc     0x00000020       0x40 Device_Startup/startup_saml21.o
 .debug_loc     0x00000060       0x20 driver_init.o
 .debug_loc     0x00000080      0x58b gpio_init.o
 .debug_loc     0x0000060b       0xc3 hal/src/hal_delay.o
 .debug_loc     0x000006ce      0x13b hal/utils/src/utils_syscalls.o
 .debug_loc     0x00000809      0x1f7 hpl/core/hpl_core_m0plus_base.o
 .debug_loc     0x00000a00       0x64 hpl/core/hpl_init.o
 .debug_loc     0x00000a64      0xbb8 hpl/dmac/hpl_dmac.o
 .debug_loc     0x0000161c       0x72 hpl/gclk/hpl_gclk.o
 .debug_loc     0x0000168e       0x84 hpl/mclk/hpl_mclk.o
 .debug_loc     0x00001712       0x94 hpl/osc32kctrl/hpl_osc32kctrl.o
 .debug_loc     0x000017a6       0x18 hpl/oscctrl/hpl_oscctrl.o
 .debug_loc     0x000017be      0x188 hpl/pm/hpl_pm.o
 .debug_loc     0x00001946      0x856 main.o

.debug_aranges  0x00000000      0x348
 .debug_aranges
                0x00000000       0x20 atmel_start.o
 .debug_aranges
                0x00000020       0x28 Device_Startup/startup_saml21.o
 .debug_aranges
                0x00000048       0x20 driver_init.o
 .debug_aranges
                0x00000068       0x20 gpio_init.o
 .debug_aranges
                0x00000088       0x38 hal/src/hal_delay.o
 .debug_aranges
                0x000000c0       0x60 hal/utils/src/utils_syscalls.o
 .debug_aranges
                0x00000120       0x80 hpl/core/hpl_core_m0plus_base.o
 .debug_aranges
                0x000001a0       0x20 hpl/core/hpl_init.o
 .debug_aranges
                0x000001c0       0x70 hpl/dmac/hpl_dmac.o
 .debug_aranges
                0x00000230       0x28 hpl/gclk/hpl_gclk.o
 .debug_aranges
                0x00000258       0x20 hpl/mclk/hpl_mclk.o
 .debug_aranges
                0x00000278       0x20 hpl/osc32kctrl/hpl_osc32kctrl.o
 .debug_aranges
                0x00000298       0x28 hpl/oscctrl/hpl_oscctrl.o
 .debug_aranges
                0x000002c0       0x30 hpl/pm/hpl_pm.o
 .debug_aranges
                0x000002f0       0x58 main.o

.debug_ranges   0x00000000      0x350
 .debug_ranges  0x00000000       0x10 atmel_start.o
 .debug_ranges  0x00000010       0x18 Device_Startup/startup_saml21.o
 .debug_ranges  0x00000028       0x10 driver_init.o
 .debug_ranges  0x00000038       0x10 gpio_init.o
 .debug_ranges  0x00000048       0x28 hal/src/hal_delay.o
 .debug_ranges  0x00000070       0x50 hal/utils/src/utils_syscalls.o
 .debug_ranges  0x000000c0       0x70 hpl/core/hpl_core_m0plus_base.o
 .debug_ranges  0x00000130       0x10 hpl/core/hpl_init.o
 .debug_ranges  0x00000140      0x110 hpl/dmac/hpl_dmac.o
 .debug_ranges  0x00000250       0x18 hpl/gclk/hpl_gclk.o
 .debug_ranges  0x00000268       0x10 hpl/mclk/hpl_mclk.o
 .debug_ranges  0x00000278       0x10 hpl/osc32kctrl/hpl_osc32kctrl.o
 .debug_ranges  0x00000288       0x30 hpl/oscctrl/hpl_oscctrl.o
 .debug_ranges  0x000002b8       0x20 hpl/pm/hpl_pm.o
 .debug_ranges  0x000002d8       0x78 main.o

.debug_macro    0x00000000    0x1adea
 .debug_macro   0x00000000      0x584 atmel_start.o
 .debug_macro   0x00000584      0x89e atmel_start.o
 .debug_macro   0x00000e22      0x16d atmel_start.o
 .debug_macro   0x00000f8f       0x22 atmel_start.o
 .debug_macro   0x00000fb1       0x87 atmel_start.o
 .debug_macro   0x00001038       0x51 atmel_start.o
 .debug_macro   0x00001089       0xef atmel_start.o
 .debug_macro   0x00001178       0x6a atmel_start.o
 .debug_macro   0x000011e2      0x1df atmel_start.o
 .debug_macro   0x000013c1       0x22 atmel_start.o
 .debug_macro   0x000013e3       0x3f atmel_start.o
 .debug_macro   0x00001422       0x1c atmel_start.o
 .debug_macro   0x0000143e       0x22 atmel_start.o
 .debug_macro   0x00001460       0xb5 atmel_start.o
 .debug_macro   0x00001515      0x3ad atmel_start.o
 .debug_macro   0x000018c2      0x714 atmel_start.o
 .debug_macro   0x00001fd6      0x8f0 atmel_start.o
 .debug_macro   0x000028c6      0x279 atmel_start.o
 .debug_macro   0x00002b3f      0x21e atmel_start.o
 .debug_macro   0x00002d5d      0x4c3 atmel_start.o
 .debug_macro   0x00003220      0xe12 atmel_start.o
 .debug_macro   0x00004032      0x5e7 atmel_start.o
 .debug_macro   0x00004619      0x5be atmel_start.o
 .debug_macro   0x00004bd7      0x824 atmel_start.o
 .debug_macro   0x000053fb      0x314 atmel_start.o
 .debug_macro   0x0000570f      0x5c6 atmel_start.o
 .debug_macro   0x00005cd5      0x21c atmel_start.o
 .debug_macro   0x00005ef1      0x729 atmel_start.o
 .debug_macro   0x0000661a      0x16f atmel_start.o
 .debug_macro   0x00006789      0x70f atmel_start.o
 .debug_macro   0x00006e98      0x28c atmel_start.o
 .debug_macro   0x00007124      0x6e1 atmel_start.o
 .debug_macro   0x00007805      0x2c5 atmel_start.o
 .debug_macro   0x00007aca      0x3c1 atmel_start.o
 .debug_macro   0x00007e8b      0x1a0 atmel_start.o
 .debug_macro   0x0000802b     0x1260 atmel_start.o
 .debug_macro   0x0000928b      0xf4d atmel_start.o
 .debug_macro   0x0000a1d8      0x866 atmel_start.o
 .debug_macro   0x0000aa3e      0x8ae atmel_start.o
 .debug_macro   0x0000b2ec     0x19be atmel_start.o
 .debug_macro   0x0000ccaa       0xe7 atmel_start.o
 .debug_macro   0x0000cd91     0x13e6 atmel_start.o
 .debug_macro   0x0000e177      0x36a atmel_start.o
 .debug_macro   0x0000e4e1       0x7c atmel_start.o
 .debug_macro   0x0000e55d       0xac atmel_start.o
 .debug_macro   0x0000e609       0x4c atmel_start.o
 .debug_macro   0x0000e655       0x94 atmel_start.o
 .debug_macro   0x0000e6e9       0xdc atmel_start.o
 .debug_macro   0x0000e7c5       0xb2 atmel_start.o
 .debug_macro   0x0000e877       0x64 atmel_start.o
 .debug_macro   0x0000e8db      0x5a4 atmel_start.o
 .debug_macro   0x0000ee7f      0x19d atmel_start.o
 .debug_macro   0x0000f01c       0x70 atmel_start.o
 .debug_macro   0x0000f08c       0xa0 atmel_start.o
 .debug_macro   0x0000f12c       0xc4 atmel_start.o
 .debug_macro   0x0000f1f0       0x28 atmel_start.o
 .debug_macro   0x0000f218       0xa0 atmel_start.o
 .debug_macro   0x0000f2b8       0x40 atmel_start.o
 .debug_macro   0x0000f2f8       0x7c atmel_start.o
 .debug_macro   0x0000f374       0x40 atmel_start.o
 .debug_macro   0x0000f3b4      0x16c atmel_start.o
 .debug_macro   0x0000f520       0x10 atmel_start.o
 .debug_macro   0x0000f530       0x34 atmel_start.o
 .debug_macro   0x0000f564       0xee atmel_start.o
 .debug_macro   0x0000f652      0x12b atmel_start.o
 .debug_macro   0x0000f77d      0x12b atmel_start.o
 .debug_macro   0x0000f8a8      0x12b atmel_start.o
 .debug_macro   0x0000f9d3      0x12b atmel_start.o
 .debug_macro   0x0000fafe      0x12b atmel_start.o
 .debug_macro   0x0000fc29      0x12b atmel_start.o
 .debug_macro   0x0000fd54       0x5e atmel_start.o
 .debug_macro   0x0000fdb2       0xfa atmel_start.o
 .debug_macro   0x0000feac       0xfa atmel_start.o
 .debug_macro   0x0000ffa6       0xfa atmel_start.o
 .debug_macro   0x000100a0       0xfa atmel_start.o
 .debug_macro   0x0001019a       0xfa atmel_start.o
 .debug_macro   0x00010294      0x124 atmel_start.o
 .debug_macro   0x000103b8       0xfa atmel_start.o
 .debug_macro   0x000104b2       0xee atmel_start.o
 .debug_macro   0x000105a0       0x2e atmel_start.o
 .debug_macro   0x000105ce      0x40f atmel_start.o
 .debug_macro   0x000109dd       0x3a atmel_start.o
 .debug_macro   0x00010a17      0x42c atmel_start.o
 .debug_macro   0x00010e43     0x23fb atmel_start.o
 .debug_macro   0x0001323e       0x90 atmel_start.o
 .debug_macro   0x000132ce       0x10 atmel_start.o
 .debug_macro   0x000132de       0x10 atmel_start.o
 .debug_macro   0x000132ee       0x16 atmel_start.o
 .debug_macro   0x00013304       0x16 atmel_start.o
 .debug_macro   0x0001331a       0x16 atmel_start.o
 .debug_macro   0x00013330       0x16 atmel_start.o
 .debug_macro   0x00013346       0x16 atmel_start.o
 .debug_macro   0x0001335c       0x16 atmel_start.o
 .debug_macro   0x00013372       0x16 atmel_start.o
 .debug_macro   0x00013388       0x16 atmel_start.o
 .debug_macro   0x0001339e       0x16 atmel_start.o
 .debug_macro   0x000133b4       0x16 atmel_start.o
 .debug_macro   0x000133ca       0x16 atmel_start.o
 .debug_macro   0x000133e0       0x16 atmel_start.o
 .debug_macro   0x000133f6       0x16 atmel_start.o
 .debug_macro   0x0001340c       0x16 atmel_start.o
 .debug_macro   0x00013422       0x16 atmel_start.o
 .debug_macro   0x00013438       0x16 atmel_start.o
 .debug_macro   0x0001344e       0x16 atmel_start.o
 .debug_macro   0x00013464       0x16 atmel_start.o
 .debug_macro   0x0001347a       0x16 atmel_start.o
 .debug_macro   0x00013490      0x2e0 atmel_start.o
 .debug_macro   0x00013770       0x94 atmel_start.o
 .debug_macro   0x00013804       0x16 atmel_start.o
 .debug_macro   0x0001381a       0xbe atmel_start.o
 .debug_macro   0x000138d8      0x28c atmel_start.o
 .debug_macro   0x00013b64       0x16 atmel_start.o
 .debug_macro   0x00013b7a      0x4d8 atmel_start.o
 .debug_macro   0x00014052       0x16 atmel_start.o
 .debug_macro   0x00014068       0xca atmel_start.o
 .debug_macro   0x00014132       0x1c atmel_start.o
 .debug_macro   0x0001414e       0x16 atmel_start.o
 .debug_macro   0x00014164       0xcf atmel_start.o
 .debug_macro   0x00014233       0x40 atmel_start.o
 .debug_macro   0x00014273       0x46 atmel_start.o
 .debug_macro   0x000142b9      0x36a Device_Startup/startup_saml21.o
 .debug_macro   0x00014623       0x39 Device_Startup/startup_saml21.o
 .debug_macro   0x0001465c      0x583 driver_init.o
 .debug_macro   0x00014bdf       0x10 driver_init.o
 .debug_macro   0x00014bef       0xc9 driver_init.o
 .debug_macro   0x00014cb8      0x579 gpio_init.o
 .debug_macro   0x00015231      0x500 hal/src/hal_delay.o
 .debug_macro   0x00015731      0x1d6 hal/utils/src/utils_syscalls.o
 .debug_macro   0x00015907       0x52 hal/utils/src/utils_syscalls.o
 .debug_macro   0x00015959       0x8d hal/utils/src/utils_syscalls.o
 .debug_macro   0x000159e6       0x16 hal/utils/src/utils_syscalls.o
 .debug_macro   0x000159fc       0x57 hal/utils/src/utils_syscalls.o
 .debug_macro   0x00015a53       0x97 hal/utils/src/utils_syscalls.o
 .debug_macro   0x00015aea      0x353 hal/utils/src/utils_syscalls.o
 .debug_macro   0x00015e3d       0xf6 hal/utils/src/utils_syscalls.o
 .debug_macro   0x00015f33       0x10 hal/utils/src/utils_syscalls.o
 .debug_macro   0x00015f43       0x10 hal/utils/src/utils_syscalls.o
 .debug_macro   0x00015f53       0x1c hal/utils/src/utils_syscalls.o
 .debug_macro   0x00015f6f       0x52 hal/utils/src/utils_syscalls.o
 .debug_macro   0x00015fc1       0x40 hal/utils/src/utils_syscalls.o
 .debug_macro   0x00016001       0x10 hal/utils/src/utils_syscalls.o
 .debug_macro   0x00016011       0x40 hal/utils/src/utils_syscalls.o
 .debug_macro   0x00016051       0xd7 hal/utils/src/utils_syscalls.o
 .debug_macro   0x00016128       0x16 hal/utils/src/utils_syscalls.o
 .debug_macro   0x0001613e      0x18b hal/utils/src/utils_syscalls.o
 .debug_macro   0x000162c9       0x4c hal/utils/src/utils_syscalls.o
 .debug_macro   0x00016315       0x16 hal/utils/src/utils_syscalls.o
 .debug_macro   0x0001632b       0x10 hal/utils/src/utils_syscalls.o
 .debug_macro   0x0001633b       0x10 hal/utils/src/utils_syscalls.o
 .debug_macro   0x0001634b       0x35 hal/utils/src/utils_syscalls.o
 .debug_macro   0x00016380      0x122 hal/utils/src/utils_syscalls.o
 .debug_macro   0x000164a2      0x529 hpl/core/hpl_core_m0plus_base.o
 .debug_macro   0x000169cb      0x54d hpl/core/hpl_init.o
 .debug_macro   0x00016f18       0x28 hpl/core/hpl_init.o
 .debug_macro   0x00016f40      0x772 hpl/core/hpl_init.o
 .debug_macro   0x000176b2      0x512 hpl/dmac/hpl_dmac.o
 .debug_macro   0x00017bc4      0x6cc hpl/dmac/hpl_dmac.o
 .debug_macro   0x00018290      0x6ba hpl/dmac/hpl_dmac.o
 .debug_macro   0x0001894a      0x4e4 hpl/gclk/hpl_gclk.o
 .debug_macro   0x00018e2e      0x1f4 hpl/gclk/hpl_gclk.o
 .debug_macro   0x00019022      0x4e0 hpl/mclk/hpl_mclk.o
 .debug_macro   0x00019502      0x4db hpl/osc32kctrl/hpl_osc32kctrl.o
 .debug_macro   0x000199dd       0xa4 hpl/osc32kctrl/hpl_osc32kctrl.o
 .debug_macro   0x00019a81      0x4db hpl/oscctrl/hpl_oscctrl.o
 .debug_macro   0x00019f5c      0x18c hpl/oscctrl/hpl_oscctrl.o
 .debug_macro   0x0001a0e8      0x4e6 hpl/pm/hpl_pm.o
 .debug_macro   0x0001a5ce      0x684 main.o
 .debug_macro   0x0001ac52       0x16 main.o
 .debug_macro   0x0001ac68       0x16 main.o
 .debug_macro   0x0001ac7e       0x29 main.o
 .debug_macro   0x0001aca7       0x2b main.o
 .debug_macro   0x0001acd2      0x118 main.o

.debug_line     0x00000000     0x9f88
 .debug_line    0x00000000      0xb2c atmel_start.o
 .debug_line    0x00000b2c      0x761 Device_Startup/startup_saml21.o
 .debug_line    0x0000128d      0xb2f driver_init.o
 .debug_line    0x00001dbc      0xb48 gpio_init.o
 .debug_line    0x00002904      0xa7e hal/src/hal_delay.o
 .debug_line    0x00003382      0x40b hal/utils/src/utils_syscalls.o
 .debug_line    0x0000378d      0xbed hpl/core/hpl_core_m0plus_base.o
 .debug_line    0x0000437a      0xb07 hpl/core/hpl_init.o
 .debug_line    0x00004e81      0xcff hpl/dmac/hpl_dmac.o
 .debug_line    0x00005b80      0xa6f hpl/gclk/hpl_gclk.o
 .debug_line    0x000065ef      0xa4d hpl/mclk/hpl_mclk.o
 .debug_line    0x0000703c      0xa5a hpl/osc32kctrl/hpl_osc32kctrl.o
 .debug_line    0x00007a96      0xa88 hpl/oscctrl/hpl_oscctrl.o
 .debug_line    0x0000851e      0xa8c hpl/pm/hpl_pm.o
 .debug_line    0x00008faa      0xfde main.o

.debug_str      0x00000000    0x92f63
 .debug_str     0x00000000    0x833f7 atmel_start.o
                              0x838c2 (size before relaxing)
 .debug_str     0x000833f7      0x520 Device_Startup/startup_saml21.o
                              0x7b2ad (size before relaxing)
 .debug_str     0x00083917      0x4db driver_init.o
                              0x83b7b (size before relaxing)
 .debug_str     0x00083df2      0x40a gpio_init.o
                              0x83d09 (size before relaxing)
 .debug_str     0x000841fc       0xad hal/src/hal_delay.o
                              0x82ca9 (size before relaxing)
 .debug_str     0x000842a9     0x4529 hal/utils/src/utils_syscalls.o
                               0x7321 (size before relaxing)
 .debug_str     0x000887d2      0x335 hpl/core/hpl_core_m0plus_base.o
                              0x8358e (size before relaxing)
 .debug_str     0x00088b07     0x1c9c hpl/core/hpl_init.o
                              0x8536b (size before relaxing)
 .debug_str     0x0008a7a3     0x6811 hpl/dmac/hpl_dmac.o
                              0x8b39c (size before relaxing)
 .debug_str     0x00090fb4      0x8e2 hpl/gclk/hpl_gclk.o
                              0x83584 (size before relaxing)
 .debug_str     0x00091896       0xa5 hpl/mclk/hpl_mclk.o
                              0x8304d (size before relaxing)
 .debug_str     0x0009193b      0x490 hpl/osc32kctrl/hpl_osc32kctrl.o
                              0x830a6 (size before relaxing)
 .debug_str     0x00091dcb      0x8f4 hpl/oscctrl/hpl_oscctrl.o
                              0x8358b (size before relaxing)
 .debug_str     0x000926bf      0x367 hpl/pm/hpl_pm.o
                              0x83007 (size before relaxing)
 .debug_str     0x00092a26      0x53d main.o
                              0x86dcf (size before relaxing)

.debug_frame    0x00000000      0x99c
 .debug_frame   0x00000000       0x28 atmel_start.o
 .debug_frame   0x00000028       0x38 Device_Startup/startup_saml21.o
 .debug_frame   0x00000060       0x28 driver_init.o
 .debug_frame   0x00000088       0x2c gpio_init.o
 .debug_frame   0x000000b4       0x68 hal/src/hal_delay.o
 .debug_frame   0x0000011c       0xa8 hal/utils/src/utils_syscalls.o
 .debug_frame   0x000001c4       0xfc hpl/core/hpl_core_m0plus_base.o
 .debug_frame   0x000002c0       0x28 hpl/core/hpl_init.o
 .debug_frame   0x000002e8      0x110 hpl/dmac/hpl_dmac.o
 .debug_frame   0x000003f8       0x30 hpl/gclk/hpl_gclk.o
 .debug_frame   0x00000428       0x20 hpl/mclk/hpl_mclk.o
 .debug_frame   0x00000448       0x20 hpl/osc32kctrl/hpl_osc32kctrl.o
 .debug_frame   0x00000468       0x30 hpl/oscctrl/hpl_oscctrl.o
 .debug_frame   0x00000498       0x40 hpl/pm/hpl_pm.o
 .debug_frame   0x000004d8      0x128 main.o
 .debug_frame   0x00000600       0x20 c:/program files (x86)/atmel/studio/7.0/toolchain/arm/arm-gnu-toolchain/bin/../lib/gcc/arm-none-eabi/6.3.1/thumb/v6-m\libgcc.a(_udivsi3.o)
 .debug_frame   0x00000620       0x28 c:/program files (x86)/atmel/studio/7.0/toolchain/arm/arm-gnu-toolchain/bin/../lib/gcc/arm-none-eabi/6.3.1/../../../../arm-none-eabi/lib/thumb/v6-m\libc_nano.a(lib_a-calloc.o)
 .debug_frame   0x00000648       0x2c c:/program files (x86)/atmel/studio/7.0/toolchain/arm/arm-gnu-toolchain/bin/../lib/gcc/arm-none-eabi/6.3.1/../../../../arm-none-eabi/lib/thumb/v6-m\libc_nano.a(lib_a-init.o)
 .debug_frame   0x00000674       0x20 c:/program files (x86)/atmel/studio/7.0/toolchain/arm/arm-gnu-toolchain/bin/../lib/gcc/arm-none-eabi/6.3.1/../../../../arm-none-eabi/lib/thumb/v6-m\libc_nano.a(lib_a-memset.o)
 .debug_frame   0x00000694       0x2c c:/program files (x86)/atmel/studio/7.0/toolchain/arm/arm-gnu-toolchain/bin/../lib/gcc/arm-none-eabi/6.3.1/../../../../arm-none-eabi/lib/thumb/v6-m\libc_nano.a(lib_a-nano-callocr.o)
 .debug_frame   0x000006c0       0x2c c:/program files (x86)/atmel/studio/7.0/toolchain/arm/arm-gnu-toolchain/bin/../lib/gcc/arm-none-eabi/6.3.1/../../../../arm-none-eabi/lib/thumb/v6-m\libc_nano.a(lib_a-nano-mallocr.o)
 .debug_frame   0x000006ec       0x28 c:/program files (x86)/atmel/studio/7.0/toolchain/arm/arm-gnu-toolchain/bin/../lib/gcc/arm-none-eabi/6.3.1/../../../../arm-none-eabi/lib/thumb/v6-m\libc_nano.a(lib_a-realloc.o)
 .debug_frame   0x00000714       0x2c c:/program files (x86)/atmel/studio/7.0/toolchain/arm/arm-gnu-toolchain/bin/../lib/gcc/arm-none-eabi/6.3.1/../../../../arm-none-eabi/lib/thumb/v6-m\libc_nano.a(lib_a-sbrkr.o)
 .debug_frame   0x00000740      0x140 c:/program files (x86)/atmel/studio/7.0/toolchain/arm/arm-gnu-toolchain/bin/../lib/gcc/arm-none-eabi/6.3.1/../../../../arm-none-eabi/lib/thumb/v6-m\libc_nano.a(lib_a-findfp.o)
 .debug_frame   0x00000880       0x30 c:/program files (x86)/atmel/studio/7.0/toolchain/arm/arm-gnu-toolchain/bin/../lib/gcc/arm-none-eabi/6.3.1/../../../../arm-none-eabi/lib/thumb/v6-m\libc_nano.a(lib_a-mlock.o)
 .debug_frame   0x000008b0       0x30 c:/program files (x86)/atmel/studio/7.0/toolchain/arm/arm-gnu-toolchain/bin/../lib/gcc/arm-none-eabi/6.3.1/../../../../arm-none-eabi/lib/thumb/v6-m\libc_nano.a(lib_a-nano-reallocr.o)
 .debug_frame   0x000008e0       0x48 c:/program files (x86)/atmel/studio/7.0/toolchain/arm/arm-gnu-toolchain/bin/../lib/gcc/arm-none-eabi/6.3.1/../../../../arm-none-eabi/lib/thumb/v6-m\libc_nano.a(lib_a-reent.o)
 .debug_frame   0x00000928       0x28 c:/program files (x86)/atmel/studio/7.0/toolchain/arm/arm-gnu-toolchain/bin/../lib/gcc/arm-none-eabi/6.3.1/../../../../arm-none-eabi/lib/thumb/v6-m\libc_nano.a(lib_a-memcpy-stub.o)
 .debug_frame   0x00000950       0x2c c:/program files (x86)/atmel/studio/7.0/toolchain/arm/arm-gnu-toolchain/bin/../lib/gcc/arm-none-eabi/6.3.1/../../../../arm-none-eabi/lib/thumb/v6-m\libc_nano.a(lib_a-nano-freer.o)
 .debug_frame   0x0000097c       0x20 c:/program files (x86)/atmel/studio/7.0/toolchain/arm/arm-gnu-toolchain/bin/../lib/gcc/arm-none-eabi/6.3.1/../../../../arm-none-eabi/lib/thumb/v6-m\libc_nano.a(lib_a-nano-msizer.o)
