Archive member included to satisfy reference by file (symbol)

c:/program files (x86)/atmel/studio/7.0/toolchain/arm/arm-gnu-toolchain/bin/../lib/gcc/arm-none-eabi/6.3.1/thumb/v6-m\libgcc.a(_udivsi3.o)
                              hal/src/hal_flash.o (__aeabi_uidiv)
c:/program files (x86)/atmel/studio/7.0/toolchain/arm/arm-gnu-toolchain/bin/../lib/gcc/arm-none-eabi/6.3.1/thumb/v6-m\libgcc.a(_dvmd_tls.o)
                              c:/program files (x86)/atmel/studio/7.0/toolchain/arm/arm-gnu-toolchain/bin/../lib/gcc/arm-none-eabi/6.3.1/thumb/v6-m\libgcc.a(_udivsi3.o) (__aeabi_idiv0)
c:/program files (x86)/atmel/studio/7.0/toolchain/arm/arm-gnu-toolchain/bin/../lib/gcc/arm-none-eabi/6.3.1/../../../../arm-none-eabi/lib/thumb/v6-m\libc_nano.a(lib_a-exit.o)
                              c:/program files (x86)/atmel/studio/7.0/toolchain/arm/arm-gnu-toolchain/bin/../lib/gcc/arm-none-eabi/6.3.1/../../../../arm-none-eabi/lib/thumb/v6-m/crt0.o (exit)
c:/program files (x86)/atmel/studio/7.0/toolchain/arm/arm-gnu-toolchain/bin/../lib/gcc/arm-none-eabi/6.3.1/../../../../arm-none-eabi/lib/thumb/v6-m\libc_nano.a(lib_a-impure.o)
                              c:/program files (x86)/atmel/studio/7.0/toolchain/arm/arm-gnu-toolchain/bin/../lib/gcc/arm-none-eabi/6.3.1/../../../../arm-none-eabi/lib/thumb/v6-m\libc_nano.a(lib_a-exit.o) (_global_impure_ptr)
c:/program files (x86)/atmel/studio/7.0/toolchain/arm/arm-gnu-toolchain/bin/../lib/gcc/arm-none-eabi/6.3.1/../../../../arm-none-eabi/lib/thumb/v6-m\libc_nano.a(lib_a-init.o)
                              c:/program files (x86)/atmel/studio/7.0/toolchain/arm/arm-gnu-toolchain/bin/../lib/gcc/arm-none-eabi/6.3.1/../../../../arm-none-eabi/lib/thumb/v6-m/crt0.o (__libc_init_array)
c:/program files (x86)/atmel/studio/7.0/toolchain/arm/arm-gnu-toolchain/bin/../lib/gcc/arm-none-eabi/6.3.1/../../../../arm-none-eabi/lib/thumb/v6-m\libc_nano.a(lib_a-malloc.o)
                              main.o (malloc)
c:/program files (x86)/atmel/studio/7.0/toolchain/arm/arm-gnu-toolchain/bin/../lib/gcc/arm-none-eabi/6.3.1/../../../../arm-none-eabi/lib/thumb/v6-m\libc_nano.a(lib_a-memcmp.o)
                              wolfcrypt/src/wc_port.o (memcmp)
c:/program files (x86)/atmel/studio/7.0/toolchain/arm/arm-gnu-toolchain/bin/../lib/gcc/arm-none-eabi/6.3.1/../../../../arm-none-eabi/lib/thumb/v6-m\libc_nano.a(lib_a-memcpy-stub.o)
                              Device_Startup/startup_saml21.o (memcpy)
c:/program files (x86)/atmel/studio/7.0/toolchain/arm/arm-gnu-toolchain/bin/../lib/gcc/arm-none-eabi/6.3.1/../../../../arm-none-eabi/lib/thumb/v6-m\libc_nano.a(lib_a-memset.o)
                              c:/program files (x86)/atmel/studio/7.0/toolchain/arm/arm-gnu-toolchain/bin/../lib/gcc/arm-none-eabi/6.3.1/../../../../arm-none-eabi/lib/thumb/v6-m/crt0.o (memset)
c:/program files (x86)/atmel/studio/7.0/toolchain/arm/arm-gnu-toolchain/bin/../lib/gcc/arm-none-eabi/6.3.1/../../../../arm-none-eabi/lib/thumb/v6-m\libc_nano.a(lib_a-nano-freer.o)
                              c:/program files (x86)/atmel/studio/7.0/toolchain/arm/arm-gnu-toolchain/bin/../lib/gcc/arm-none-eabi/6.3.1/../../../../arm-none-eabi/lib/thumb/v6-m\libc_nano.a(lib_a-malloc.o) (_free_r)
c:/program files (x86)/atmel/studio/7.0/toolchain/arm/arm-gnu-toolchain/bin/../lib/gcc/arm-none-eabi/6.3.1/../../../../arm-none-eabi/lib/thumb/v6-m\libc_nano.a(lib_a-nano-mallocr.o)
                              c:/program files (x86)/atmel/studio/7.0/toolchain/arm/arm-gnu-toolchain/bin/../lib/gcc/arm-none-eabi/6.3.1/../../../../arm-none-eabi/lib/thumb/v6-m\libc_nano.a(lib_a-malloc.o) (_malloc_r)
c:/program files (x86)/atmel/studio/7.0/toolchain/arm/arm-gnu-toolchain/bin/../lib/gcc/arm-none-eabi/6.3.1/../../../../arm-none-eabi/lib/thumb/v6-m\libc_nano.a(lib_a-printf.o)
                              hal/utils/src/utils_syscalls.o (printf)
c:/program files (x86)/atmel/studio/7.0/toolchain/arm/arm-gnu-toolchain/bin/../lib/gcc/arm-none-eabi/6.3.1/../../../../arm-none-eabi/lib/thumb/v6-m\libc_nano.a(lib_a-realloc.o)
                              wolfcrypt/src/memory.o (realloc)
c:/program files (x86)/atmel/studio/7.0/toolchain/arm/arm-gnu-toolchain/bin/../lib/gcc/arm-none-eabi/6.3.1/../../../../arm-none-eabi/lib/thumb/v6-m\libc_nano.a(lib_a-sbrkr.o)
                              c:/program files (x86)/atmel/studio/7.0/toolchain/arm/arm-gnu-toolchain/bin/../lib/gcc/arm-none-eabi/6.3.1/../../../../arm-none-eabi/lib/thumb/v6-m\libc_nano.a(lib_a-nano-mallocr.o) (_sbrk_r)
c:/program files (x86)/atmel/studio/7.0/toolchain/arm/arm-gnu-toolchain/bin/../lib/gcc/arm-none-eabi/6.3.1/../../../../arm-none-eabi/lib/thumb/v6-m\libc_nano.a(lib_a-strlen.o)
                              wolfcrypt/src/wc_port.o (strlen)
c:/program files (x86)/atmel/studio/7.0/toolchain/arm/arm-gnu-toolchain/bin/../lib/gcc/arm-none-eabi/6.3.1/../../../../arm-none-eabi/lib/thumb/v6-m\libc_nano.a(lib_a-strncpy.o)
[...]
Memory Configuration

Name             Origin             Length             Attributes
rom              0x00000000         0x00040000         xr
ram              0x20000000         0x00008000         xrw
lpram            0x30000000         0x00002000         xrw
*default*        0x00000000         0xffffffff

Linker script and memory map

LOAD c:/program files (x86)/atmel/studio/7.0/toolchain/arm/arm-gnu-toolchain/bin/../lib/gcc/arm-none-eabi/6.3.1/thumb/v6-m/crti.o
LOAD c:/program files (x86)/atmel/studio/7.0/toolchain/arm/arm-gnu-toolchain/bin/../lib/gcc/arm-none-eabi/6.3.1/thumb/v6-m/crtbegin.o
LOAD c:/program files (x86)/atmel/studio/7.0/toolchain/arm/arm-gnu-toolchain/bin/../lib/gcc/arm-none-eabi/6.3.1/../../../../arm-none-eabi/lib/thumb/v6-m/crt0.o
LOAD atmel_start.o
LOAD Device_Startup/startup_saml21.o
LOAD Device_Startup/system_saml21.o
LOAD driver_init.o
LOAD examples/driver_examples.o
LOAD gpio_init.o
LOAD hal/src/hal_atomic.o
LOAD hal/src/hal_delay.o
LOAD hal/src/hal_flash.o
LOAD hal/src/hal_gpio.o
LOAD hal/src/hal_init.o
LOAD hal/src/hal_io.o
LOAD hal/src/hal_sleep.o
LOAD hal/utils/src/utils_assert.o
LOAD hal/utils/src/utils_event.o
LOAD hal/utils/src/utils_list.o
LOAD hal/utils/src/utils_syscalls.o
LOAD hpl/core/hpl_core_m0plus_base.o
LOAD hpl/core/hpl_init.o
LOAD hpl/dmac/hpl_dmac.o
LOAD hpl/gclk/hpl_gclk.o
LOAD hpl/mclk/hpl_mclk.o
LOAD hpl/nvmctrl/hpl_nvmctrl.o
LOAD hpl/osc32kctrl/hpl_osc32kctrl.o
LOAD hpl/oscctrl/hpl_oscctrl.o
LOAD hpl/pm/hpl_pm.o
LOAD hpl/systick/hpl_systick.o
LOAD main.o
LOAD wolfcrypt/src/aes.o
LOAD wolfcrypt/src/error.o
LOAD wolfcrypt/src/hash.o
LOAD wolfcrypt/src/logging.o
LOAD wolfcrypt/src/memory.o
LOAD wolfcrypt/src/misc.o
LOAD wolfcrypt/src/wc_encrypt.o
LOAD wolfcrypt/src/wc_port.o
START GROUP
LOAD c:/program files (x86)/atmel/studio/7.0/toolchain/arm/arm-gnu-toolchain/bin/../lib/gcc/arm-none-eabi/6.3.1/../../../../arm-none-eabi/lib/thumb/v6-m\libm.a
END GROUP
START GROUP
LOAD c:/program files (x86)/atmel/studio/7.0/toolchain/arm/arm-gnu-toolchain/bin/../lib/gcc/arm-none-eabi/6.3.1/thumb/v6-m\libgcc.a
LOAD c:/program files (x86)/atmel/studio/7.0/toolchain/arm/arm-gnu-toolchain/bin/../lib/gcc/arm-none-eabi/6.3.1/../../../../arm-none-eabi/lib/thumb/v6-m\libc_nano.a
END GROUP
START GROUP
LOAD c:/program files (x86)/atmel/studio/7.0/toolchain/arm/arm-gnu-toolchain/bin/../lib/gcc/arm-none-eabi/6.3.1/thumb/v6-m\libgcc.a
LOAD c:/program files (x86)/atmel/studio/7.0/toolchain/arm/arm-gnu-toolchain/bin/../lib/gcc/arm-none-eabi/6.3.1/../../../../arm-none-eabi/lib/thumb/v6-m\libc_nano.a
END GROUP
LOAD c:/program files (x86)/atmel/studio/7.0/toolchain/arm/arm-gnu-toolchain/bin/../lib/gcc/arm-none-eabi/6.3.1/thumb/v6-m/crtend.o
LOAD c:/program files (x86)/atmel/studio/7.0/toolchain/arm/arm-gnu-toolchain/bin/../lib/gcc/arm-none-eabi/6.3.1/thumb/v6-m/crtn.o
                0x00002000                STACK_SIZE = DEFINED (STACK_SIZE)?STACK_SIZE:DEFINED (__stack_size__)?__stack_size__:0x2000

.text           0x00000000     0x4820
                0x00000000                . = ALIGN (0x4)
                0x00000000                _sfixed = .
 *(.vectors .vectors.*)
 .vectors       0x00000000       0xb4 Device_Startup/startup_saml21.o
                0x00000000                exception_table
 *(.text .text.* .gnu.linkonce.t.*)
 .text          0x000000b4       0x60 c:/program files (x86)/atmel/studio/7.0/toolchain/arm/arm-gnu-toolchain/bin/../lib/gcc/arm-none-eabi/6.3.1/thumb/v6-m/crtbegin.o
 .text.atmel_start_init
                0x00000114       0x14 atmel_start.o
                0x00000114                atmel_start_init
 .text.Dummy_Handler
                0x00000128        0x4 Device_Startup/startup_saml21.o
                0x00000128                SVCall_Handler
                0x00000128                DMAC_Handler
                0x00000128                TRNG_Handler
                0x00000128                HardFault_Handler
                0x00000128                TC2_Handler
                0x00000128                AC_Handler
                0x00000128                SysTick_Handler
                0x00000128                PendSV_Handler
                0x00000128                SERCOM1_Handler
                0x00000128                ADC_Handler
                0x00000128                NonMaskableInt_Handler
                0x00000128                TCC1_Handler
                0x00000128                SERCOM2_Handler
                0x00000128                TCC0_Handler
                0x00000128                RTC_Handler
                0x00000128                EIC_Handler
                0x00000128                WDT_Handler
                0x00000128                TC4_Handler
                0x00000128                TC1_Handler
                0x00000128                USB_Handler
                0x00000128                TC3_Handler
                0x00000128                Dummy_Handler
                0x00000128                SERCOM5_Handler
                0x00000128                TCC2_Handler
                0x00000128                EVSYS_Handler
                0x00000128                SERCOM3_Handler
                0x00000128                SERCOM4_Handler
                0x00000128                SYSTEM_Handler
                0x00000128                SERCOM0_Handler
                0x00000128                DAC_Handler
                0x00000128                PTC_Handler
                0x00000128                TC0_Handler
                0x00000128                AES_Handler
 .text.Reset_Handler
                0x0000012c       0x84 Device_Startup/startup_saml21.o
                0x0000012c                Reset_Handler
 .text.system_init
                0x000001b0       0x68 driver_init.o
                0x000001b0                system_init
 .text.gpio_init
                0x00000218       0xb8 gpio_init.o
                0x00000218                gpio_init
 .text.delay_init
                0x000002d0       0x14 hal/src/hal_delay.o
                0x000002d0                delay_init
 .text.delay_ms
                0x000002e4       0x20 hal/src/hal_delay.o
                0x000002e4                delay_ms
 .text.flash_ready
                0x00000304        0xc hal/src/hal_flash.o
 .text.flash_error
                0x00000310        0xc hal/src/hal_flash.o
 .text.flash_init
                0x0000031c       0x48 hal/src/hal_flash.o
                0x0000031c                flash_init
 .text.assert   0x00000364        0x8 hal/utils/src/utils_assert.o
                0x00000364                assert
 .text._sbrk    0x0000036c       0x1c hal/utils/src/utils_syscalls.o
                0x0000036c                _sbrk
 .text._get_cycles_for_ms
                0x00000388        0x8 hpl/core/hpl_core_m0plus_base.o
                0x00000388                _get_cycles_for_ms
 .text._init_chip
                0x00000390       0x44 hpl/core/hpl_init.o
                0x00000390                _init_chip
 .text._gclk_init_generators_by_fref
                0x000003d4       0x20 hpl/gclk/hpl_gclk.o
                0x000003d4                _gclk_init_generators_by_fref
 .text._mclk_init
                0x000003f4       0x14 hpl/mclk/hpl_mclk.o
                0x000003f4                _mclk_init
 .text._flash_init
                0x00000408       0x60 hpl/nvmctrl/hpl_nvmctrl.o
                0x00000408                _flash_init
 .text.NVMCTRL_Handler
                0x00000468       0x34 hpl/nvmctrl/hpl_nvmctrl.o
                0x00000468                NVMCTRL_Handler
 .text._rww_flash_read
                0x0000049c       0x70 hpl/nvmctrl/hpl_nvmctrl.o
                0x0000049c                _rww_flash_read
 .text._rww_flash_write
                0x0000050c      0x1b8 hpl/nvmctrl/hpl_nvmctrl.o
                0x0000050c                _rww_flash_write
 .text._osc32kctrl_init_sources
                0x000006c4       0x18 hpl/osc32kctrl/hpl_osc32kctrl.o
                0x000006c4                _osc32kctrl_init_sources
 .text._oscctrl_init_sources
                0x000006dc       0x34 hpl/oscctrl/hpl_oscctrl.o
                0x000006dc                _oscctrl_init_sources
 .text._oscctrl_init_referenced_generators
                0x00000710        0x4 hpl/oscctrl/hpl_oscctrl.o
                0x00000710                _oscctrl_init_referenced_generators
 .text._set_performance_level
                0x00000714       0x24 hpl/pm/hpl_pm.o
                0x00000714                _set_performance_level
 .text._delay_init
                0x00000738       0x14 hpl/systick/hpl_systick.o
                0x00000738                _delay_init
 .text._delay_cycles
                0x0000074c       0x54 hpl/systick/hpl_systick.o
                0x0000074c                _delay_cycles
 .text.aes_measurement
                0x000007a0      0x16c main.o
                0x000007a0                aes_measurement
 .text.startup.main
                0x0000090c       0x18 main.o
                0x0000090c                main
 .text.wc_AesSetKey
                0x00000924      0xeec wolfcrypt/src/aes.o
                0x00000924                wc_AesSetKey
 .text.wc_AesCbcEncrypt
                0x00001810      0x650 wolfcrypt/src/aes.o
                0x00001810                wc_AesCbcEncrypt
 .text.wc_AesCbcDecrypt
                0x00001e60      0x5b4 wolfcrypt/src/aes.o
                0x00001e60                wc_AesCbcDecrypt
 .text.__libc_init_array
                0x00002414       0x48 c:/program files (x86)/atmel/studio/7.0/toolchain/arm/arm-gnu-toolchain/bin/../lib/gcc/arm-none-eabi/6.3.1/../../../../arm-none-eabi/lib/thumb/v6-m\libc_nano.a(lib_a-init.o)
                0x00002414                __libc_init_array
 .text.malloc   0x0000245c       0x14 c:/program files (x86)/atmel/studio/7.0/toolchain/arm/arm-gnu-toolchain/bin/../lib/gcc/arm-none-eabi/6.3.1/../../../../arm-none-eabi/lib/thumb/v6-m\libc_nano.a(lib_a-malloc.o)
                0x0000245c                malloc
 .text.free     0x00002470       0x14 c:/program files (x86)/atmel/studio/7.0/toolchain/arm/arm-gnu-toolchain/bin/../lib/gcc/arm-none-eabi/6.3.1/../../../../arm-none-eabi/lib/thumb/v6-m\libc_nano.a(lib_a-malloc.o)
                0x00002470                free
 .text.memcpy   0x00002484       0x12 c:/program files (x86)/atmel/studio/7.0/toolchain/arm/arm-gnu-toolchain/bin/../lib/gcc/arm-none-eabi/6.3.1/../../../../arm-none-eabi/lib/thumb/v6-m\libc_nano.a(lib_a-memcpy-stub.o)
                0x00002484                memcpy
 .text.memset   0x00002496       0x10 c:/program files (x86)/atmel/studio/7.0/toolchain/arm/arm-gnu-toolchain/bin/../lib/gcc/arm-none-eabi/6.3.1/../../../../arm-none-eabi/lib/thumb/v6-m\libc_nano.a(lib_a-memset.o)
                0x00002496                memset
 *fill*         0x000024a6        0x2 
 .text._free_r  0x000024a8       0x94 c:/program files (x86)/atmel/studio/7.0/toolchain/arm/arm-gnu-toolchain/bin/../lib/gcc/arm-none-eabi/6.3.1/../../../../arm-none-eabi/lib/thumb/v6-m\libc_nano.a(lib_a-nano-freer.o)
                0x000024a8                _free_r
 .text._malloc_r
                0x0000253c       0xbc c:/program files (x86)/atmel/studio/7.0/toolchain/arm/arm-gnu-toolchain/bin/../lib/gcc/arm-none-eabi/6.3.1/../../../../arm-none-eabi/lib/thumb/v6-m\libc_nano.a(lib_a-nano-mallocr.o)
                0x0000253c                _malloc_r
 .text._sbrk_r  0x000025f8       0x24 c:/program files (x86)/atmel/studio/7.0/toolchain/arm/arm-gnu-toolchain/bin/../lib/gcc/arm-none-eabi/6.3.1/../../../../arm-none-eabi/lib/thumb/v6-m\libc_nano.a(lib_a-sbrkr.o)
                0x000025f8                _sbrk_r
 .text.__malloc_lock
                0x0000261c        0x2 c:/program files (x86)/atmel/studio/7.0/toolchain/arm/arm-gnu-toolchain/bin/../lib/gcc/arm-none-eabi/6.3.1/../../../../arm-none-eabi/lib/thumb/v6-m\libc_nano.a(lib_a-mlock.o)
                0x0000261c                __malloc_lock
 .text.__malloc_unlock
                0x0000261e        0x2 c:/program files (x86)/atmel/studio/7.0/toolchain/arm/arm-gnu-toolchain/bin/../lib/gcc/arm-none-eabi/6.3.1/../../../../arm-none-eabi/lib/thumb/v6-m\libc_nano.a(lib_a-mlock.o)
                0x0000261e                __malloc_unlock
 *(.glue_7t)
 .glue_7t       0x00002620        0x0 linker stubs
 *(.glue_7)
 .glue_7        0x00002620        0x0 linker stubs
 *(.rodata .rodata* .gnu.linkonce.r.*)
 .rodata.str1.4
                0x00002620       0x17 hal/src/hal_flash.o
 *fill*         0x00002637        0x1 
 .rodata.str1.4
                0x00002638       0x20 hpl/nvmctrl/hpl_nvmctrl.o
                                 0x1d (size before relaxing)
 .rodata        0x00002658       0x20 main.o
                0x00002658                key
 .rodata        0x00002678     0x2128 wolfcrypt/src/aes.o
 .rodata.__sf_fake_stderr
                0x000047a0       0x20 c:/program files (x86)/atmel/studio/7.0/toolchain/arm/arm-gnu-toolchain/bin/../lib/gcc/arm-none-eabi/6.3.1/../../../../arm-none-eabi/lib/thumb/v6-m\libc_nano.a(lib_a-findfp.o)
                0x000047a0                __sf_fake_stderr
 .rodata.__sf_fake_stdin
                0x000047c0       0x20 c:/program files (x86)/atmel/studio/7.0/toolchain/arm/arm-gnu-toolchain/bin/../lib/gcc/arm-none-eabi/6.3.1/../../../../arm-none-eabi/lib/thumb/v6-m\libc_nano.a(lib_a-findfp.o)
                0x000047c0                __sf_fake_stdin
 .rodata.__sf_fake_stdout
                0x000047e0       0x20 c:/program files (x86)/atmel/studio/7.0/toolchain/arm/arm-gnu-toolchain/bin/../lib/gcc/arm-none-eabi/6.3.1/../../../../arm-none-eabi/lib/thumb/v6-m\libc_nano.a(lib_a-findfp.o)
                0x000047e0                __sf_fake_stdout
 *(.ARM.extab* .gnu.linkonce.armextab.*)
                0x00004800                . = ALIGN (0x4)
 *(.init)
 .init          0x00004800        0x4 c:/program files (x86)/atmel/studio/7.0/toolchain/arm/arm-gnu-toolchain/bin/../lib/gcc/arm-none-eabi/6.3.1/thumb/v6-m/crti.o
                0x00004800                _init
 .init          0x00004804        0x8 c:/program files (x86)/atmel/studio/7.0/toolchain/arm/arm-gnu-toolchain/bin/../lib/gcc/arm-none-eabi/6.3.1/thumb/v6-m/crtn.o
                0x0000480c                . = ALIGN (0x4)
                0x0000480c                __preinit_array_start = .
 *(.preinit_array)
                0x0000480c                __preinit_array_end = .
                0x0000480c                . = ALIGN (0x4)
                0x0000480c                __init_array_start = .
 *(SORT(.init_array.*))
 *(.init_array)
 .init_array    0x0000480c        0x4 c:/program files (x86)/atmel/studio/7.0/toolchain/arm/arm-gnu-toolchain/bin/../lib/gcc/arm-none-eabi/6.3.1/thumb/v6-m/crtbegin.o
                0x00004810                __init_array_end = .
                0x00004810                . = ALIGN (0x4)
 *crtbegin.o(.ctors)
 *(EXCLUDE_FILE(*crtend.o) .ctors)
 *(SORT(.ctors.*))
 *crtend.o(.ctors)
                0x00004810                . = ALIGN (0x4)
 *(.fini)
 .fini          0x00004810        0x4 c:/program files (x86)/atmel/studio/7.0/toolchain/arm/arm-gnu-toolchain/bin/../lib/gcc/arm-none-eabi/6.3.1/thumb/v6-m/crti.o
                0x00004810                _fini
 .fini          0x00004814        0x8 c:/program files (x86)/atmel/studio/7.0/toolchain/arm/arm-gnu-toolchain/bin/../lib/gcc/arm-none-eabi/6.3.1/thumb/v6-m/crtn.o
                0x0000481c                . = ALIGN (0x4)
                0x0000481c                __fini_array_start = .
 *(.fini_array)
 .fini_array    0x0000481c        0x4 c:/program files (x86)/atmel/studio/7.0/toolchain/arm/arm-gnu-toolchain/bin/../lib/gcc/arm-none-eabi/6.3.1/thumb/v6-m/crtbegin.o
 *(SORT(.fini_array.*))
                0x00004820                __fini_array_end = .
 *crtbegin.o(.dtors)
 *(EXCLUDE_FILE(*crtend.o) .dtors)
 *(SORT(.dtors.*))
 *crtend.o(.dtors)
                0x00004820                . = ALIGN (0x4)
                0x00004820                _efixed = .
                [!provide]                PROVIDE (__exidx_start, .)

.vfp11_veneer   0x00004820        0x0
 .vfp11_veneer  0x00004820        0x0 linker stubs

.v4_bx          0x00004820        0x0
 .v4_bx         0x00004820        0x0 linker stubs

.iplt           0x00004820        0x0
 .iplt          0x00004820        0x0 c:/program files (x86)/atmel/studio/7.0/toolchain/arm/arm-gnu-toolchain/bin/../lib/gcc/arm-none-eabi/6.3.1/thumb/v6-m/crtbegin.o

.eh_frame       0x00004820        0x0
 .eh_frame      0x00004820        0x0 c:/program files (x86)/atmel/studio/7.0/toolchain/arm/arm-gnu-toolchain/bin/../lib/gcc/arm-none-eabi/6.3.1/thumb/v6-m/crtbegin.o

.rel.dyn        0x00004820        0x0
 .rel.iplt      0x00004820        0x0 c:/program files (x86)/atmel/studio/7.0/toolchain/arm/arm-gnu-toolchain/bin/../lib/gcc/arm-none-eabi/6.3.1/thumb/v6-m/crtbegin.o

.jcr            0x00004820        0x0
 .jcr           0x00004820        0x0 c:/program files (x86)/atmel/studio/7.0/toolchain/arm/arm-gnu-toolchain/bin/../lib/gcc/arm-none-eabi/6.3.1/thumb/v6-m/crtbegin.o

.igot.plt       0x00004820        0x0
 .igot.plt      0x00004820        0x0 c:/program files (x86)/atmel/studio/7.0/toolchain/arm/arm-gnu-toolchain/bin/../lib/gcc/arm-none-eabi/6.3.1/thumb/v6-m/crtbegin.o

.ARM.exidx
 *(.ARM.exidx* .gnu.linkonce.armexidx.*)
                [!provide]                PROVIDE (__exidx_end, .)
                0x00004820                . = ALIGN (0x4)
                0x00004820                _etext = .

.relocate       0x20000000       0x84 load address 0x00004820
                0x20000000                . = ALIGN (0x4)
                0x20000000                _srelocate = .
 *(.ramfunc .ramfunc.*)
 *(.data .data.*)
 .data          0x20000000       0x20 main.o
 .data._impure_ptr
                0x20000020        0x4 c:/program files (x86)/atmel/studio/7.0/toolchain/arm/arm-gnu-toolchain/bin/../lib/gcc/arm-none-eabi/6.3.1/../../../../arm-none-eabi/lib/thumb/v6-m\libc_nano.a(lib_a-impure.o)
                0x20000020                _impure_ptr
 .data.impure_data
                0x20000024       0x60 c:/program files (x86)/atmel/studio/7.0/toolchain/arm/arm-gnu-toolchain/bin/../lib/gcc/arm-none-eabi/6.3.1/../../../../arm-none-eabi/lib/thumb/v6-m\libc_nano.a(lib_a-impure.o)
                0x20000084                . = ALIGN (0x4)
                0x20000084                _erelocate = .

.lpram          0x30000000        0x0
                0x30000000                . = ALIGN (0x8)
                0x30000000                _slpram = .
 *(.lpram .lpram.*)
                0x30000000                . = ALIGN (0x8)
                0x30000000                _elpram = .

.bss            0x20000084       0x50 load address 0x000048a4
                0x20000084                . = ALIGN (0x4)
                0x20000084                _sbss = .
                0x20000084                _szero = .
 *(.bss .bss.*)
 .bss           0x20000084       0x1c c:/program files (x86)/atmel/studio/7.0/toolchain/arm/arm-gnu-toolchain/bin/../lib/gcc/arm-none-eabi/6.3.1/thumb/v6-m/crtbegin.o
 .bss           0x200000a0        0x4 hal/src/hal_delay.o
 .bss           0x200000a4        0x4 hal/utils/src/utils_syscalls.o
 .bss           0x200000a8        0x4 hpl/nvmctrl/hpl_nvmctrl.o
 .bss.__malloc_free_list
                0x200000ac        0x4 c:/program files (x86)/atmel/studio/7.0/toolchain/arm/arm-gnu-toolchain/bin/../lib/gcc/arm-none-eabi/6.3.1/../../../../arm-none-eabi/lib/thumb/v6-m\libc_nano.a(lib_a-nano-mallocr.o)
                0x200000ac                __malloc_free_list
 .bss.__malloc_sbrk_start
                0x200000b0        0x4 c:/program files (x86)/atmel/studio/7.0/toolchain/arm/arm-gnu-toolchain/bin/../lib/gcc/arm-none-eabi/6.3.1/../../../../arm-none-eabi/lib/thumb/v6-m\libc_nano.a(lib_a-nano-mallocr.o)
                0x200000b0                __malloc_sbrk_start
 *(COMMON)
 COMMON         0x200000b4       0x1c driver_init.o
                0x200000b4                FLASH_0
 COMMON         0x200000d0        0x4 c:/program files (x86)/atmel/studio/7.0/toolchain/arm/arm-gnu-toolchain/bin/../lib/gcc/arm-none-eabi/6.3.1/../../../../arm-none-eabi/lib/thumb/v6-m\libc_nano.a(lib_a-reent.o)
                0x200000d0                errno
                0x200000d4                . = ALIGN (0x4)
                0x200000d4                _ebss = .
                0x200000d4                _ezero = .

.stack          0x200000d4     0x2004 load address 0x000048f4
                0x200000d8                . = ALIGN (0x8)
 *fill*         0x200000d4        0x4 
                0x200000d8                _sstack = .
                0x200020d8                . = (. + STACK_SIZE)
 *fill*         0x200000d8     0x2000 
                0x200020d8                . = ALIGN (0x8)
                0x200020d8                _estack = .
                0x200020d8                . = ALIGN (0x4)
                0x200020d8                _end = .
OUTPUT(AES-256_WolfSSL_library.elf elf32-littlearm)

.ARM.attributes
                0x00000000       0x28
 .ARM.attributes
                0x00000000       0x1e c:/program files (x86)/atmel/studio/7.0/toolchain/arm/arm-gnu-toolchain/bin/../lib/gcc/arm-none-eabi/6.3.1/thumb/v6-m/crti.o
 .ARM.attributes
                0x0000001e       0x2c c:/program files (x86)/atmel/studio/7.0/toolchain/arm/arm-gnu-toolchain/bin/../lib/gcc/arm-none-eabi/6.3.1/thumb/v6-m/crtbegin.o
 .ARM.attributes
                0x0000004a       0x32 atmel_start.o
 .ARM.attributes
                0x0000007c       0x32 Device_Startup/startup_saml21.o
 .ARM.attributes
                0x000000ae       0x32 driver_init.o
 .ARM.attributes
                0x000000e0       0x32 gpio_init.o
 .ARM.attributes
                0x00000112       0x32 hal/src/hal_delay.o
 .ARM.attributes
                0x00000144       0x32 hal/src/hal_flash.o
 .ARM.attributes
                0x00000176       0x32 hal/utils/src/utils_assert.o
 .ARM.attributes
                0x000001a8       0x32 hal/utils/src/utils_syscalls.o
 .ARM.attributes
                0x000001da       0x32 hpl/core/hpl_core_m0plus_base.o
 .ARM.attributes
                0x0000020c       0x32 hpl/core/hpl_init.o
 .ARM.attributes
                0x0000023e       0x32 hpl/gclk/hpl_gclk.o
 .ARM.attributes
                0x00000270       0x32 hpl/mclk/hpl_mclk.o
 .ARM.attributes
                0x000002a2       0x32 hpl/nvmctrl/hpl_nvmctrl.o
 .ARM.attributes
                0x000002d4       0x32 hpl/osc32kctrl/hpl_osc32kctrl.o
 .ARM.attributes
                0x00000306       0x32 hpl/oscctrl/hpl_oscctrl.o
 .ARM.attributes
                0x00000338       0x32 hpl/pm/hpl_pm.o
 .ARM.attributes
                0x0000036a       0x32 hpl/systick/hpl_systick.o
 .ARM.attributes
                0x0000039c       0x32 main.o
 .ARM.attributes
                0x000003ce       0x32 wolfcrypt/src/aes.o
 .ARM.attributes
                0x00000400       0x2c c:/program files (x86)/atmel/studio/7.0/toolchain/arm/arm-gnu-toolchain/bin/../lib/gcc/arm-none-eabi/6.3.1/../../../../arm-none-eabi/lib/thumb/v6-m\libc_nano.a(lib_a-impure.o)
 .ARM.attributes
                0x0000042c       0x2c c:/program files (x86)/atmel/studio/7.0/toolchain/arm/arm-gnu-toolchain/bin/../lib/gcc/arm-none-eabi/6.3.1/../../../../arm-none-eabi/lib/thumb/v6-m\libc_nano.a(lib_a-init.o)
 .ARM.attributes
                0x00000458       0x2c c:/program files (x86)/atmel/studio/7.0/toolchain/arm/arm-gnu-toolchain/bin/../lib/gcc/arm-none-eabi/6.3.1/../../../../arm-none-eabi/lib/thumb/v6-m\libc_nano.a(lib_a-malloc.o)
 .ARM.attributes
                0x00000484       0x2c c:/program files (x86)/atmel/studio/7.0/toolchain/arm/arm-gnu-toolchain/bin/../lib/gcc/arm-none-eabi/6.3.1/../../../../arm-none-eabi/lib/thumb/v6-m\libc_nano.a(lib_a-memcpy-stub.o)
 .ARM.attributes
                0x000004b0       0x2c c:/program files (x86)/atmel/studio/7.0/toolchain/arm/arm-gnu-toolchain/bin/../lib/gcc/arm-none-eabi/6.3.1/../../../../arm-none-eabi/lib/thumb/v6-m\libc_nano.a(lib_a-memset.o)
 .ARM.attributes
                0x000004dc       0x2c c:/program files (x86)/atmel/studio/7.0/toolchain/arm/arm-gnu-toolchain/bin/../lib/gcc/arm-none-eabi/6.3.1/../../../../arm-none-eabi/lib/thumb/v6-m\libc_nano.a(lib_a-nano-freer.o)
 .ARM.attributes
                0x00000508       0x2c c:/program files (x86)/atmel/studio/7.0/toolchain/arm/arm-gnu-toolchain/bin/../lib/gcc/arm-none-eabi/6.3.1/../../../../arm-none-eabi/lib/thumb/v6-m\libc_nano.a(lib_a-nano-mallocr.o)
 .ARM.attributes
                0x00000534       0x2c c:/program files (x86)/atmel/studio/7.0/toolchain/arm/arm-gnu-toolchain/bin/../lib/gcc/arm-none-eabi/6.3.1/../../../../arm-none-eabi/lib/thumb/v6-m\libc_nano.a(lib_a-sbrkr.o)
 .ARM.attributes
                0x00000560       0x2c c:/program files (x86)/atmel/studio/7.0/toolchain/arm/arm-gnu-toolchain/bin/../lib/gcc/arm-none-eabi/6.3.1/../../../../arm-none-eabi/lib/thumb/v6-m\libc_nano.a(lib_a-findfp.o)
 .ARM.attributes
                0x0000058c       0x2c c:/program files (x86)/atmel/studio/7.0/toolchain/arm/arm-gnu-toolchain/bin/../lib/gcc/arm-none-eabi/6.3.1/../../../../arm-none-eabi/lib/thumb/v6-m\libc_nano.a(lib_a-mlock.o)
 .ARM.attributes
                0x000005b8       0x2c c:/program files (x86)/atmel/studio/7.0/toolchain/arm/arm-gnu-toolchain/bin/../lib/gcc/arm-none-eabi/6.3.1/../../../../arm-none-eabi/lib/thumb/v6-m\libc_nano.a(lib_a-reent.o)
 .ARM.attributes
                0x000005e4       0x1e c:/program files (x86)/atmel/studio/7.0/toolchain/arm/arm-gnu-toolchain/bin/../lib/gcc/arm-none-eabi/6.3.1/thumb/v6-m/crtn.o

.comment        0x00000000       0x59
 .comment       0x00000000       0x59 atmel_start.o
                                 0x5a (size before relaxing)
 .comment       0x00000059       0x5a Device_Startup/startup_saml21.o
 .comment       0x00000059       0x5a driver_init.o
 .comment       0x00000059       0x5a gpio_init.o
 .comment       0x00000059       0x5a hal/src/hal_delay.o
 .comment       0x00000059       0x5a hal/src/hal_flash.o
 .comment       0x00000059       0x5a hal/utils/src/utils_assert.o
 .comment       0x00000059       0x5a hal/utils/src/utils_syscalls.o
 .comment       0x00000059       0x5a hpl/core/hpl_core_m0plus_base.o
 .comment       0x00000059       0x5a hpl/core/hpl_init.o
 .comment       0x00000059       0x5a hpl/gclk/hpl_gclk.o
 .comment       0x00000059       0x5a hpl/mclk/hpl_mclk.o
 .comment       0x00000059       0x5a hpl/nvmctrl/hpl_nvmctrl.o
 .comment       0x00000059       0x5a hpl/osc32kctrl/hpl_osc32kctrl.o
 .comment       0x00000059       0x5a hpl/oscctrl/hpl_oscctrl.o
 .comment       0x00000059       0x5a hpl/pm/hpl_pm.o
 .comment       0x00000059       0x5a hpl/systick/hpl_systick.o
 .comment       0x00000059       0x5a main.o
 .comment       0x00000059       0x5a wolfcrypt/src/aes.o

.debug_info     0x00000000    0x10d47
 .debug_info    0x00000000      0x220 atmel_start.o
 .debug_info    0x00000220      0xa55 Device_Startup/startup_saml21.o
 .debug_info    0x00000c75     0x1dd3 driver_init.o
 .debug_info    0x00002a48     0x1691 gpio_init.o
 .debug_info    0x000040d9      0x1dc hal/src/hal_delay.o
 .debug_info    0x000042b5      0xca5 hal/src/hal_flash.o
 .debug_info    0x00004f5a      0x107 hal/utils/src/utils_assert.o
 .debug_info    0x00005061      0xdca hal/utils/src/utils_syscalls.o
 .debug_info    0x00005e2b      0x7f5 hpl/core/hpl_core_m0plus_base.o
 .debug_info    0x00006620      0x6d4 hpl/core/hpl_init.o
 .debug_info    0x00006cf4      0x582 hpl/gclk/hpl_gclk.o
 .debug_info    0x00007276      0xa0e hpl/mclk/hpl_mclk.o
 .debug_info    0x00007c84     0x341b hpl/nvmctrl/hpl_nvmctrl.o
 .debug_info    0x0000b09f      0x61c hpl/osc32kctrl/hpl_osc32kctrl.o
 .debug_info    0x0000b6bb      0xe4d hpl/oscctrl/hpl_oscctrl.o
 .debug_info    0x0000c508      0xaae hpl/pm/hpl_pm.o
 .debug_info    0x0000cfb6      0x269 hpl/systick/hpl_systick.o
 .debug_info    0x0000d21f     0x1e3b main.o
 .debug_info    0x0000f05a     0x1ced wolfcrypt/src/aes.o

.debug_abbrev   0x00000000     0x2cde
 .debug_abbrev  0x00000000       0xd8 atmel_start.o
 .debug_abbrev  0x000000d8      0x1fc Device_Startup/startup_saml21.o
 .debug_abbrev  0x000002d4      0x355 driver_init.o
 .debug_abbrev  0x00000629      0x2ed gpio_init.o
 .debug_abbrev  0x00000916       0xe1 hal/src/hal_delay.o
 .debug_abbrev  0x000009f7      0x20f hal/src/hal_flash.o
 .debug_abbrev  0x00000c06       0x86 hal/utils/src/utils_assert.o
 .debug_abbrev  0x00000c8c      0x269 hal/utils/src/utils_syscalls.o
 .debug_abbrev  0x00000ef5      0x2be hpl/core/hpl_core_m0plus_base.o
 .debug_abbrev  0x000011b3      0x1d9 hpl/core/hpl_init.o
 .debug_abbrev  0x0000138c      0x19a hpl/gclk/hpl_gclk.o
 .debug_abbrev  0x00001526      0x1c8 hpl/mclk/hpl_mclk.o
 .debug_abbrev  0x000016ee      0x60c hpl/nvmctrl/hpl_nvmctrl.o
 .debug_abbrev  0x00001cfa      0x1b1 hpl/osc32kctrl/hpl_osc32kctrl.o
 .debug_abbrev  0x00001eab      0x210 hpl/oscctrl/hpl_oscctrl.o
 .debug_abbrev  0x000020bb      0x271 hpl/pm/hpl_pm.o
 .debug_abbrev  0x0000232c      0x185 hpl/systick/hpl_systick.o
 .debug_abbrev  0x000024b1      0x3f6 main.o
 .debug_abbrev  0x000028a7      0x437 wolfcrypt/src/aes.o

.debug_loc      0x00000000     0x6077
 .debug_loc     0x00000000       0x20 atmel_start.o
 .debug_loc     0x00000020       0x20 Device_Startup/startup_saml21.o
 .debug_loc     0x00000040      0x223 driver_init.o
 .debug_loc     0x00000263      0x76a gpio_init.o
 .debug_loc     0x000009cd       0xc3 hal/src/hal_delay.o
 .debug_loc     0x00000a90      0xc94 hal/src/hal_flash.o
 .debug_loc     0x00001724      0x134 hal/utils/src/utils_syscalls.o
 .debug_loc     0x00001858      0x1d7 hpl/core/hpl_core_m0plus_base.o
 .debug_loc     0x00001a2f       0x4c hpl/core/hpl_init.o
 .debug_loc     0x00001a7b       0x72 hpl/gclk/hpl_gclk.o
 .debug_loc     0x00001aed       0x84 hpl/mclk/hpl_mclk.o
 .debug_loc     0x00001b71     0x26b7 hpl/nvmctrl/hpl_nvmctrl.o
 .debug_loc     0x00004228       0x94 hpl/osc32kctrl/hpl_osc32kctrl.o
 .debug_loc     0x000042bc       0x18 hpl/oscctrl/hpl_oscctrl.o
 .debug_loc     0x000042d4      0x125 hpl/pm/hpl_pm.o
 .debug_loc     0x000043f9      0x10e hpl/systick/hpl_systick.o
 .debug_loc     0x00004507      0x6e8 main.o
 .debug_loc     0x00004bef     0x1488 wolfcrypt/src/aes.o

.debug_aranges  0x00000000      0x4b0
 .debug_aranges
                0x00000000       0x20 atmel_start.o
 .debug_aranges
                0x00000020       0x28 Device_Startup/startup_saml21.o
 .debug_aranges
                0x00000048       0x38 driver_init.o
 .debug_aranges
                0x00000080       0x20 gpio_init.o
 .debug_aranges
                0x000000a0       0x38 hal/src/hal_delay.o
 .debug_aranges
                0x000000d8       0x88 hal/src/hal_flash.o
 .debug_aranges
                0x00000160       0x20 hal/utils/src/utils_assert.o
 .debug_aranges
                0x00000180       0x60 hal/utils/src/utils_syscalls.o
 .debug_aranges
                0x000001e0       0x70 hpl/core/hpl_core_m0plus_base.o
 .debug_aranges
                0x00000250       0x20 hpl/core/hpl_init.o
 .debug_aranges
                0x00000270       0x28 hpl/gclk/hpl_gclk.o
 .debug_aranges
                0x00000298       0x20 hpl/mclk/hpl_mclk.o
 .debug_aranges
                0x000002b8       0xc8 hpl/nvmctrl/hpl_nvmctrl.o
 .debug_aranges
                0x00000380       0x20 hpl/osc32kctrl/hpl_osc32kctrl.o
 .debug_aranges
                0x000003a0       0x28 hpl/oscctrl/hpl_oscctrl.o
 .debug_aranges
                0x000003c8       0x30 hpl/pm/hpl_pm.o
 .debug_aranges
                0x000003f8       0x40 hpl/systick/hpl_systick.o
 .debug_aranges
                0x00000438       0x28 main.o
 .debug_aranges
                0x00000460       0x50 wolfcrypt/src/aes.o

.debug_ranges   0x00000000      0xd48
 .debug_ranges  0x00000000       0x10 atmel_start.o
 .debug_ranges  0x00000010       0x18 Device_Startup/startup_saml21.o
 .debug_ranges  0x00000028       0xe0 driver_init.o
 .debug_ranges  0x00000108      0x1b0 gpio_init.o
 .debug_ranges  0x000002b8       0x28 hal/src/hal_delay.o
 .debug_ranges  0x000002e0       0xc0 hal/src/hal_flash.o
 .debug_ranges  0x000003a0       0x10 hal/utils/src/utils_assert.o
 .debug_ranges  0x000003b0       0x50 hal/utils/src/utils_syscalls.o
 .debug_ranges  0x00000400       0x80 hpl/core/hpl_core_m0plus_base.o
 .debug_ranges  0x00000480       0x30 hpl/core/hpl_init.o
 .debug_ranges  0x000004b0       0x48 hpl/gclk/hpl_gclk.o
 .debug_ranges  0x000004f8       0x28 hpl/mclk/hpl_mclk.o
 .debug_ranges  0x00000520      0x558 hpl/nvmctrl/hpl_nvmctrl.o
 .debug_ranges  0x00000a78       0x28 hpl/osc32kctrl/hpl_osc32kctrl.o
 .debug_ranges  0x00000aa0       0x48 hpl/oscctrl/hpl_oscctrl.o
 .debug_ranges  0x00000ae8       0x38 hpl/pm/hpl_pm.o
 .debug_ranges  0x00000b20       0x48 hpl/systick/hpl_systick.o
 .debug_ranges  0x00000b68       0xe0 main.o
 .debug_ranges  0x00000c48      0x100 wolfcrypt/src/aes.o

.debug_macro    0x00000000    0x1b626
 .debug_macro   0x00000000      0x593 atmel_start.o
 .debug_macro   0x00000593      0x89e atmel_start.o
 .debug_macro   0x00000e31      0x16d atmel_start.o
 .debug_macro   0x00000f9e       0x22 atmel_start.o
 .debug_macro   0x00000fc0       0x87 atmel_start.o
 .debug_macro   0x00001047       0x51 atmel_start.o
 .debug_macro   0x00001098       0xef atmel_start.o
 .debug_macro   0x00001187       0x6a atmel_start.o
 .debug_macro   0x000011f1      0x1df atmel_start.o
 .debug_macro   0x000013d0       0x22 atmel_start.o
 .debug_macro   0x000013f2       0x3f atmel_start.o
 .debug_macro   0x00001431       0x1c atmel_start.o
 .debug_macro   0x0000144d       0x22 atmel_start.o
 .debug_macro   0x0000146f       0xb5 atmel_start.o
 .debug_macro   0x00001524      0x3ad atmel_start.o
 .debug_macro   0x000018d1      0x714 atmel_start.o
 .debug_macro   0x00001fe5      0x8f0 atmel_start.o
 .debug_macro   0x000028d5      0x21e atmel_start.o
 .debug_macro   0x00002af3      0x4c3 atmel_start.o
 .debug_macro   0x00002fb6      0xe12 atmel_start.o
 .debug_macro   0x00003dc8      0x5e7 atmel_start.o
 .debug_macro   0x000043af      0x5be atmel_start.o
 .debug_macro   0x0000496d      0x824 atmel_start.o
 .debug_macro   0x00005191      0x314 atmel_start.o
 .debug_macro   0x000054a5      0x5c6 atmel_start.o
 .debug_macro   0x00005a6b      0x21c atmel_start.o
 .debug_macro   0x00005c87      0x729 atmel_start.o
 .debug_macro   0x000063b0      0x16f atmel_start.o
 .debug_macro   0x0000651f      0x70f atmel_start.o
 .debug_macro   0x00006c2e      0x28c atmel_start.o
 .debug_macro   0x00006eba      0x6e1 atmel_start.o
 .debug_macro   0x0000759b      0x2c5 atmel_start.o
 .debug_macro   0x00007860      0x3c1 atmel_start.o
 .debug_macro   0x00007c21      0x1a0 atmel_start.o
 .debug_macro   0x00007dc1     0x1260 atmel_start.o
 .debug_macro   0x00009021      0xf4d atmel_start.o
 .debug_macro   0x00009f6e      0x866 atmel_start.o
 .debug_macro   0x0000a7d4      0x8ae atmel_start.o
 .debug_macro   0x0000b082     0x19be atmel_start.o
 .debug_macro   0x0000ca40       0xe7 atmel_start.o
 .debug_macro   0x0000cb27     0x13e6 atmel_start.o
 .debug_macro   0x0000df0d      0x36a atmel_start.o
 .debug_macro   0x0000e277       0x7c atmel_start.o
 .debug_macro   0x0000e2f3       0xac atmel_start.o
 .debug_macro   0x0000e39f       0x4c atmel_start.o
 .debug_macro   0x0000e3eb       0x94 atmel_start.o
 .debug_macro   0x0000e47f       0xdc atmel_start.o
 .debug_macro   0x0000e55b       0xb2 atmel_start.o
 .debug_macro   0x0000e60d       0x64 atmel_start.o
 .debug_macro   0x0000e671      0x5a4 atmel_start.o
 .debug_macro   0x0000ec15      0x19d atmel_start.o
 .debug_macro   0x0000edb2       0x70 atmel_start.o
 .debug_macro   0x0000ee22       0xa0 atmel_start.o
 .debug_macro   0x0000eec2       0xc4 atmel_start.o
 .debug_macro   0x0000ef86       0x28 atmel_start.o
 .debug_macro   0x0000efae       0xa0 atmel_start.o
 .debug_macro   0x0000f04e       0x40 atmel_start.o
 .debug_macro   0x0000f08e       0x7c atmel_start.o
 .debug_macro   0x0000f10a       0x40 atmel_start.o
 .debug_macro   0x0000f14a      0x16c atmel_start.o
 .debug_macro   0x0000f2b6       0x10 atmel_start.o
 .debug_macro   0x0000f2c6       0x34 atmel_start.o
 .debug_macro   0x0000f2fa       0xee atmel_start.o
 .debug_macro   0x0000f3e8      0x12b atmel_start.o
 .debug_macro   0x0000f513      0x12b atmel_start.o
 .debug_macro   0x0000f63e      0x12b atmel_start.o
 .debug_macro   0x0000f769      0x12b atmel_start.o
 .debug_macro   0x0000f894      0x12b atmel_start.o
 .debug_macro   0x0000f9bf      0x12b atmel_start.o
 .debug_macro   0x0000faea       0x5e atmel_start.o
 .debug_macro   0x0000fb48       0xfa atmel_start.o
 .debug_macro   0x0000fc42       0xfa atmel_start.o
 .debug_macro   0x0000fd3c       0xfa atmel_start.o
 .debug_macro   0x0000fe36       0xfa atmel_start.o
 .debug_macro   0x0000ff30       0xfa atmel_start.o
 .debug_macro   0x0001002a      0x124 atmel_start.o
 .debug_macro   0x0001014e       0xfa atmel_start.o
 .debug_macro   0x00010248       0xee atmel_start.o
 .debug_macro   0x00010336       0x2e atmel_start.o
 .debug_macro   0x00010364      0x40f atmel_start.o
 .debug_macro   0x00010773       0x3a atmel_start.o
 .debug_macro   0x000107ad      0x42c atmel_start.o
 .debug_macro   0x00010bd9     0x23fb atmel_start.o
 .debug_macro   0x00012fd4       0x90 atmel_start.o
 .debug_macro   0x00013064       0x10 atmel_start.o
 .debug_macro   0x00013074       0x10 atmel_start.o
 .debug_macro   0x00013084       0x16 atmel_start.o
 .debug_macro   0x0001309a       0x16 atmel_start.o
 .debug_macro   0x000130b0       0x16 atmel_start.o
 .debug_macro   0x000130c6       0x16 atmel_start.o
 .debug_macro   0x000130dc       0x16 atmel_start.o
 .debug_macro   0x000130f2       0x16 atmel_start.o
 .debug_macro   0x00013108       0x16 atmel_start.o
 .debug_macro   0x0001311e       0x16 atmel_start.o
 .debug_macro   0x00013134       0x16 atmel_start.o
 .debug_macro   0x0001314a       0x16 atmel_start.o
 .debug_macro   0x00013160       0x16 atmel_start.o
 .debug_macro   0x00013176       0x16 atmel_start.o
 .debug_macro   0x0001318c       0x16 atmel_start.o
 .debug_macro   0x000131a2       0x16 atmel_start.o
 .debug_macro   0x000131b8       0x16 atmel_start.o
 .debug_macro   0x000131ce       0x16 atmel_start.o
 .debug_macro   0x000131e4       0x16 atmel_start.o
 .debug_macro   0x000131fa       0x16 atmel_start.o
 .debug_macro   0x00013210      0x2e0 atmel_start.o
 .debug_macro   0x000134f0       0x94 atmel_start.o
 .debug_macro   0x00013584       0x16 atmel_start.o
 .debug_macro   0x0001359a       0xbe atmel_start.o
 .debug_macro   0x00013658      0x28c atmel_start.o
 .debug_macro   0x000138e4       0x16 atmel_start.o
 .debug_macro   0x000138fa      0x4d8 atmel_start.o
 .debug_macro   0x00013dd2       0x16 atmel_start.o
 .debug_macro   0x00013de8       0xca atmel_start.o
 .debug_macro   0x00013eb2       0x1c atmel_start.o
 .debug_macro   0x00013ece       0x16 atmel_start.o
 .debug_macro   0x00013ee4       0xcf atmel_start.o
 .debug_macro   0x00013fb3       0x58 atmel_start.o
 .debug_macro   0x0001400b       0x58 atmel_start.o
 .debug_macro   0x00014063      0x360 Device_Startup/startup_saml21.o
 .debug_macro   0x000143c3       0x39 Device_Startup/startup_saml21.o
 .debug_macro   0x000143fc      0x591 driver_init.o
 .debug_macro   0x0001498d       0x10 driver_init.o
 .debug_macro   0x0001499d       0xc9 driver_init.o
 .debug_macro   0x00014a66      0x587 gpio_init.o
 .debug_macro   0x00014fed      0x4f1 hal/src/hal_delay.o
 .debug_macro   0x000154de      0x4ef hal/src/hal_flash.o
 .debug_macro   0x000159cd      0x4c8 hal/utils/src/utils_assert.o
 .debug_macro   0x00015e95       0x10 hal/utils/src/utils_assert.o
 .debug_macro   0x00015ea5      0x1d6 hal/utils/src/utils_syscalls.o
 .debug_macro   0x0001607b       0x52 hal/utils/src/utils_syscalls.o
 .debug_macro   0x000160cd       0x8d hal/utils/src/utils_syscalls.o
 .debug_macro   0x0001615a       0x16 hal/utils/src/utils_syscalls.o
 .debug_macro   0x00016170       0x57 hal/utils/src/utils_syscalls.o
 .debug_macro   0x000161c7       0x97 hal/utils/src/utils_syscalls.o
 .debug_macro   0x0001625e      0x353 hal/utils/src/utils_syscalls.o
 .debug_macro   0x000165b1       0xf6 hal/utils/src/utils_syscalls.o
 .debug_macro   0x000166a7       0x10 hal/utils/src/utils_syscalls.o
 .debug_macro   0x000166b7       0x10 hal/utils/src/utils_syscalls.o
 .debug_macro   0x000166c7       0x1c hal/utils/src/utils_syscalls.o
 .debug_macro   0x000166e3       0x52 hal/utils/src/utils_syscalls.o
 .debug_macro   0x00016735       0x40 hal/utils/src/utils_syscalls.o
 .debug_macro   0x00016775       0x10 hal/utils/src/utils_syscalls.o
 .debug_macro   0x00016785       0x40 hal/utils/src/utils_syscalls.o
 .debug_macro   0x000167c5       0xd7 hal/utils/src/utils_syscalls.o
 .debug_macro   0x0001689c       0x16 hal/utils/src/utils_syscalls.o
 .debug_macro   0x000168b2      0x18b hal/utils/src/utils_syscalls.o
 .debug_macro   0x00016a3d       0x4c hal/utils/src/utils_syscalls.o
 .debug_macro   0x00016a89       0x16 hal/utils/src/utils_syscalls.o
 .debug_macro   0x00016a9f       0x10 hal/utils/src/utils_syscalls.o
 .debug_macro   0x00016aaf       0x10 hal/utils/src/utils_syscalls.o
 .debug_macro   0x00016abf       0x35 hal/utils/src/utils_syscalls.o
 .debug_macro   0x00016af4      0x122 hal/utils/src/utils_syscalls.o
 .debug_macro   0x00016c16      0x519 hpl/core/hpl_core_m0plus_base.o
 .debug_macro   0x0001712f      0x53d hpl/core/hpl_init.o
 .debug_macro   0x0001766c       0x28 hpl/core/hpl_init.o
 .debug_macro   0x00017694      0x772 hpl/core/hpl_init.o
 .debug_macro   0x00017e06      0x4d5 hpl/gclk/hpl_gclk.o
 .debug_macro   0x000182db      0x1f4 hpl/gclk/hpl_gclk.o
 .debug_macro   0x000184cf      0x4d1 hpl/mclk/hpl_mclk.o
 .debug_macro   0x000189a0      0x61b hpl/nvmctrl/hpl_nvmctrl.o
 .debug_macro   0x00018fbb       0x1c hpl/nvmctrl/hpl_nvmctrl.o
 .debug_macro   0x00018fd7      0x4cc hpl/osc32kctrl/hpl_osc32kctrl.o
 .debug_macro   0x000194a3       0xa4 hpl/osc32kctrl/hpl_osc32kctrl.o
 .debug_macro   0x00019547      0x4cc hpl/oscctrl/hpl_oscctrl.o
 .debug_macro   0x00019a13      0x18c hpl/oscctrl/hpl_oscctrl.o
 .debug_macro   0x00019b9f      0x4d7 hpl/pm/hpl_pm.o
 .debug_macro   0x0001a076      0x4cc hpl/systick/hpl_systick.o
 .debug_macro   0x0001a542       0x10 hpl/systick/hpl_systick.o
 .debug_macro   0x0001a552      0x7eb main.o
 .debug_macro   0x0001ad3d       0x16 main.o
 .debug_macro   0x0001ad53       0x16 main.o
 .debug_macro   0x0001ad69       0x29 main.o
 .debug_macro   0x0001ad92       0x10 main.o
 .debug_macro   0x0001ada2      0x142 main.o
 .debug_macro   0x0001aee4      0x107 main.o
 .debug_macro   0x0001afeb       0x16 main.o
 .debug_macro   0x0001b001       0x26 main.o
 .debug_macro   0x0001b027       0x2e main.o
 .debug_macro   0x0001b055       0x3e main.o
 .debug_macro   0x0001b093       0x5f main.o
 .debug_macro   0x0001b0f2       0x16 main.o
 .debug_macro   0x0001b108       0x66 main.o
 .debug_macro   0x0001b16e      0x111 main.o
 .debug_macro   0x0001b27f       0x66 main.o
 .debug_macro   0x0001b2e5      0x2b1 wolfcrypt/src/aes.o
 .debug_macro   0x0001b596       0x10 wolfcrypt/src/aes.o
 .debug_macro   0x0001b5a6       0x11 wolfcrypt/src/aes.o
 .debug_macro   0x0001b5b7       0x50 wolfcrypt/src/aes.o
 .debug_macro   0x0001b607       0x1f wolfcrypt/src/aes.o

.debug_line     0x00000000     0xd17f
 .debug_line    0x00000000      0xb41 atmel_start.o
 .debug_line    0x00000b41      0x755 Device_Startup/startup_saml21.o
 .debug_line    0x00001296      0xbe3 driver_init.o
 .debug_line    0x00001e79      0xbb0 gpio_init.o
 .debug_line    0x00002a29      0xa7b hal/src/hal_delay.o
 .debug_line    0x000034a4      0xcb2 hal/src/hal_flash.o
 .debug_line    0x00004156      0xa14 hal/utils/src/utils_assert.o
 .debug_line    0x00004b6a      0x409 hal/utils/src/utils_syscalls.o
 .debug_line    0x00004f73      0xbcf hpl/core/hpl_core_m0plus_base.o
 .debug_line    0x00005b42      0xb0c hpl/core/hpl_init.o
 .debug_line    0x0000664e      0xa76 hpl/gclk/hpl_gclk.o
 .debug_line    0x000070c4      0xa50 hpl/mclk/hpl_mclk.o
 .debug_line    0x00007b14     0x13a0 hpl/nvmctrl/hpl_nvmctrl.o
 .debug_line    0x00008eb4      0xa63 hpl/osc32kctrl/hpl_osc32kctrl.o
 .debug_line    0x00009917      0xa83 hpl/oscctrl/hpl_oscctrl.o
 .debug_line    0x0000a39a      0xa90 hpl/pm/hpl_pm.o
 .debug_line    0x0000ae2a      0xaa3 hpl/systick/hpl_systick.o
 .debug_line    0x0000b8cd      0xe31 main.o
 .debug_line    0x0000c6fe      0xa81 wolfcrypt/src/aes.o

.debug_str      0x00000000    0x8e739
 .debug_str     0x00000000    0x82727 atmel_start.o
                              0x82bfc (size before relaxing)
 .debug_str     0x00082727      0x535 Device_Startup/startup_saml21.o
                              0x7a500 (size before relaxing)
 .debug_str     0x00082c5c      0xbe9 driver_init.o
                              0x837d5 (size before relaxing)
 .debug_str     0x00083845       0x1a gpio_init.o
                              0x83043 (size before relaxing)
 .debug_str     0x0008385f       0xad hal/src/hal_delay.o
                              0x81e98 (size before relaxing)
 .debug_str     0x0008390c      0x1a8 hal/src/hal_flash.o
                              0x82666 (size before relaxing)
 .debug_str     0x00083ab4       0x2a hal/utils/src/utils_assert.o
                              0x81e3e (size before relaxing)
 .debug_str     0x00083ade     0x450e hal/utils/src/utils_syscalls.o
                               0x7350 (size before relaxing)
 .debug_str     0x00087fec      0x30a hpl/core/hpl_core_m0plus_base.o
                              0x8275c (size before relaxing)
 .debug_str     0x000882f6     0x19b7 hpl/core/hpl_init.o
                              0x84275 (size before relaxing)
 .debug_str     0x00089cad      0x8f1 hpl/gclk/hpl_gclk.o
                              0x82773 (size before relaxing)
 .debug_str     0x0008a59e       0xa5 hpl/mclk/hpl_mclk.o
                              0x8223c (size before relaxing)
 .debug_str     0x0008a643      0x91e hpl/nvmctrl/hpl_nvmctrl.o
                              0x85e6e (size before relaxing)
 .debug_str     0x0008af61      0x489 hpl/osc32kctrl/hpl_osc32kctrl.o
                              0x82295 (size before relaxing)
 .debug_str     0x0008b3ea      0x8fc hpl/oscctrl/hpl_oscctrl.o
                              0x82778 (size before relaxing)
 .debug_str     0x0008bce6      0x367 hpl/pm/hpl_pm.o
                              0x821f6 (size before relaxing)
 .debug_str     0x0008c04d       0xcd hpl/systick/hpl_systick.o
                              0x81e86 (size before relaxing)
 .debug_str     0x0008c11a     0x196e main.o
                              0x8805f (size before relaxing)
 .debug_str     0x0008da88      0xcb1 wolfcrypt/src/aes.o
                               0x8b0a (size before relaxing)

.debug_frame    0x00000000      0xce4
 .debug_frame   0x00000000       0x28 atmel_start.o
 .debug_frame   0x00000028       0x38 Device_Startup/startup_saml21.o
 .debug_frame   0x00000060       0x68 driver_init.o
 .debug_frame   0x000000c8       0x34 gpio_init.o
 .debug_frame   0x000000fc       0x68 hal/src/hal_delay.o
 .debug_frame   0x00000164      0x1c0 hal/src/hal_flash.o
 .debug_frame   0x00000324       0x20 hal/utils/src/utils_assert.o
 .debug_frame   0x00000344       0xa8 hal/utils/src/utils_syscalls.o
 .debug_frame   0x000003ec       0xd4 hpl/core/hpl_core_m0plus_base.o
 .debug_frame   0x000004c0       0x28 hpl/core/hpl_init.o
 .debug_frame   0x000004e8       0x30 hpl/gclk/hpl_gclk.o
 .debug_frame   0x00000518       0x20 hpl/mclk/hpl_mclk.o
 .debug_frame   0x00000538      0x280 hpl/nvmctrl/hpl_nvmctrl.o
 .debug_frame   0x000007b8       0x20 hpl/osc32kctrl/hpl_osc32kctrl.o
 .debug_frame   0x000007d8       0x30 hpl/oscctrl/hpl_oscctrl.o
 .debug_frame   0x00000808       0x40 hpl/pm/hpl_pm.o
 .debug_frame   0x00000848       0x7c hpl/systick/hpl_systick.o
 .debug_frame   0x000008c4       0x54 main.o
 .debug_frame   0x00000918       0xdc wolfcrypt/src/aes.o
 .debug_frame   0x000009f4       0x2c c:/program files (x86)/atmel/studio/7.0/toolchain/arm/arm-gnu-toolchain/bin/../lib/gcc/arm-none-eabi/6.3.1/../../../../arm-none-eabi/lib/thumb/v6-m\libc_nano.a(lib_a-init.o)
 .debug_frame   0x00000a20       0x40 c:/program files (x86)/atmel/studio/7.0/toolchain/arm/arm-gnu-toolchain/bin/../lib/gcc/arm-none-eabi/6.3.1/../../../../arm-none-eabi/lib/thumb/v6-m\libc_nano.a(lib_a-malloc.o)
 .debug_frame   0x00000a60       0x28 c:/program files (x86)/atmel/studio/7.0/toolchain/arm/arm-gnu-toolchain/bin/../lib/gcc/arm-none-eabi/6.3.1/../../../../arm-none-eabi/lib/thumb/v6-m\libc_nano.a(lib_a-memcpy-stub.o)
 .debug_frame   0x00000a88       0x20 c:/program files (x86)/atmel/studio/7.0/toolchain/arm/arm-gnu-toolchain/bin/../lib/gcc/arm-none-eabi/6.3.1/../../../../arm-none-eabi/lib/thumb/v6-m\libc_nano.a(lib_a-memset.o)
 .debug_frame   0x00000aa8       0x2c c:/program files (x86)/atmel/studio/7.0/toolchain/arm/arm-gnu-toolchain/bin/../lib/gcc/arm-none-eabi/6.3.1/../../../../arm-none-eabi/lib/thumb/v6-m\libc_nano.a(lib_a-nano-freer.o)
 .debug_frame   0x00000ad4       0x2c c:/program files (x86)/atmel/studio/7.0/toolchain/arm/arm-gnu-toolchain/bin/../lib/gcc/arm-none-eabi/6.3.1/../../../../arm-none-eabi/lib/thumb/v6-m\libc_nano.a(lib_a-nano-mallocr.o)
 .debug_frame   0x00000b00       0x2c c:/program files (x86)/atmel/studio/7.0/toolchain/arm/arm-gnu-toolchain/bin/../lib/gcc/arm-none-eabi/6.3.1/../../../../arm-none-eabi/lib/thumb/v6-m\libc_nano.a(lib_a-sbrkr.o)
 .debug_frame   0x00000b2c      0x140 c:/program files (x86)/atmel/studio/7.0/toolchain/arm/arm-gnu-toolchain/bin/../lib/gcc/arm-none-eabi/6.3.1/../../../../arm-none-eabi/lib/thumb/v6-m\libc_nano.a(lib_a-findfp.o)
 .debug_frame   0x00000c6c       0x30 c:/program files (x86)/atmel/studio/7.0/toolchain/arm/arm-gnu-toolchain/bin/../lib/gcc/arm-none-eabi/6.3.1/../../../../arm-none-eabi/lib/thumb/v6-m\libc_nano.a(lib_a-mlock.o)
 .debug_frame   0x00000c9c       0x48 c:/program files (x86)/atmel/studio/7.0/toolchain/arm/arm-gnu-toolchain/bin/../lib/gcc/arm-none-eabi/6.3.1/../../../../arm-none-eabi/lib/thumb/v6-m\libc_nano.a(lib_a-reent.o)
